<!doctype html public "-//w3c//dtd html 4.0 transitional//en">
<html><head>
<title>Static Call Graph - [..\OBJ\PWM.axf]</title></head>
<body><HR>
<H1>Static Call Graph for image ..\OBJ\PWM.axf</H1><HR>
<BR><P>#&#060CALLGRAPH&#062# ARM Linker, 5050106: Last Updated: Tue Aug 15 18:11:09 2017
<BR><P>
<H3>Maximum Stack Usage =        344 bytes + Unknown(Functions without stacksize, Cycles, Untraceable Function Pointers)</H3><H3>
Call chain for Maximum Stack Depth:</H3>
__rt_entry_main &rArr; main &rArr; section_4 &rArr; Plot_up &rArr; mpu_dmp_get_data &rArr; dmp_read_fifo &rArr; mpu_read_fifo_stream &rArr; mpu_reset_fifo &rArr; MPU_Write_Len &rArr; MPU_IIC_Send_Byte &rArr; MPU_IIC_Delay
<P>
<H3>
Functions with no stack information
</H3><UL>
 <LI><a href="#[1b6]">__user_initial_stackheap</a>
</UL>
</UL>
<P>
<H3>
Mutually Recursive functions
</H3> <LI><a href="#[21]">ADC1_2_IRQHandler</a>&nbsp;&nbsp;&nbsp;&rArr;&nbsp;&nbsp;&nbsp;<a href="#[21]">ADC1_2_IRQHandler</a><BR>
</UL>
<P>
<H3>
Function Pointers
</H3><UL>
 <LI><a href="#[21]">ADC1_2_IRQHandler</a> from startup_stm32f10x_hd.o(.text) referenced from startup_stm32f10x_hd.o(RESET)
 <LI><a href="#[3e]">ADC3_IRQHandler</a> from startup_stm32f10x_hd.o(.text) referenced from startup_stm32f10x_hd.o(RESET)
 <LI><a href="#[9]">BusFault_Handler</a> from stm32f10x_it.o(.text) referenced from startup_stm32f10x_hd.o(RESET)
 <LI><a href="#[24]">CAN1_RX1_IRQHandler</a> from startup_stm32f10x_hd.o(.text) referenced from startup_stm32f10x_hd.o(RESET)
 <LI><a href="#[25]">CAN1_SCE_IRQHandler</a> from startup_stm32f10x_hd.o(.text) referenced from startup_stm32f10x_hd.o(RESET)
 <LI><a href="#[1a]">DMA1_Channel1_IRQHandler</a> from startup_stm32f10x_hd.o(.text) referenced from startup_stm32f10x_hd.o(RESET)
 <LI><a href="#[1b]">DMA1_Channel2_IRQHandler</a> from startup_stm32f10x_hd.o(.text) referenced from startup_stm32f10x_hd.o(RESET)
 <LI><a href="#[1c]">DMA1_Channel3_IRQHandler</a> from startup_stm32f10x_hd.o(.text) referenced from startup_stm32f10x_hd.o(RESET)
 <LI><a href="#[1d]">DMA1_Channel4_IRQHandler</a> from startup_stm32f10x_hd.o(.text) referenced from startup_stm32f10x_hd.o(RESET)
 <LI><a href="#[1e]">DMA1_Channel5_IRQHandler</a> from startup_stm32f10x_hd.o(.text) referenced from startup_stm32f10x_hd.o(RESET)
 <LI><a href="#[1f]">DMA1_Channel6_IRQHandler</a> from startup_stm32f10x_hd.o(.text) referenced from startup_stm32f10x_hd.o(RESET)
 <LI><a href="#[20]">DMA1_Channel7_IRQHandler</a> from startup_stm32f10x_hd.o(.text) referenced from startup_stm32f10x_hd.o(RESET)
 <LI><a href="#[47]">DMA2_Channel1_IRQHandler</a> from startup_stm32f10x_hd.o(.text) referenced from startup_stm32f10x_hd.o(RESET)
 <LI><a href="#[48]">DMA2_Channel2_IRQHandler</a> from startup_stm32f10x_hd.o(.text) referenced from startup_stm32f10x_hd.o(RESET)
 <LI><a href="#[49]">DMA2_Channel3_IRQHandler</a> from startup_stm32f10x_hd.o(.text) referenced from startup_stm32f10x_hd.o(RESET)
 <LI><a href="#[4a]">DMA2_Channel4_5_IRQHandler</a> from startup_stm32f10x_hd.o(.text) referenced from startup_stm32f10x_hd.o(RESET)
 <LI><a href="#[c]">DebugMon_Handler</a> from stm32f10x_it.o(.text) referenced from startup_stm32f10x_hd.o(RESET)
 <LI><a href="#[15]">EXTI0_IRQHandler</a> from exti.o(.text) referenced from startup_stm32f10x_hd.o(RESET)
 <LI><a href="#[37]">EXTI15_10_IRQHandler</a> from startup_stm32f10x_hd.o(.text) referenced from startup_stm32f10x_hd.o(RESET)
 <LI><a href="#[16]">EXTI1_IRQHandler</a> from startup_stm32f10x_hd.o(.text) referenced from startup_stm32f10x_hd.o(RESET)
 <LI><a href="#[17]">EXTI2_IRQHandler</a> from exti.o(.text) referenced from startup_stm32f10x_hd.o(RESET)
 <LI><a href="#[18]">EXTI3_IRQHandler</a> from exti.o(.text) referenced from startup_stm32f10x_hd.o(RESET)
 <LI><a href="#[19]">EXTI4_IRQHandler</a> from exti.o(.text) referenced from startup_stm32f10x_hd.o(RESET)
 <LI><a href="#[26]">EXTI9_5_IRQHandler</a> from startup_stm32f10x_hd.o(.text) referenced from startup_stm32f10x_hd.o(RESET)
 <LI><a href="#[13]">FLASH_IRQHandler</a> from startup_stm32f10x_hd.o(.text) referenced from startup_stm32f10x_hd.o(RESET)
 <LI><a href="#[3f]">FSMC_IRQHandler</a> from startup_stm32f10x_hd.o(.text) referenced from startup_stm32f10x_hd.o(RESET)
 <LI><a href="#[7]">HardFault_Handler</a> from stm32f10x_it.o(.text) referenced from startup_stm32f10x_hd.o(RESET)
 <LI><a href="#[2f]">I2C1_ER_IRQHandler</a> from startup_stm32f10x_hd.o(.text) referenced from startup_stm32f10x_hd.o(RESET)
 <LI><a href="#[2e]">I2C1_EV_IRQHandler</a> from startup_stm32f10x_hd.o(.text) referenced from startup_stm32f10x_hd.o(RESET)
 <LI><a href="#[31]">I2C2_ER_IRQHandler</a> from startup_stm32f10x_hd.o(.text) referenced from startup_stm32f10x_hd.o(RESET)
 <LI><a href="#[30]">I2C2_EV_IRQHandler</a> from startup_stm32f10x_hd.o(.text) referenced from startup_stm32f10x_hd.o(RESET)
 <LI><a href="#[8]">MemManage_Handler</a> from stm32f10x_it.o(.text) referenced from startup_stm32f10x_hd.o(RESET)
 <LI><a href="#[6]">NMI_Handler</a> from stm32f10x_it.o(.text) referenced from startup_stm32f10x_hd.o(RESET)
 <LI><a href="#[10]">PVD_IRQHandler</a> from startup_stm32f10x_hd.o(.text) referenced from startup_stm32f10x_hd.o(RESET)
 <LI><a href="#[d]">PendSV_Handler</a> from stm32f10x_it.o(.text) referenced from startup_stm32f10x_hd.o(RESET)
 <LI><a href="#[14]">RCC_IRQHandler</a> from startup_stm32f10x_hd.o(.text) referenced from startup_stm32f10x_hd.o(RESET)
 <LI><a href="#[38]">RTCAlarm_IRQHandler</a> from startup_stm32f10x_hd.o(.text) referenced from startup_stm32f10x_hd.o(RESET)
 <LI><a href="#[12]">RTC_IRQHandler</a> from startup_stm32f10x_hd.o(.text) referenced from startup_stm32f10x_hd.o(RESET)
 <LI><a href="#[5]">Reset_Handler</a> from startup_stm32f10x_hd.o(.text) referenced from startup_stm32f10x_hd.o(RESET)
 <LI><a href="#[40]">SDIO_IRQHandler</a> from startup_stm32f10x_hd.o(.text) referenced from startup_stm32f10x_hd.o(RESET)
 <LI><a href="#[32]">SPI1_IRQHandler</a> from startup_stm32f10x_hd.o(.text) referenced from startup_stm32f10x_hd.o(RESET)
 <LI><a href="#[33]">SPI2_IRQHandler</a> from startup_stm32f10x_hd.o(.text) referenced from startup_stm32f10x_hd.o(RESET)
 <LI><a href="#[42]">SPI3_IRQHandler</a> from startup_stm32f10x_hd.o(.text) referenced from startup_stm32f10x_hd.o(RESET)
 <LI><a href="#[b]">SVC_Handler</a> from stm32f10x_it.o(.text) referenced from startup_stm32f10x_hd.o(RESET)
 <LI><a href="#[e]">SysTick_Handler</a> from stm32f10x_it.o(.text) referenced from startup_stm32f10x_hd.o(RESET)
 <LI><a href="#[4b]">SystemInit</a> from system_stm32f10x.o(.text) referenced from startup_stm32f10x_hd.o(.text)
 <LI><a href="#[11]">TAMPER_IRQHandler</a> from startup_stm32f10x_hd.o(.text) referenced from startup_stm32f10x_hd.o(RESET)
 <LI><a href="#[27]">TIM1_BRK_IRQHandler</a> from startup_stm32f10x_hd.o(.text) referenced from startup_stm32f10x_hd.o(RESET)
 <LI><a href="#[2a]">TIM1_CC_IRQHandler</a> from startup_stm32f10x_hd.o(.text) referenced from startup_stm32f10x_hd.o(RESET)
 <LI><a href="#[29]">TIM1_TRG_COM_IRQHandler</a> from startup_stm32f10x_hd.o(.text) referenced from startup_stm32f10x_hd.o(RESET)
 <LI><a href="#[28]">TIM1_UP_IRQHandler</a> from startup_stm32f10x_hd.o(.text) referenced from startup_stm32f10x_hd.o(RESET)
 <LI><a href="#[2b]">TIM2_IRQHandler</a> from timer.o(.text) referenced from startup_stm32f10x_hd.o(RESET)
 <LI><a href="#[2c]">TIM3_IRQHandler</a> from timer.o(.text) referenced from startup_stm32f10x_hd.o(RESET)
 <LI><a href="#[2d]">TIM4_IRQHandler</a> from startup_stm32f10x_hd.o(.text) referenced from startup_stm32f10x_hd.o(RESET)
 <LI><a href="#[41]">TIM5_IRQHandler</a> from timer.o(.text) referenced from startup_stm32f10x_hd.o(RESET)
 <LI><a href="#[45]">TIM6_IRQHandler</a> from startup_stm32f10x_hd.o(.text) referenced from startup_stm32f10x_hd.o(RESET)
 <LI><a href="#[46]">TIM7_IRQHandler</a> from startup_stm32f10x_hd.o(.text) referenced from startup_stm32f10x_hd.o(RESET)
 <LI><a href="#[3a]">TIM8_BRK_IRQHandler</a> from startup_stm32f10x_hd.o(.text) referenced from startup_stm32f10x_hd.o(RESET)
 <LI><a href="#[3d]">TIM8_CC_IRQHandler</a> from startup_stm32f10x_hd.o(.text) referenced from startup_stm32f10x_hd.o(RESET)
 <LI><a href="#[3c]">TIM8_TRG_COM_IRQHandler</a> from startup_stm32f10x_hd.o(.text) referenced from startup_stm32f10x_hd.o(RESET)
 <LI><a href="#[3b]">TIM8_UP_IRQHandler</a> from startup_stm32f10x_hd.o(.text) referenced from startup_stm32f10x_hd.o(RESET)
 <LI><a href="#[43]">UART4_IRQHandler</a> from startup_stm32f10x_hd.o(.text) referenced from startup_stm32f10x_hd.o(RESET)
 <LI><a href="#[44]">UART5_IRQHandler</a> from startup_stm32f10x_hd.o(.text) referenced from startup_stm32f10x_hd.o(RESET)
 <LI><a href="#[34]">USART1_IRQHandler</a> from usart.o(.text) referenced from startup_stm32f10x_hd.o(RESET)
 <LI><a href="#[35]">USART2_IRQHandler</a> from usart2.o(.text) referenced from startup_stm32f10x_hd.o(RESET)
 <LI><a href="#[36]">USART3_IRQHandler</a> from startup_stm32f10x_hd.o(.text) referenced from startup_stm32f10x_hd.o(RESET)
 <LI><a href="#[39]">USBWakeUp_IRQHandler</a> from startup_stm32f10x_hd.o(.text) referenced from startup_stm32f10x_hd.o(RESET)
 <LI><a href="#[22]">USB_HP_CAN1_TX_IRQHandler</a> from startup_stm32f10x_hd.o(.text) referenced from startup_stm32f10x_hd.o(RESET)
 <LI><a href="#[23]">USB_LP_CAN1_RX0_IRQHandler</a> from startup_stm32f10x_hd.o(.text) referenced from startup_stm32f10x_hd.o(RESET)
 <LI><a href="#[a]">UsageFault_Handler</a> from stm32f10x_it.o(.text) referenced from startup_stm32f10x_hd.o(RESET)
 <LI><a href="#[f]">WWDG_IRQHandler</a> from startup_stm32f10x_hd.o(.text) referenced from startup_stm32f10x_hd.o(RESET)
 <LI><a href="#[4f]">__main</a> from __main.o(!!!main) referenced from startup_stm32f10x_hd.o(.text)
 <LI><a href="#[4e]">_printf_input_char</a> from _printf_char_common.o(.text) referenced from _printf_char_common.o(.text)
 <LI><a href="#[4d]">fputc</a> from usart.o(.text) referenced from _printf_char_file.o(.text)
</UL>
<P>
<H3>
Global Symbols
</H3>
<P><STRONG><a name="[4f]"></a>__main</STRONG> (Thumb, 8 bytes, Stack size 0 bytes, __main.o(!!!main))
<BR><BR>[Calls]<UL><LI><a href="#[51]">&gt;&gt;</a>&nbsp;&nbsp;&nbsp;__rt_entry
<LI><a href="#[50]">&gt;&gt;</a>&nbsp;&nbsp;&nbsp;__scatterload
</UL>

<P><STRONG><a name="[50]"></a>__scatterload</STRONG> (Thumb, 0 bytes, Stack size unknown bytes, __scatter.o(!!!scatter))
<BR><BR>[Called By]<UL><LI><a href="#[4f]">&gt;&gt;</a>&nbsp;&nbsp;&nbsp;__main
</UL>

<P><STRONG><a name="[52]"></a>__scatterload_rt2</STRONG> (Thumb, 44 bytes, Stack size unknown bytes, __scatter.o(!!!scatter), UNUSED)
<BR><BR>[Calls]<UL><LI><a href="#[51]">&gt;&gt;</a>&nbsp;&nbsp;&nbsp;__rt_entry
</UL>

<P><STRONG><a name="[1e6]"></a>__scatterload_rt2_thumb_only</STRONG> (Thumb, 0 bytes, Stack size unknown bytes, __scatter.o(!!!scatter), UNUSED)

<P><STRONG><a name="[1e7]"></a>__scatterload_null</STRONG> (Thumb, 0 bytes, Stack size unknown bytes, __scatter.o(!!!scatter), UNUSED)

<P><STRONG><a name="[1e8]"></a>__decompress</STRONG> (Thumb, 90 bytes, Stack size unknown bytes, __dczerorl2.o(!!dczerorl2), UNUSED)

<P><STRONG><a name="[1e9]"></a>__decompress1</STRONG> (Thumb, 0 bytes, Stack size unknown bytes, __dczerorl2.o(!!dczerorl2), UNUSED)

<P><STRONG><a name="[1ea]"></a>__scatterload_zeroinit</STRONG> (Thumb, 28 bytes, Stack size unknown bytes, __scatter_zi.o(!!handler_zi), UNUSED)

<P><STRONG><a name="[53]"></a>_printf_f</STRONG> (Thumb, 0 bytes, Stack size unknown bytes, _printf_f.o(.ARM.Collect$$_printf_percent$$00000003))
<BR><BR>[Stack]<UL><LI>Max Depth = 320 + Unknown Stack Size
<LI>Call Chain = _printf_f &rArr; _printf_fp_dec &rArr; _printf_fp_dec_real &rArr; _fp_digits &rArr; _btod_etento &rArr; _btod_emul &rArr; _e2e
</UL>
<BR>[Calls]<UL><LI><a href="#[54]">&gt;&gt;</a>&nbsp;&nbsp;&nbsp;_printf_fp_dec
</UL>

<P><STRONG><a name="[1a1]"></a>_printf_percent</STRONG> (Thumb, 0 bytes, Stack size unknown bytes, _printf_percent.o(.ARM.Collect$$_printf_percent$$00000000))
<BR><BR>[Called By]<UL><LI><a href="#[19f]">&gt;&gt;</a>&nbsp;&nbsp;&nbsp;__printf
</UL>

<P><STRONG><a name="[55]"></a>_printf_d</STRONG> (Thumb, 0 bytes, Stack size unknown bytes, _printf_d.o(.ARM.Collect$$_printf_percent$$00000009))
<BR><BR>[Stack]<UL><LI>Max Depth = 72 + Unknown Stack Size
<LI>Call Chain = _printf_d &rArr; _printf_int_dec &rArr; _printf_int_common &rArr; _printf_post_padding
</UL>
<BR>[Calls]<UL><LI><a href="#[56]">&gt;&gt;</a>&nbsp;&nbsp;&nbsp;_printf_int_dec
</UL>

<P><STRONG><a name="[57]"></a>_printf_x</STRONG> (Thumb, 0 bytes, Stack size unknown bytes, _printf_x.o(.ARM.Collect$$_printf_percent$$0000000C))
<BR><BR>[Stack]<UL><LI>Max Depth = 64 + Unknown Stack Size
<LI>Call Chain = _printf_x &rArr; _printf_int_hex &rArr; _printf_int_common &rArr; _printf_post_padding
</UL>
<BR>[Calls]<UL><LI><a href="#[58]">&gt;&gt;</a>&nbsp;&nbsp;&nbsp;_printf_int_hex
</UL>

<P><STRONG><a name="[1eb]"></a>_printf_percent_end</STRONG> (Thumb, 0 bytes, Stack size unknown bytes, _printf_percent_end.o(.ARM.Collect$$_printf_percent$$00000017))

<P><STRONG><a name="[60]"></a>__rt_lib_init</STRONG> (Thumb, 0 bytes, Stack size unknown bytes, libinit.o(.ARM.Collect$$libinit$$00000000))
<BR><BR>[Called By]<UL><LI><a href="#[5f]">&gt;&gt;</a>&nbsp;&nbsp;&nbsp;__rt_entry_li
</UL>

<P><STRONG><a name="[1ec]"></a>__rt_lib_init_fp_1</STRONG> (Thumb, 0 bytes, Stack size unknown bytes, libinit2.o(.ARM.Collect$$libinit$$00000002))

<P><STRONG><a name="[1ed]"></a>__rt_lib_init_heap_1</STRONG> (Thumb, 0 bytes, Stack size unknown bytes, libinit2.o(.ARM.Collect$$libinit$$0000000A))

<P><STRONG><a name="[59]"></a>__rt_lib_init_lc_common</STRONG> (Thumb, 0 bytes, Stack size unknown bytes, libinit2.o(.ARM.Collect$$libinit$$0000000F))
<BR><BR>[Calls]<UL><LI><a href="#[5a]">&gt;&gt;</a>&nbsp;&nbsp;&nbsp;__rt_locale
</UL>

<P><STRONG><a name="[1ee]"></a>__rt_lib_init_preinit_1</STRONG> (Thumb, 0 bytes, Stack size unknown bytes, libinit2.o(.ARM.Collect$$libinit$$00000004))

<P><STRONG><a name="[1ef]"></a>__rt_lib_init_rand_1</STRONG> (Thumb, 0 bytes, Stack size unknown bytes, libinit2.o(.ARM.Collect$$libinit$$0000000E))

<P><STRONG><a name="[1f0]"></a>__rt_lib_init_user_alloc_1</STRONG> (Thumb, 0 bytes, Stack size unknown bytes, libinit2.o(.ARM.Collect$$libinit$$0000000C))

<P><STRONG><a name="[1f1]"></a>__rt_lib_init_lc_collate_1</STRONG> (Thumb, 0 bytes, Stack size unknown bytes, libinit2.o(.ARM.Collect$$libinit$$00000011))

<P><STRONG><a name="[1f2]"></a>__rt_lib_init_lc_ctype_1</STRONG> (Thumb, 0 bytes, Stack size unknown bytes, libinit2.o(.ARM.Collect$$libinit$$00000013))

<P><STRONG><a name="[1f3]"></a>__rt_lib_init_lc_monetary_1</STRONG> (Thumb, 0 bytes, Stack size unknown bytes, libinit2.o(.ARM.Collect$$libinit$$00000015))

<P><STRONG><a name="[5b]"></a>__rt_lib_init_lc_numeric_2</STRONG> (Thumb, 0 bytes, Stack size unknown bytes, libinit2.o(.ARM.Collect$$libinit$$00000016))
<BR><BR>[Stack]<UL><LI>Max Depth = 8 + Unknown Stack Size
<LI>Call Chain = __rt_lib_init_lc_numeric_2 &rArr; _get_lc_numeric
</UL>
<BR>[Calls]<UL><LI><a href="#[5c]">&gt;&gt;</a>&nbsp;&nbsp;&nbsp;_get_lc_numeric
</UL>

<P><STRONG><a name="[1f4]"></a>__rt_lib_init_alloca_1</STRONG> (Thumb, 0 bytes, Stack size unknown bytes, libinit2.o(.ARM.Collect$$libinit$$0000002E))

<P><STRONG><a name="[1f5]"></a>__rt_lib_init_argv_1</STRONG> (Thumb, 0 bytes, Stack size unknown bytes, libinit2.o(.ARM.Collect$$libinit$$0000002C))

<P><STRONG><a name="[1f6]"></a>__rt_lib_init_atexit_1</STRONG> (Thumb, 0 bytes, Stack size unknown bytes, libinit2.o(.ARM.Collect$$libinit$$0000001B))

<P><STRONG><a name="[1f7]"></a>__rt_lib_init_clock_1</STRONG> (Thumb, 0 bytes, Stack size unknown bytes, libinit2.o(.ARM.Collect$$libinit$$00000021))

<P><STRONG><a name="[1f8]"></a>__rt_lib_init_cpp_1</STRONG> (Thumb, 0 bytes, Stack size unknown bytes, libinit2.o(.ARM.Collect$$libinit$$00000032))

<P><STRONG><a name="[1f9]"></a>__rt_lib_init_exceptions_1</STRONG> (Thumb, 0 bytes, Stack size unknown bytes, libinit2.o(.ARM.Collect$$libinit$$00000030))

<P><STRONG><a name="[1fa]"></a>__rt_lib_init_fp_trap_1</STRONG> (Thumb, 0 bytes, Stack size unknown bytes, libinit2.o(.ARM.Collect$$libinit$$0000001F))

<P><STRONG><a name="[1fb]"></a>__rt_lib_init_getenv_1</STRONG> (Thumb, 0 bytes, Stack size unknown bytes, libinit2.o(.ARM.Collect$$libinit$$00000023))

<P><STRONG><a name="[1fc]"></a>__rt_lib_init_lc_numeric_1</STRONG> (Thumb, 0 bytes, Stack size unknown bytes, libinit2.o(.ARM.Collect$$libinit$$00000017))

<P><STRONG><a name="[1fd]"></a>__rt_lib_init_lc_time_1</STRONG> (Thumb, 0 bytes, Stack size unknown bytes, libinit2.o(.ARM.Collect$$libinit$$00000019))

<P><STRONG><a name="[1fe]"></a>__rt_lib_init_return</STRONG> (Thumb, 0 bytes, Stack size unknown bytes, libinit2.o(.ARM.Collect$$libinit$$00000033))

<P><STRONG><a name="[1ff]"></a>__rt_lib_init_signal_1</STRONG> (Thumb, 0 bytes, Stack size unknown bytes, libinit2.o(.ARM.Collect$$libinit$$0000001D))

<P><STRONG><a name="[200]"></a>__rt_lib_init_stdio_1</STRONG> (Thumb, 0 bytes, Stack size unknown bytes, libinit2.o(.ARM.Collect$$libinit$$00000025))

<P><STRONG><a name="[65]"></a>__rt_lib_shutdown</STRONG> (Thumb, 0 bytes, Stack size unknown bytes, libshutdown.o(.ARM.Collect$$libshutdown$$00000000))
<BR><BR>[Called By]<UL><LI><a href="#[64]">&gt;&gt;</a>&nbsp;&nbsp;&nbsp;__rt_exit_ls
</UL>

<P><STRONG><a name="[201]"></a>__rt_lib_shutdown_fp_trap_1</STRONG> (Thumb, 0 bytes, Stack size unknown bytes, libshutdown2.o(.ARM.Collect$$libshutdown$$00000006))

<P><STRONG><a name="[202]"></a>__rt_lib_shutdown_heap_1</STRONG> (Thumb, 0 bytes, Stack size unknown bytes, libshutdown2.o(.ARM.Collect$$libshutdown$$0000000E))

<P><STRONG><a name="[203]"></a>__rt_lib_shutdown_return</STRONG> (Thumb, 0 bytes, Stack size unknown bytes, libshutdown2.o(.ARM.Collect$$libshutdown$$0000000F))

<P><STRONG><a name="[204]"></a>__rt_lib_shutdown_signal_1</STRONG> (Thumb, 0 bytes, Stack size unknown bytes, libshutdown2.o(.ARM.Collect$$libshutdown$$00000009))

<P><STRONG><a name="[205]"></a>__rt_lib_shutdown_stdio_1</STRONG> (Thumb, 0 bytes, Stack size unknown bytes, libshutdown2.o(.ARM.Collect$$libshutdown$$00000003))

<P><STRONG><a name="[206]"></a>__rt_lib_shutdown_user_alloc_1</STRONG> (Thumb, 0 bytes, Stack size unknown bytes, libshutdown2.o(.ARM.Collect$$libshutdown$$0000000B))

<P><STRONG><a name="[51]"></a>__rt_entry</STRONG> (Thumb, 0 bytes, Stack size unknown bytes, __rtentry.o(.ARM.Collect$$rtentry$$00000000))
<BR><BR>[Called By]<UL><LI><a href="#[4f]">&gt;&gt;</a>&nbsp;&nbsp;&nbsp;__main
<LI><a href="#[52]">&gt;&gt;</a>&nbsp;&nbsp;&nbsp;__scatterload_rt2
</UL>

<P><STRONG><a name="[207]"></a>__rt_entry_presh_1</STRONG> (Thumb, 0 bytes, Stack size unknown bytes, __rtentry2.o(.ARM.Collect$$rtentry$$00000002))

<P><STRONG><a name="[5d]"></a>__rt_entry_sh</STRONG> (Thumb, 0 bytes, Stack size unknown bytes, __rtentry4.o(.ARM.Collect$$rtentry$$00000004))
<BR><BR>[Stack]<UL><LI>Max Depth = 8 + Unknown Stack Size
<LI>Call Chain = __rt_entry_sh &rArr; __user_setup_stackheap
</UL>
<BR>[Calls]<UL><LI><a href="#[5e]">&gt;&gt;</a>&nbsp;&nbsp;&nbsp;__user_setup_stackheap
</UL>

<P><STRONG><a name="[5f]"></a>__rt_entry_li</STRONG> (Thumb, 0 bytes, Stack size unknown bytes, __rtentry2.o(.ARM.Collect$$rtentry$$0000000A))
<BR><BR>[Calls]<UL><LI><a href="#[60]">&gt;&gt;</a>&nbsp;&nbsp;&nbsp;__rt_lib_init
</UL>

<P><STRONG><a name="[208]"></a>__rt_entry_postsh_1</STRONG> (Thumb, 0 bytes, Stack size unknown bytes, __rtentry2.o(.ARM.Collect$$rtentry$$00000009))

<P><STRONG><a name="[61]"></a>__rt_entry_main</STRONG> (Thumb, 0 bytes, Stack size unknown bytes, __rtentry2.o(.ARM.Collect$$rtentry$$0000000D))
<BR><BR>[Stack]<UL><LI>Max Depth = 344 + Unknown Stack Size
<LI>Call Chain = __rt_entry_main &rArr; main &rArr; section_4 &rArr; Plot_up &rArr; mpu_dmp_get_data &rArr; dmp_read_fifo &rArr; mpu_read_fifo_stream &rArr; mpu_reset_fifo &rArr; MPU_Write_Len &rArr; MPU_IIC_Send_Byte &rArr; MPU_IIC_Delay
</UL>
<BR>[Calls]<UL><LI><a href="#[62]">&gt;&gt;</a>&nbsp;&nbsp;&nbsp;main
<LI><a href="#[63]">&gt;&gt;</a>&nbsp;&nbsp;&nbsp;exit
</UL>

<P><STRONG><a name="[209]"></a>__rt_entry_postli_1</STRONG> (Thumb, 0 bytes, Stack size unknown bytes, __rtentry2.o(.ARM.Collect$$rtentry$$0000000C))

<P><STRONG><a name="[1b7]"></a>__rt_exit</STRONG> (Thumb, 0 bytes, Stack size unknown bytes, rtexit.o(.ARM.Collect$$rtexit$$00000000))
<BR><BR>[Called By]<UL><LI><a href="#[63]">&gt;&gt;</a>&nbsp;&nbsp;&nbsp;exit
</UL>

<P><STRONG><a name="[64]"></a>__rt_exit_ls</STRONG> (Thumb, 0 bytes, Stack size unknown bytes, rtexit2.o(.ARM.Collect$$rtexit$$00000003))
<BR><BR>[Calls]<UL><LI><a href="#[65]">&gt;&gt;</a>&nbsp;&nbsp;&nbsp;__rt_lib_shutdown
</UL>

<P><STRONG><a name="[20a]"></a>__rt_exit_prels_1</STRONG> (Thumb, 0 bytes, Stack size unknown bytes, rtexit2.o(.ARM.Collect$$rtexit$$00000002))

<P><STRONG><a name="[66]"></a>__rt_exit_exit</STRONG> (Thumb, 0 bytes, Stack size unknown bytes, rtexit2.o(.ARM.Collect$$rtexit$$00000004))
<BR><BR>[Calls]<UL><LI><a href="#[67]">&gt;&gt;</a>&nbsp;&nbsp;&nbsp;_sys_exit
</UL>

<P><STRONG><a name="[62]"></a>main</STRONG> (Thumb, 128 bytes, Stack size 0 bytes, main.o(.text))
<BR><BR>[Stack]<UL><LI>Max Depth = 344 + Unknown Stack Size
<LI>Call Chain = main &rArr; section_4 &rArr; Plot_up &rArr; mpu_dmp_get_data &rArr; dmp_read_fifo &rArr; mpu_read_fifo_stream &rArr; mpu_reset_fifo &rArr; MPU_Write_Len &rArr; MPU_IIC_Send_Byte &rArr; MPU_IIC_Delay
</UL>
<BR>[Calls]<UL><LI><a href="#[6b]">&gt;&gt;</a>&nbsp;&nbsp;&nbsp;uart_init
<LI><a href="#[72]">&gt;&gt;</a>&nbsp;&nbsp;&nbsp;section_9
<LI><a href="#[71]">&gt;&gt;</a>&nbsp;&nbsp;&nbsp;section_8
<LI><a href="#[70]">&gt;&gt;</a>&nbsp;&nbsp;&nbsp;section_5_6_7
<LI><a href="#[6f]">&gt;&gt;</a>&nbsp;&nbsp;&nbsp;section_4
<LI><a href="#[6e]">&gt;&gt;</a>&nbsp;&nbsp;&nbsp;section_23_
<LI><a href="#[73]">&gt;&gt;</a>&nbsp;&nbsp;&nbsp;section_10
<LI><a href="#[6d]">&gt;&gt;</a>&nbsp;&nbsp;&nbsp;section_1
<LI><a href="#[69]">&gt;&gt;</a>&nbsp;&nbsp;&nbsp;pd_imcompD_Init
<LI><a href="#[6a]">&gt;&gt;</a>&nbsp;&nbsp;&nbsp;TIM3_PWM_Init
<LI><a href="#[6c]">&gt;&gt;</a>&nbsp;&nbsp;&nbsp;Action
<LI><a href="#[68]">&gt;&gt;</a>&nbsp;&nbsp;&nbsp;ALLOCATION_Init
</UL>
<BR>[Called By]<UL><LI><a href="#[61]">&gt;&gt;</a>&nbsp;&nbsp;&nbsp;__rt_entry_main
</UL>

<P><STRONG><a name="[6]"></a>NMI_Handler</STRONG> (Thumb, 2 bytes, Stack size 0 bytes, stm32f10x_it.o(.text))
<BR>[Address Reference Count : 1]<UL><LI> startup_stm32f10x_hd.o(RESET)
</UL>
<P><STRONG><a name="[7]"></a>HardFault_Handler</STRONG> (Thumb, 4 bytes, Stack size 0 bytes, stm32f10x_it.o(.text))
<BR>[Address Reference Count : 1]<UL><LI> startup_stm32f10x_hd.o(RESET)
</UL>
<P><STRONG><a name="[8]"></a>MemManage_Handler</STRONG> (Thumb, 4 bytes, Stack size 0 bytes, stm32f10x_it.o(.text))
<BR>[Address Reference Count : 1]<UL><LI> startup_stm32f10x_hd.o(RESET)
</UL>
<P><STRONG><a name="[9]"></a>BusFault_Handler</STRONG> (Thumb, 4 bytes, Stack size 0 bytes, stm32f10x_it.o(.text))
<BR>[Address Reference Count : 1]<UL><LI> startup_stm32f10x_hd.o(RESET)
</UL>
<P><STRONG><a name="[a]"></a>UsageFault_Handler</STRONG> (Thumb, 4 bytes, Stack size 0 bytes, stm32f10x_it.o(.text))
<BR>[Address Reference Count : 1]<UL><LI> startup_stm32f10x_hd.o(RESET)
</UL>
<P><STRONG><a name="[b]"></a>SVC_Handler</STRONG> (Thumb, 2 bytes, Stack size 0 bytes, stm32f10x_it.o(.text))
<BR>[Address Reference Count : 1]<UL><LI> startup_stm32f10x_hd.o(RESET)
</UL>
<P><STRONG><a name="[c]"></a>DebugMon_Handler</STRONG> (Thumb, 2 bytes, Stack size 0 bytes, stm32f10x_it.o(.text))
<BR>[Address Reference Count : 1]<UL><LI> startup_stm32f10x_hd.o(RESET)
</UL>
<P><STRONG><a name="[d]"></a>PendSV_Handler</STRONG> (Thumb, 2 bytes, Stack size 0 bytes, stm32f10x_it.o(.text))
<BR>[Address Reference Count : 1]<UL><LI> startup_stm32f10x_hd.o(RESET)
</UL>
<P><STRONG><a name="[e]"></a>SysTick_Handler</STRONG> (Thumb, 2 bytes, Stack size 0 bytes, stm32f10x_it.o(.text))
<BR>[Address Reference Count : 1]<UL><LI> startup_stm32f10x_hd.o(RESET)
</UL>
<P><STRONG><a name="[4b]"></a>SystemInit</STRONG> (Thumb, 78 bytes, Stack size 8 bytes, system_stm32f10x.o(.text))
<BR><BR>[Stack]<UL><LI>Max Depth = 28<LI>Call Chain = SystemInit &rArr; SetSysClock &rArr; SetSysClockTo72
</UL>
<BR>[Calls]<UL><LI><a href="#[74]">&gt;&gt;</a>&nbsp;&nbsp;&nbsp;SetSysClock
</UL>
<BR>[Address Reference Count : 1]<UL><LI> startup_stm32f10x_hd.o(.text)
</UL>
<P><STRONG><a name="[20b]"></a>SystemCoreClockUpdate</STRONG> (Thumb, 142 bytes, Stack size 8 bytes, system_stm32f10x.o(.text), UNUSED)

<P><STRONG><a name="[76]"></a>APP_debug_Init</STRONG> (Thumb, 60 bytes, Stack size 8 bytes, test.o(.text), UNUSED)
<BR><BR>[Calls]<UL><LI><a href="#[78]">&gt;&gt;</a>&nbsp;&nbsp;&nbsp;My_send_state
<LI><a href="#[6b]">&gt;&gt;</a>&nbsp;&nbsp;&nbsp;uart_init
<LI><a href="#[77]">&gt;&gt;</a>&nbsp;&nbsp;&nbsp;__2printf
</UL>

<P><STRONG><a name="[79]"></a>State_UsartCtr</STRONG> (Thumb, 416 bytes, Stack size 8 bytes, test.o(.text))
<BR><BR>[Stack]<UL><LI>Max Depth = 152<LI>Call Chain = State_UsartCtr &rArr; Infr_DisState &rArr; Get_Distance &rArr; __aeabi_dmul
</UL>
<BR>[Calls]<UL><LI><a href="#[7a]">&gt;&gt;</a>&nbsp;&nbsp;&nbsp;motor_allocation
<LI><a href="#[78]">&gt;&gt;</a>&nbsp;&nbsp;&nbsp;My_send_state
<LI><a href="#[7b]">&gt;&gt;</a>&nbsp;&nbsp;&nbsp;My_send_data
<LI><a href="#[7c]">&gt;&gt;</a>&nbsp;&nbsp;&nbsp;Infr_DisState
</UL>
<BR>[Called By]<UL><LI><a href="#[34]">&gt;&gt;</a>&nbsp;&nbsp;&nbsp;USART1_IRQHandler
</UL>

<P><STRONG><a name="[7d]"></a>Feature_test</STRONG> (Thumb, 16 bytes, Stack size 0 bytes, test.o(.text), UNUSED)
<BR><BR>[Calls]<UL><LI><a href="#[7e]">&gt;&gt;</a>&nbsp;&nbsp;&nbsp;Feature_Sport
</UL>

<P><STRONG><a name="[7f]"></a>Plot_test</STRONG> (Thumb, 130 bytes, Stack size 8 bytes, test.o(.text), UNUSED)
<BR><BR>[Calls]<UL><LI><a href="#[83]">&gt;&gt;</a>&nbsp;&nbsp;&nbsp;tracking
<LI><a href="#[7a]">&gt;&gt;</a>&nbsp;&nbsp;&nbsp;motor_allocation
<LI><a href="#[84]">&gt;&gt;</a>&nbsp;&nbsp;&nbsp;delay_ms
<LI><a href="#[80]">&gt;&gt;</a>&nbsp;&nbsp;&nbsp;Plot_up
<LI><a href="#[81]">&gt;&gt;</a>&nbsp;&nbsp;&nbsp;Plot_turn
<LI><a href="#[82]">&gt;&gt;</a>&nbsp;&nbsp;&nbsp;Plot_down
<LI><a href="#[6c]">&gt;&gt;</a>&nbsp;&nbsp;&nbsp;Action
</UL>

<P><STRONG><a name="[85]"></a>Bredge_test</STRONG> (Thumb, 218 bytes, Stack size 8 bytes, test.o(.text), UNUSED)
<BR><BR>[Calls]<UL><LI><a href="#[83]">&gt;&gt;</a>&nbsp;&nbsp;&nbsp;tracking
<LI><a href="#[80]">&gt;&gt;</a>&nbsp;&nbsp;&nbsp;Plot_up
<LI><a href="#[81]">&gt;&gt;</a>&nbsp;&nbsp;&nbsp;Plot_turn
<LI><a href="#[82]">&gt;&gt;</a>&nbsp;&nbsp;&nbsp;Plot_down
<LI><a href="#[86]">&gt;&gt;</a>&nbsp;&nbsp;&nbsp;Long_Bridge
<LI><a href="#[6c]">&gt;&gt;</a>&nbsp;&nbsp;&nbsp;Action
</UL>

<P><STRONG><a name="[87]"></a>compasstest</STRONG> (Thumb, 48 bytes, Stack size 8 bytes, test.o(.text), UNUSED)
<BR><BR>[Calls]<UL><LI><a href="#[84]">&gt;&gt;</a>&nbsp;&nbsp;&nbsp;delay_ms
<LI><a href="#[88]">&gt;&gt;</a>&nbsp;&nbsp;&nbsp;USART_SendData
<LI><a href="#[7b]">&gt;&gt;</a>&nbsp;&nbsp;&nbsp;My_send_data
</UL>

<P><STRONG><a name="[89]"></a>Slop_test</STRONG> (Thumb, 82 bytes, Stack size 0 bytes, test.o(.text), UNUSED)
<BR><BR>[Calls]<UL><LI><a href="#[8a]">&gt;&gt;</a>&nbsp;&nbsp;&nbsp;Slope
<LI><a href="#[80]">&gt;&gt;</a>&nbsp;&nbsp;&nbsp;Plot_up
<LI><a href="#[81]">&gt;&gt;</a>&nbsp;&nbsp;&nbsp;Plot_turn
<LI><a href="#[82]">&gt;&gt;</a>&nbsp;&nbsp;&nbsp;Plot_down
</UL>

<P><STRONG><a name="[8b]"></a>debug</STRONG> (Thumb, 98 bytes, Stack size 8 bytes, test.o(.text), UNUSED)
<BR><BR>[Calls]<UL><LI><a href="#[7a]">&gt;&gt;</a>&nbsp;&nbsp;&nbsp;motor_allocation
<LI><a href="#[7b]">&gt;&gt;</a>&nbsp;&nbsp;&nbsp;My_send_data
</UL>

<P><STRONG><a name="[8c]"></a>Move</STRONG> (Thumb, 78 bytes, Stack size 8 bytes, part.o(.text))
<BR><BR>[Stack]<UL><LI>Max Depth = 16<LI>Call Chain = Move &rArr; DUOJI_3
</UL>
<BR>[Calls]<UL><LI><a href="#[8e]">&gt;&gt;</a>&nbsp;&nbsp;&nbsp;DUOJI_3
<LI><a href="#[8d]">&gt;&gt;</a>&nbsp;&nbsp;&nbsp;DUOJI_2
<LI><a href="#[84]">&gt;&gt;</a>&nbsp;&nbsp;&nbsp;delay_ms
</UL>
<BR>[Called By]<UL><LI><a href="#[81]">&gt;&gt;</a>&nbsp;&nbsp;&nbsp;Plot_turn
</UL>

<P><STRONG><a name="[6c]"></a>Action</STRONG> (Thumb, 220 bytes, Stack size 8 bytes, part.o(.text))
<BR><BR>[Stack]<UL><LI>Max Depth = 288 + Unknown Stack Size
<LI>Call Chain = Action &rArr; mpu_dmp_init &rArr; run_self_test &rArr; mpu_run_self_test &rArr; mpu_set_dmp_state &rArr; mpu_set_sample_rate &rArr; mpu_lp_accel_mode &rArr; mpu_configure_fifo &rArr; set_int_enable &rArr; MPU_Write_Len &rArr; MPU_IIC_Send_Byte &rArr; MPU_IIC_Delay
</UL>
<BR>[Calls]<UL><LI><a href="#[8f]">&gt;&gt;</a>&nbsp;&nbsp;&nbsp;mpu_dmp_init
<LI><a href="#[90]">&gt;&gt;</a>&nbsp;&nbsp;&nbsp;DUOJI_4
<LI><a href="#[8e]">&gt;&gt;</a>&nbsp;&nbsp;&nbsp;DUOJI_3
<LI><a href="#[8d]">&gt;&gt;</a>&nbsp;&nbsp;&nbsp;DUOJI_2
<LI><a href="#[7a]">&gt;&gt;</a>&nbsp;&nbsp;&nbsp;motor_allocation
<LI><a href="#[84]">&gt;&gt;</a>&nbsp;&nbsp;&nbsp;delay_ms
<LI><a href="#[7c]">&gt;&gt;</a>&nbsp;&nbsp;&nbsp;Infr_DisState
</UL>
<BR>[Called By]<UL><LI><a href="#[85]">&gt;&gt;</a>&nbsp;&nbsp;&nbsp;Bredge_test
<LI><a href="#[7f]">&gt;&gt;</a>&nbsp;&nbsp;&nbsp;Plot_test
<LI><a href="#[62]">&gt;&gt;</a>&nbsp;&nbsp;&nbsp;main
</UL>

<P><STRONG><a name="[86]"></a>Long_Bridge</STRONG> (Thumb, 386 bytes, Stack size 8 bytes, part.o(.text))
<BR><BR>[Stack]<UL><LI>Max Depth = 312<LI>Call Chain = Long_Bridge &rArr; mpu_dmp_get_data &rArr; dmp_read_fifo &rArr; mpu_read_fifo_stream &rArr; mpu_reset_fifo &rArr; MPU_Write_Len &rArr; MPU_IIC_Send_Byte &rArr; MPU_IIC_Delay
</UL>
<BR>[Calls]<UL><LI><a href="#[92]">&gt;&gt;</a>&nbsp;&nbsp;&nbsp;mpu_dmp_get_data
<LI><a href="#[91]">&gt;&gt;</a>&nbsp;&nbsp;&nbsp;differ_control
<LI><a href="#[96]">&gt;&gt;</a>&nbsp;&nbsp;&nbsp;Go_Stright
<LI><a href="#[7a]">&gt;&gt;</a>&nbsp;&nbsp;&nbsp;motor_allocation
<LI><a href="#[94]">&gt;&gt;</a>&nbsp;&nbsp;&nbsp;__aeabi_cfrcmple
<LI><a href="#[93]">&gt;&gt;</a>&nbsp;&nbsp;&nbsp;__aeabi_fmul
<LI><a href="#[95]">&gt;&gt;</a>&nbsp;&nbsp;&nbsp;__aeabi_cfcmple
</UL>
<BR>[Called By]<UL><LI><a href="#[a8]">&gt;&gt;</a>&nbsp;&nbsp;&nbsp;section_1_9_treasure
<LI><a href="#[85]">&gt;&gt;</a>&nbsp;&nbsp;&nbsp;Bredge_test
<LI><a href="#[6d]">&gt;&gt;</a>&nbsp;&nbsp;&nbsp;section_1
</UL>

<P><STRONG><a name="[7e]"></a>Feature_Sport</STRONG> (Thumb, 354 bytes, Stack size 16 bytes, part.o(.text))
<BR><BR>[Stack]<UL><LI>Max Depth = 200<LI>Call Chain = Feature_Sport &rArr; differ_control &rArr; Measure &rArr; atan &rArr; __kernel_poly &rArr; __aeabi_dmul
</UL>
<BR>[Calls]<UL><LI><a href="#[91]">&gt;&gt;</a>&nbsp;&nbsp;&nbsp;differ_control
<LI><a href="#[96]">&gt;&gt;</a>&nbsp;&nbsp;&nbsp;Go_Stright
<LI><a href="#[8e]">&gt;&gt;</a>&nbsp;&nbsp;&nbsp;DUOJI_3
<LI><a href="#[8d]">&gt;&gt;</a>&nbsp;&nbsp;&nbsp;DUOJI_2
<LI><a href="#[7a]">&gt;&gt;</a>&nbsp;&nbsp;&nbsp;motor_allocation
<LI><a href="#[84]">&gt;&gt;</a>&nbsp;&nbsp;&nbsp;delay_ms
<LI><a href="#[7c]">&gt;&gt;</a>&nbsp;&nbsp;&nbsp;Infr_DisState
<LI><a href="#[98]">&gt;&gt;</a>&nbsp;&nbsp;&nbsp;__aeabi_f2uiz
<LI><a href="#[97]">&gt;&gt;</a>&nbsp;&nbsp;&nbsp;__aeabi_fadd
</UL>
<BR>[Called By]<UL><LI><a href="#[a8]">&gt;&gt;</a>&nbsp;&nbsp;&nbsp;section_1_9_treasure
<LI><a href="#[a7]">&gt;&gt;</a>&nbsp;&nbsp;&nbsp;section_5_6_7_8
<LI><a href="#[a6]">&gt;&gt;</a>&nbsp;&nbsp;&nbsp;section_7
<LI><a href="#[a4]">&gt;&gt;</a>&nbsp;&nbsp;&nbsp;section_5
<LI><a href="#[a3]">&gt;&gt;</a>&nbsp;&nbsp;&nbsp;section_3
<LI><a href="#[a2]">&gt;&gt;</a>&nbsp;&nbsp;&nbsp;section_2_9
<LI><a href="#[a1]">&gt;&gt;</a>&nbsp;&nbsp;&nbsp;section_2
<LI><a href="#[7d]">&gt;&gt;</a>&nbsp;&nbsp;&nbsp;Feature_test
<LI><a href="#[71]">&gt;&gt;</a>&nbsp;&nbsp;&nbsp;section_8
<LI><a href="#[70]">&gt;&gt;</a>&nbsp;&nbsp;&nbsp;section_5_6_7
<LI><a href="#[6e]">&gt;&gt;</a>&nbsp;&nbsp;&nbsp;section_23_
</UL>

<P><STRONG><a name="[99]"></a>Hill</STRONG> (Thumb, 278 bytes, Stack size 16 bytes, part.o(.text), UNUSED)
<BR><BR>[Calls]<UL><LI><a href="#[92]">&gt;&gt;</a>&nbsp;&nbsp;&nbsp;mpu_dmp_get_data
<LI><a href="#[91]">&gt;&gt;</a>&nbsp;&nbsp;&nbsp;differ_control
<LI><a href="#[7a]">&gt;&gt;</a>&nbsp;&nbsp;&nbsp;motor_allocation
<LI><a href="#[94]">&gt;&gt;</a>&nbsp;&nbsp;&nbsp;__aeabi_cfrcmple
<LI><a href="#[93]">&gt;&gt;</a>&nbsp;&nbsp;&nbsp;__aeabi_fmul
<LI><a href="#[95]">&gt;&gt;</a>&nbsp;&nbsp;&nbsp;__aeabi_cfcmple
</UL>

<P><STRONG><a name="[9a]"></a>Seesaw</STRONG> (Thumb, 332 bytes, Stack size 8 bytes, part.o(.text))
<BR><BR>[Stack]<UL><LI>Max Depth = 312<LI>Call Chain = Seesaw &rArr; mpu_dmp_get_data &rArr; dmp_read_fifo &rArr; mpu_read_fifo_stream &rArr; mpu_reset_fifo &rArr; MPU_Write_Len &rArr; MPU_IIC_Send_Byte &rArr; MPU_IIC_Delay
</UL>
<BR>[Calls]<UL><LI><a href="#[92]">&gt;&gt;</a>&nbsp;&nbsp;&nbsp;mpu_dmp_get_data
<LI><a href="#[91]">&gt;&gt;</a>&nbsp;&nbsp;&nbsp;differ_control
<LI><a href="#[7a]">&gt;&gt;</a>&nbsp;&nbsp;&nbsp;motor_allocation
<LI><a href="#[94]">&gt;&gt;</a>&nbsp;&nbsp;&nbsp;__aeabi_cfrcmple
<LI><a href="#[93]">&gt;&gt;</a>&nbsp;&nbsp;&nbsp;__aeabi_fmul
<LI><a href="#[95]">&gt;&gt;</a>&nbsp;&nbsp;&nbsp;__aeabi_cfcmple
</UL>
<BR>[Called By]<UL><LI><a href="#[a8]">&gt;&gt;</a>&nbsp;&nbsp;&nbsp;section_1_9_treasure
<LI><a href="#[a4]">&gt;&gt;</a>&nbsp;&nbsp;&nbsp;section_5
<LI><a href="#[70]">&gt;&gt;</a>&nbsp;&nbsp;&nbsp;section_5_6_7
</UL>

<P><STRONG><a name="[8a]"></a>Slope</STRONG> (Thumb, 1142 bytes, Stack size 24 bytes, part.o(.text))
<BR><BR>[Stack]<UL><LI>Max Depth = 328<LI>Call Chain = Slope &rArr; mpu_dmp_get_data &rArr; dmp_read_fifo &rArr; mpu_read_fifo_stream &rArr; mpu_reset_fifo &rArr; MPU_Write_Len &rArr; MPU_IIC_Send_Byte &rArr; MPU_IIC_Delay
</UL>
<BR>[Calls]<UL><LI><a href="#[92]">&gt;&gt;</a>&nbsp;&nbsp;&nbsp;mpu_dmp_get_data
<LI><a href="#[91]">&gt;&gt;</a>&nbsp;&nbsp;&nbsp;differ_control
<LI><a href="#[96]">&gt;&gt;</a>&nbsp;&nbsp;&nbsp;Go_Stright
<LI><a href="#[7a]">&gt;&gt;</a>&nbsp;&nbsp;&nbsp;motor_allocation
<LI><a href="#[94]">&gt;&gt;</a>&nbsp;&nbsp;&nbsp;__aeabi_cfrcmple
<LI><a href="#[93]">&gt;&gt;</a>&nbsp;&nbsp;&nbsp;__aeabi_fmul
<LI><a href="#[95]">&gt;&gt;</a>&nbsp;&nbsp;&nbsp;__aeabi_cfcmple
</UL>
<BR>[Called By]<UL><LI><a href="#[a8]">&gt;&gt;</a>&nbsp;&nbsp;&nbsp;section_1_9_treasure
<LI><a href="#[a5]">&gt;&gt;</a>&nbsp;&nbsp;&nbsp;section_6
<LI><a href="#[89]">&gt;&gt;</a>&nbsp;&nbsp;&nbsp;Slop_test
<LI><a href="#[70]">&gt;&gt;</a>&nbsp;&nbsp;&nbsp;section_5_6_7
</UL>

<P><STRONG><a name="[9b]"></a>Door</STRONG> (Thumb, 192 bytes, Stack size 16 bytes, part.o(.text))
<BR><BR>[Stack]<UL><LI>Max Depth = 320<LI>Call Chain = Door &rArr; mpu_dmp_get_data &rArr; dmp_read_fifo &rArr; mpu_read_fifo_stream &rArr; mpu_reset_fifo &rArr; MPU_Write_Len &rArr; MPU_IIC_Send_Byte &rArr; MPU_IIC_Delay
</UL>
<BR>[Calls]<UL><LI><a href="#[92]">&gt;&gt;</a>&nbsp;&nbsp;&nbsp;mpu_dmp_get_data
<LI><a href="#[91]">&gt;&gt;</a>&nbsp;&nbsp;&nbsp;differ_control
<LI><a href="#[7a]">&gt;&gt;</a>&nbsp;&nbsp;&nbsp;motor_allocation
<LI><a href="#[84]">&gt;&gt;</a>&nbsp;&nbsp;&nbsp;delay_ms
<LI><a href="#[7c]">&gt;&gt;</a>&nbsp;&nbsp;&nbsp;Infr_DisState
<LI><a href="#[94]">&gt;&gt;</a>&nbsp;&nbsp;&nbsp;__aeabi_cfrcmple
<LI><a href="#[93]">&gt;&gt;</a>&nbsp;&nbsp;&nbsp;__aeabi_fmul
</UL>
<BR>[Called By]<UL><LI><a href="#[a1]">&gt;&gt;</a>&nbsp;&nbsp;&nbsp;section_2
<LI><a href="#[6f]">&gt;&gt;</a>&nbsp;&nbsp;&nbsp;section_4
</UL>

<P><STRONG><a name="[80]"></a>Plot_up</STRONG> (Thumb, 150 bytes, Stack size 24 bytes, part.o(.text))
<BR><BR>[Stack]<UL><LI>Max Depth = 328<LI>Call Chain = Plot_up &rArr; mpu_dmp_get_data &rArr; dmp_read_fifo &rArr; mpu_read_fifo_stream &rArr; mpu_reset_fifo &rArr; MPU_Write_Len &rArr; MPU_IIC_Send_Byte &rArr; MPU_IIC_Delay
</UL>
<BR>[Calls]<UL><LI><a href="#[92]">&gt;&gt;</a>&nbsp;&nbsp;&nbsp;mpu_dmp_get_data
<LI><a href="#[91]">&gt;&gt;</a>&nbsp;&nbsp;&nbsp;differ_control
<LI><a href="#[96]">&gt;&gt;</a>&nbsp;&nbsp;&nbsp;Go_Stright
<LI><a href="#[7a]">&gt;&gt;</a>&nbsp;&nbsp;&nbsp;motor_allocation
<LI><a href="#[94]">&gt;&gt;</a>&nbsp;&nbsp;&nbsp;__aeabi_cfrcmple
<LI><a href="#[93]">&gt;&gt;</a>&nbsp;&nbsp;&nbsp;__aeabi_fmul
<LI><a href="#[95]">&gt;&gt;</a>&nbsp;&nbsp;&nbsp;__aeabi_cfcmple
</UL>
<BR>[Called By]<UL><LI><a href="#[a8]">&gt;&gt;</a>&nbsp;&nbsp;&nbsp;section_1_9_treasure
<LI><a href="#[a4]">&gt;&gt;</a>&nbsp;&nbsp;&nbsp;section_5
<LI><a href="#[a2]">&gt;&gt;</a>&nbsp;&nbsp;&nbsp;section_2_9
<LI><a href="#[a1]">&gt;&gt;</a>&nbsp;&nbsp;&nbsp;section_2
<LI><a href="#[9f]">&gt;&gt;</a>&nbsp;&nbsp;&nbsp;Cycle
<LI><a href="#[89]">&gt;&gt;</a>&nbsp;&nbsp;&nbsp;Slop_test
<LI><a href="#[85]">&gt;&gt;</a>&nbsp;&nbsp;&nbsp;Bredge_test
<LI><a href="#[7f]">&gt;&gt;</a>&nbsp;&nbsp;&nbsp;Plot_test
<LI><a href="#[6f]">&gt;&gt;</a>&nbsp;&nbsp;&nbsp;section_4
<LI><a href="#[6e]">&gt;&gt;</a>&nbsp;&nbsp;&nbsp;section_23_
<LI><a href="#[73]">&gt;&gt;</a>&nbsp;&nbsp;&nbsp;section_10
<LI><a href="#[6d]">&gt;&gt;</a>&nbsp;&nbsp;&nbsp;section_1
</UL>

<P><STRONG><a name="[81]"></a>Plot_turn</STRONG> (Thumb, 514 bytes, Stack size 16 bytes, part.o(.text))
<BR><BR>[Stack]<UL><LI>Max Depth = 32<LI>Call Chain = Plot_turn &rArr; Move &rArr; DUOJI_3
</UL>
<BR>[Calls]<UL><LI><a href="#[8e]">&gt;&gt;</a>&nbsp;&nbsp;&nbsp;DUOJI_3
<LI><a href="#[8d]">&gt;&gt;</a>&nbsp;&nbsp;&nbsp;DUOJI_2
<LI><a href="#[8c]">&gt;&gt;</a>&nbsp;&nbsp;&nbsp;Move
<LI><a href="#[7a]">&gt;&gt;</a>&nbsp;&nbsp;&nbsp;motor_allocation
<LI><a href="#[88]">&gt;&gt;</a>&nbsp;&nbsp;&nbsp;USART_SendData
</UL>
<BR>[Called By]<UL><LI><a href="#[a8]">&gt;&gt;</a>&nbsp;&nbsp;&nbsp;section_1_9_treasure
<LI><a href="#[a5]">&gt;&gt;</a>&nbsp;&nbsp;&nbsp;section_6
<LI><a href="#[a4]">&gt;&gt;</a>&nbsp;&nbsp;&nbsp;section_5
<LI><a href="#[a2]">&gt;&gt;</a>&nbsp;&nbsp;&nbsp;section_2_9
<LI><a href="#[a1]">&gt;&gt;</a>&nbsp;&nbsp;&nbsp;section_2
<LI><a href="#[9f]">&gt;&gt;</a>&nbsp;&nbsp;&nbsp;Cycle
<LI><a href="#[89]">&gt;&gt;</a>&nbsp;&nbsp;&nbsp;Slop_test
<LI><a href="#[85]">&gt;&gt;</a>&nbsp;&nbsp;&nbsp;Bredge_test
<LI><a href="#[7f]">&gt;&gt;</a>&nbsp;&nbsp;&nbsp;Plot_test
<LI><a href="#[70]">&gt;&gt;</a>&nbsp;&nbsp;&nbsp;section_5_6_7
<LI><a href="#[6f]">&gt;&gt;</a>&nbsp;&nbsp;&nbsp;section_4
<LI><a href="#[6e]">&gt;&gt;</a>&nbsp;&nbsp;&nbsp;section_23_
<LI><a href="#[73]">&gt;&gt;</a>&nbsp;&nbsp;&nbsp;section_10
<LI><a href="#[6d]">&gt;&gt;</a>&nbsp;&nbsp;&nbsp;section_1
</UL>

<P><STRONG><a name="[82]"></a>Plot_down</STRONG> (Thumb, 124 bytes, Stack size 24 bytes, part.o(.text))
<BR><BR>[Stack]<UL><LI>Max Depth = 328<LI>Call Chain = Plot_down &rArr; mpu_dmp_get_data &rArr; dmp_read_fifo &rArr; mpu_read_fifo_stream &rArr; mpu_reset_fifo &rArr; MPU_Write_Len &rArr; MPU_IIC_Send_Byte &rArr; MPU_IIC_Delay
</UL>
<BR>[Calls]<UL><LI><a href="#[92]">&gt;&gt;</a>&nbsp;&nbsp;&nbsp;mpu_dmp_get_data
<LI><a href="#[91]">&gt;&gt;</a>&nbsp;&nbsp;&nbsp;differ_control
<LI><a href="#[96]">&gt;&gt;</a>&nbsp;&nbsp;&nbsp;Go_Stright
<LI><a href="#[7a]">&gt;&gt;</a>&nbsp;&nbsp;&nbsp;motor_allocation
<LI><a href="#[94]">&gt;&gt;</a>&nbsp;&nbsp;&nbsp;__aeabi_cfrcmple
<LI><a href="#[93]">&gt;&gt;</a>&nbsp;&nbsp;&nbsp;__aeabi_fmul
<LI><a href="#[95]">&gt;&gt;</a>&nbsp;&nbsp;&nbsp;__aeabi_cfcmple
</UL>
<BR>[Called By]<UL><LI><a href="#[a8]">&gt;&gt;</a>&nbsp;&nbsp;&nbsp;section_1_9_treasure
<LI><a href="#[a7]">&gt;&gt;</a>&nbsp;&nbsp;&nbsp;section_5_6_7_8
<LI><a href="#[a5]">&gt;&gt;</a>&nbsp;&nbsp;&nbsp;section_6
<LI><a href="#[a4]">&gt;&gt;</a>&nbsp;&nbsp;&nbsp;section_5
<LI><a href="#[a3]">&gt;&gt;</a>&nbsp;&nbsp;&nbsp;section_3
<LI><a href="#[a2]">&gt;&gt;</a>&nbsp;&nbsp;&nbsp;section_2_9
<LI><a href="#[a1]">&gt;&gt;</a>&nbsp;&nbsp;&nbsp;section_2
<LI><a href="#[9f]">&gt;&gt;</a>&nbsp;&nbsp;&nbsp;Cycle
<LI><a href="#[89]">&gt;&gt;</a>&nbsp;&nbsp;&nbsp;Slop_test
<LI><a href="#[85]">&gt;&gt;</a>&nbsp;&nbsp;&nbsp;Bredge_test
<LI><a href="#[7f]">&gt;&gt;</a>&nbsp;&nbsp;&nbsp;Plot_test
<LI><a href="#[70]">&gt;&gt;</a>&nbsp;&nbsp;&nbsp;section_5_6_7
<LI><a href="#[6e]">&gt;&gt;</a>&nbsp;&nbsp;&nbsp;section_23_
<LI><a href="#[6d]">&gt;&gt;</a>&nbsp;&nbsp;&nbsp;section_1
</UL>

<P><STRONG><a name="[9c]"></a>Plot_Plus_up</STRONG> (Thumb, 264 bytes, Stack size 24 bytes, part.o(.text))
<BR><BR>[Stack]<UL><LI>Max Depth = 328<LI>Call Chain = Plot_Plus_up &rArr; mpu_dmp_get_data &rArr; dmp_read_fifo &rArr; mpu_read_fifo_stream &rArr; mpu_reset_fifo &rArr; MPU_Write_Len &rArr; MPU_IIC_Send_Byte &rArr; MPU_IIC_Delay
</UL>
<BR>[Calls]<UL><LI><a href="#[92]">&gt;&gt;</a>&nbsp;&nbsp;&nbsp;mpu_dmp_get_data
<LI><a href="#[91]">&gt;&gt;</a>&nbsp;&nbsp;&nbsp;differ_control
<LI><a href="#[96]">&gt;&gt;</a>&nbsp;&nbsp;&nbsp;Go_Stright
<LI><a href="#[7a]">&gt;&gt;</a>&nbsp;&nbsp;&nbsp;motor_allocation
<LI><a href="#[94]">&gt;&gt;</a>&nbsp;&nbsp;&nbsp;__aeabi_cfrcmple
<LI><a href="#[93]">&gt;&gt;</a>&nbsp;&nbsp;&nbsp;__aeabi_fmul
<LI><a href="#[95]">&gt;&gt;</a>&nbsp;&nbsp;&nbsp;__aeabi_cfcmple
</UL>
<BR>[Called By]<UL><LI><a href="#[a8]">&gt;&gt;</a>&nbsp;&nbsp;&nbsp;section_1_9_treasure
<LI><a href="#[a5]">&gt;&gt;</a>&nbsp;&nbsp;&nbsp;section_6
<LI><a href="#[70]">&gt;&gt;</a>&nbsp;&nbsp;&nbsp;section_5_6_7
</UL>

<P><STRONG><a name="[9d]"></a>Plot_Plus_down</STRONG> (Thumb, 294 bytes, Stack size 24 bytes, part.o(.text))
<BR><BR>[Stack]<UL><LI>Max Depth = 328<LI>Call Chain = Plot_Plus_down &rArr; mpu_dmp_get_data &rArr; dmp_read_fifo &rArr; mpu_read_fifo_stream &rArr; mpu_reset_fifo &rArr; MPU_Write_Len &rArr; MPU_IIC_Send_Byte &rArr; MPU_IIC_Delay
</UL>
<BR>[Calls]<UL><LI><a href="#[92]">&gt;&gt;</a>&nbsp;&nbsp;&nbsp;mpu_dmp_get_data
<LI><a href="#[91]">&gt;&gt;</a>&nbsp;&nbsp;&nbsp;differ_control
<LI><a href="#[96]">&gt;&gt;</a>&nbsp;&nbsp;&nbsp;Go_Stright
<LI><a href="#[7a]">&gt;&gt;</a>&nbsp;&nbsp;&nbsp;motor_allocation
<LI><a href="#[94]">&gt;&gt;</a>&nbsp;&nbsp;&nbsp;__aeabi_cfrcmple
<LI><a href="#[93]">&gt;&gt;</a>&nbsp;&nbsp;&nbsp;__aeabi_fmul
<LI><a href="#[95]">&gt;&gt;</a>&nbsp;&nbsp;&nbsp;__aeabi_cfcmple
</UL>
<BR>[Called By]<UL><LI><a href="#[a8]">&gt;&gt;</a>&nbsp;&nbsp;&nbsp;section_1_9_treasure
<LI><a href="#[a6]">&gt;&gt;</a>&nbsp;&nbsp;&nbsp;section_7
<LI><a href="#[70]">&gt;&gt;</a>&nbsp;&nbsp;&nbsp;section_5_6_7
</UL>

<P><STRONG><a name="[9e]"></a>Treasure</STRONG> (Thumb, 312 bytes, Stack size 16 bytes, part.o(.text))
<BR><BR>[Stack]<UL><LI>Max Depth = 160<LI>Call Chain = Treasure &rArr; Infr_DisState &rArr; Get_Distance &rArr; __aeabi_dmul
</UL>
<BR>[Calls]<UL><LI><a href="#[96]">&gt;&gt;</a>&nbsp;&nbsp;&nbsp;Go_Stright
<LI><a href="#[7a]">&gt;&gt;</a>&nbsp;&nbsp;&nbsp;motor_allocation
<LI><a href="#[84]">&gt;&gt;</a>&nbsp;&nbsp;&nbsp;delay_ms
<LI><a href="#[7c]">&gt;&gt;</a>&nbsp;&nbsp;&nbsp;Infr_DisState
</UL>
<BR>[Called By]<UL><LI><a href="#[a5]">&gt;&gt;</a>&nbsp;&nbsp;&nbsp;section_6
<LI><a href="#[a4]">&gt;&gt;</a>&nbsp;&nbsp;&nbsp;section_5
<LI><a href="#[a2]">&gt;&gt;</a>&nbsp;&nbsp;&nbsp;section_2_9
<LI><a href="#[a1]">&gt;&gt;</a>&nbsp;&nbsp;&nbsp;section_2
<LI><a href="#[70]">&gt;&gt;</a>&nbsp;&nbsp;&nbsp;section_5_6_7
<LI><a href="#[6f]">&gt;&gt;</a>&nbsp;&nbsp;&nbsp;section_4
<LI><a href="#[6e]">&gt;&gt;</a>&nbsp;&nbsp;&nbsp;section_23_
<LI><a href="#[6d]">&gt;&gt;</a>&nbsp;&nbsp;&nbsp;section_1
</UL>

<P><STRONG><a name="[9f]"></a>Cycle</STRONG> (Thumb, 412 bytes, Stack size 16 bytes, part.o(.text), UNUSED)
<BR><BR>[Calls]<UL><LI><a href="#[92]">&gt;&gt;</a>&nbsp;&nbsp;&nbsp;mpu_dmp_get_data
<LI><a href="#[91]">&gt;&gt;</a>&nbsp;&nbsp;&nbsp;differ_control
<LI><a href="#[a0]">&gt;&gt;</a>&nbsp;&nbsp;&nbsp;Turn_Angle
<LI><a href="#[96]">&gt;&gt;</a>&nbsp;&nbsp;&nbsp;Go_Stright
<LI><a href="#[83]">&gt;&gt;</a>&nbsp;&nbsp;&nbsp;tracking
<LI><a href="#[7a]">&gt;&gt;</a>&nbsp;&nbsp;&nbsp;motor_allocation
<LI><a href="#[80]">&gt;&gt;</a>&nbsp;&nbsp;&nbsp;Plot_up
<LI><a href="#[81]">&gt;&gt;</a>&nbsp;&nbsp;&nbsp;Plot_turn
<LI><a href="#[82]">&gt;&gt;</a>&nbsp;&nbsp;&nbsp;Plot_down
<LI><a href="#[94]">&gt;&gt;</a>&nbsp;&nbsp;&nbsp;__aeabi_cfrcmple
<LI><a href="#[93]">&gt;&gt;</a>&nbsp;&nbsp;&nbsp;__aeabi_fmul
<LI><a href="#[95]">&gt;&gt;</a>&nbsp;&nbsp;&nbsp;__aeabi_cfcmple
</UL>

<P><STRONG><a name="[6d]"></a>section_1</STRONG> (Thumb, 114 bytes, Stack size 8 bytes, section.o(.text))
<BR><BR>[Stack]<UL><LI>Max Depth = 336<LI>Call Chain = section_1 &rArr; Plot_up &rArr; mpu_dmp_get_data &rArr; dmp_read_fifo &rArr; mpu_read_fifo_stream &rArr; mpu_reset_fifo &rArr; MPU_Write_Len &rArr; MPU_IIC_Send_Byte &rArr; MPU_IIC_Delay
</UL>
<BR>[Calls]<UL><LI><a href="#[9e]">&gt;&gt;</a>&nbsp;&nbsp;&nbsp;Treasure
<LI><a href="#[83]">&gt;&gt;</a>&nbsp;&nbsp;&nbsp;tracking
<LI><a href="#[80]">&gt;&gt;</a>&nbsp;&nbsp;&nbsp;Plot_up
<LI><a href="#[81]">&gt;&gt;</a>&nbsp;&nbsp;&nbsp;Plot_turn
<LI><a href="#[82]">&gt;&gt;</a>&nbsp;&nbsp;&nbsp;Plot_down
<LI><a href="#[86]">&gt;&gt;</a>&nbsp;&nbsp;&nbsp;Long_Bridge
</UL>
<BR>[Called By]<UL><LI><a href="#[62]">&gt;&gt;</a>&nbsp;&nbsp;&nbsp;main
</UL>

<P><STRONG><a name="[a1]"></a>section_2</STRONG> (Thumb, 650 bytes, Stack size 8 bytes, section.o(.text), UNUSED)
<BR><BR>[Calls]<UL><LI><a href="#[a0]">&gt;&gt;</a>&nbsp;&nbsp;&nbsp;Turn_Angle
<LI><a href="#[96]">&gt;&gt;</a>&nbsp;&nbsp;&nbsp;Go_Stright
<LI><a href="#[9e]">&gt;&gt;</a>&nbsp;&nbsp;&nbsp;Treasure
<LI><a href="#[9b]">&gt;&gt;</a>&nbsp;&nbsp;&nbsp;Door
<LI><a href="#[83]">&gt;&gt;</a>&nbsp;&nbsp;&nbsp;tracking
<LI><a href="#[80]">&gt;&gt;</a>&nbsp;&nbsp;&nbsp;Plot_up
<LI><a href="#[81]">&gt;&gt;</a>&nbsp;&nbsp;&nbsp;Plot_turn
<LI><a href="#[82]">&gt;&gt;</a>&nbsp;&nbsp;&nbsp;Plot_down
<LI><a href="#[7e]">&gt;&gt;</a>&nbsp;&nbsp;&nbsp;Feature_Sport
</UL>

<P><STRONG><a name="[a2]"></a>section_2_9</STRONG> (Thumb, 692 bytes, Stack size 8 bytes, section.o(.text), UNUSED)
<BR><BR>[Calls]<UL><LI><a href="#[a0]">&gt;&gt;</a>&nbsp;&nbsp;&nbsp;Turn_Angle
<LI><a href="#[96]">&gt;&gt;</a>&nbsp;&nbsp;&nbsp;Go_Stright
<LI><a href="#[9e]">&gt;&gt;</a>&nbsp;&nbsp;&nbsp;Treasure
<LI><a href="#[83]">&gt;&gt;</a>&nbsp;&nbsp;&nbsp;tracking
<LI><a href="#[80]">&gt;&gt;</a>&nbsp;&nbsp;&nbsp;Plot_up
<LI><a href="#[81]">&gt;&gt;</a>&nbsp;&nbsp;&nbsp;Plot_turn
<LI><a href="#[82]">&gt;&gt;</a>&nbsp;&nbsp;&nbsp;Plot_down
<LI><a href="#[7e]">&gt;&gt;</a>&nbsp;&nbsp;&nbsp;Feature_Sport
</UL>

<P><STRONG><a name="[a3]"></a>section_3</STRONG> (Thumb, 152 bytes, Stack size 8 bytes, section.o(.text), UNUSED)
<BR><BR>[Calls]<UL><LI><a href="#[a0]">&gt;&gt;</a>&nbsp;&nbsp;&nbsp;Turn_Angle
<LI><a href="#[83]">&gt;&gt;</a>&nbsp;&nbsp;&nbsp;tracking
<LI><a href="#[82]">&gt;&gt;</a>&nbsp;&nbsp;&nbsp;Plot_down
<LI><a href="#[7e]">&gt;&gt;</a>&nbsp;&nbsp;&nbsp;Feature_Sport
</UL>

<P><STRONG><a name="[6f]"></a>section_4</STRONG> (Thumb, 608 bytes, Stack size 16 bytes, section.o(.text))
<BR><BR>[Stack]<UL><LI>Max Depth = 344<LI>Call Chain = section_4 &rArr; Plot_up &rArr; mpu_dmp_get_data &rArr; dmp_read_fifo &rArr; mpu_read_fifo_stream &rArr; mpu_reset_fifo &rArr; MPU_Write_Len &rArr; MPU_IIC_Send_Byte &rArr; MPU_IIC_Delay
</UL>
<BR>[Calls]<UL><LI><a href="#[a0]">&gt;&gt;</a>&nbsp;&nbsp;&nbsp;Turn_Angle
<LI><a href="#[96]">&gt;&gt;</a>&nbsp;&nbsp;&nbsp;Go_Stright
<LI><a href="#[9e]">&gt;&gt;</a>&nbsp;&nbsp;&nbsp;Treasure
<LI><a href="#[9b]">&gt;&gt;</a>&nbsp;&nbsp;&nbsp;Door
<LI><a href="#[83]">&gt;&gt;</a>&nbsp;&nbsp;&nbsp;tracking
<LI><a href="#[7a]">&gt;&gt;</a>&nbsp;&nbsp;&nbsp;motor_allocation
<LI><a href="#[84]">&gt;&gt;</a>&nbsp;&nbsp;&nbsp;delay_ms
<LI><a href="#[80]">&gt;&gt;</a>&nbsp;&nbsp;&nbsp;Plot_up
<LI><a href="#[81]">&gt;&gt;</a>&nbsp;&nbsp;&nbsp;Plot_turn
</UL>
<BR>[Called By]<UL><LI><a href="#[62]">&gt;&gt;</a>&nbsp;&nbsp;&nbsp;main
</UL>

<P><STRONG><a name="[a4]"></a>section_5</STRONG> (Thumb, 674 bytes, Stack size 8 bytes, section.o(.text), UNUSED)
<BR><BR>[Calls]<UL><LI><a href="#[a0]">&gt;&gt;</a>&nbsp;&nbsp;&nbsp;Turn_Angle
<LI><a href="#[96]">&gt;&gt;</a>&nbsp;&nbsp;&nbsp;Go_Stright
<LI><a href="#[9e]">&gt;&gt;</a>&nbsp;&nbsp;&nbsp;Treasure
<LI><a href="#[9a]">&gt;&gt;</a>&nbsp;&nbsp;&nbsp;Seesaw
<LI><a href="#[83]">&gt;&gt;</a>&nbsp;&nbsp;&nbsp;tracking
<LI><a href="#[7a]">&gt;&gt;</a>&nbsp;&nbsp;&nbsp;motor_allocation
<LI><a href="#[84]">&gt;&gt;</a>&nbsp;&nbsp;&nbsp;delay_ms
<LI><a href="#[80]">&gt;&gt;</a>&nbsp;&nbsp;&nbsp;Plot_up
<LI><a href="#[81]">&gt;&gt;</a>&nbsp;&nbsp;&nbsp;Plot_turn
<LI><a href="#[82]">&gt;&gt;</a>&nbsp;&nbsp;&nbsp;Plot_down
<LI><a href="#[7e]">&gt;&gt;</a>&nbsp;&nbsp;&nbsp;Feature_Sport
</UL>

<P><STRONG><a name="[a5]"></a>section_6</STRONG> (Thumb, 220 bytes, Stack size 8 bytes, section.o(.text), UNUSED)
<BR><BR>[Calls]<UL><LI><a href="#[a0]">&gt;&gt;</a>&nbsp;&nbsp;&nbsp;Turn_Angle
<LI><a href="#[96]">&gt;&gt;</a>&nbsp;&nbsp;&nbsp;Go_Stright
<LI><a href="#[9e]">&gt;&gt;</a>&nbsp;&nbsp;&nbsp;Treasure
<LI><a href="#[9c]">&gt;&gt;</a>&nbsp;&nbsp;&nbsp;Plot_Plus_up
<LI><a href="#[83]">&gt;&gt;</a>&nbsp;&nbsp;&nbsp;tracking
<LI><a href="#[8a]">&gt;&gt;</a>&nbsp;&nbsp;&nbsp;Slope
<LI><a href="#[81]">&gt;&gt;</a>&nbsp;&nbsp;&nbsp;Plot_turn
<LI><a href="#[82]">&gt;&gt;</a>&nbsp;&nbsp;&nbsp;Plot_down
</UL>

<P><STRONG><a name="[a6]"></a>section_7</STRONG> (Thumb, 382 bytes, Stack size 8 bytes, section.o(.text), UNUSED)
<BR><BR>[Calls]<UL><LI><a href="#[a0]">&gt;&gt;</a>&nbsp;&nbsp;&nbsp;Turn_Angle
<LI><a href="#[96]">&gt;&gt;</a>&nbsp;&nbsp;&nbsp;Go_Stright
<LI><a href="#[9d]">&gt;&gt;</a>&nbsp;&nbsp;&nbsp;Plot_Plus_down
<LI><a href="#[83]">&gt;&gt;</a>&nbsp;&nbsp;&nbsp;tracking
<LI><a href="#[7e]">&gt;&gt;</a>&nbsp;&nbsp;&nbsp;Feature_Sport
</UL>

<P><STRONG><a name="[71]"></a>section_8</STRONG> (Thumb, 362 bytes, Stack size 8 bytes, section.o(.text))
<BR><BR>[Stack]<UL><LI>Max Depth = 224<LI>Call Chain = section_8 &rArr; tracking &rArr; Measure &rArr; atan &rArr; __kernel_poly &rArr; __aeabi_dmul
</UL>
<BR>[Calls]<UL><LI><a href="#[a0]">&gt;&gt;</a>&nbsp;&nbsp;&nbsp;Turn_Angle
<LI><a href="#[96]">&gt;&gt;</a>&nbsp;&nbsp;&nbsp;Go_Stright
<LI><a href="#[83]">&gt;&gt;</a>&nbsp;&nbsp;&nbsp;tracking
<LI><a href="#[84]">&gt;&gt;</a>&nbsp;&nbsp;&nbsp;delay_ms
<LI><a href="#[7e]">&gt;&gt;</a>&nbsp;&nbsp;&nbsp;Feature_Sport
</UL>
<BR>[Called By]<UL><LI><a href="#[62]">&gt;&gt;</a>&nbsp;&nbsp;&nbsp;main
</UL>

<P><STRONG><a name="[72]"></a>section_9</STRONG> (Thumb, 624 bytes, Stack size 16 bytes, section.o(.text))
<BR><BR>[Stack]<UL><LI>Max Depth = 232<LI>Call Chain = section_9 &rArr; tracking &rArr; Measure &rArr; atan &rArr; __kernel_poly &rArr; __aeabi_dmul
</UL>
<BR>[Calls]<UL><LI><a href="#[a0]">&gt;&gt;</a>&nbsp;&nbsp;&nbsp;Turn_Angle
<LI><a href="#[96]">&gt;&gt;</a>&nbsp;&nbsp;&nbsp;Go_Stright
<LI><a href="#[83]">&gt;&gt;</a>&nbsp;&nbsp;&nbsp;tracking
<LI><a href="#[7a]">&gt;&gt;</a>&nbsp;&nbsp;&nbsp;motor_allocation
<LI><a href="#[84]">&gt;&gt;</a>&nbsp;&nbsp;&nbsp;delay_ms
</UL>
<BR>[Called By]<UL><LI><a href="#[62]">&gt;&gt;</a>&nbsp;&nbsp;&nbsp;main
</UL>

<P><STRONG><a name="[a7]"></a>section_5_6_7_8</STRONG> (Thumb, 496 bytes, Stack size 8 bytes, section.o(.text), UNUSED)
<BR><BR>[Calls]<UL><LI><a href="#[a0]">&gt;&gt;</a>&nbsp;&nbsp;&nbsp;Turn_Angle
<LI><a href="#[96]">&gt;&gt;</a>&nbsp;&nbsp;&nbsp;Go_Stright
<LI><a href="#[83]">&gt;&gt;</a>&nbsp;&nbsp;&nbsp;tracking
<LI><a href="#[82]">&gt;&gt;</a>&nbsp;&nbsp;&nbsp;Plot_down
<LI><a href="#[7e]">&gt;&gt;</a>&nbsp;&nbsp;&nbsp;Feature_Sport
</UL>

<P><STRONG><a name="[70]"></a>section_5_6_7</STRONG> (Thumb, 914 bytes, Stack size 8 bytes, section.o(.text))
<BR><BR>[Stack]<UL><LI>Max Depth = 336<LI>Call Chain = section_5_6_7 &rArr; Plot_Plus_down &rArr; mpu_dmp_get_data &rArr; dmp_read_fifo &rArr; mpu_read_fifo_stream &rArr; mpu_reset_fifo &rArr; MPU_Write_Len &rArr; MPU_IIC_Send_Byte &rArr; MPU_IIC_Delay
</UL>
<BR>[Calls]<UL><LI><a href="#[a0]">&gt;&gt;</a>&nbsp;&nbsp;&nbsp;Turn_Angle
<LI><a href="#[96]">&gt;&gt;</a>&nbsp;&nbsp;&nbsp;Go_Stright
<LI><a href="#[9e]">&gt;&gt;</a>&nbsp;&nbsp;&nbsp;Treasure
<LI><a href="#[9d]">&gt;&gt;</a>&nbsp;&nbsp;&nbsp;Plot_Plus_down
<LI><a href="#[9c]">&gt;&gt;</a>&nbsp;&nbsp;&nbsp;Plot_Plus_up
<LI><a href="#[9a]">&gt;&gt;</a>&nbsp;&nbsp;&nbsp;Seesaw
<LI><a href="#[83]">&gt;&gt;</a>&nbsp;&nbsp;&nbsp;tracking
<LI><a href="#[7a]">&gt;&gt;</a>&nbsp;&nbsp;&nbsp;motor_allocation
<LI><a href="#[84]">&gt;&gt;</a>&nbsp;&nbsp;&nbsp;delay_ms
<LI><a href="#[8a]">&gt;&gt;</a>&nbsp;&nbsp;&nbsp;Slope
<LI><a href="#[81]">&gt;&gt;</a>&nbsp;&nbsp;&nbsp;Plot_turn
<LI><a href="#[82]">&gt;&gt;</a>&nbsp;&nbsp;&nbsp;Plot_down
<LI><a href="#[7e]">&gt;&gt;</a>&nbsp;&nbsp;&nbsp;Feature_Sport
</UL>
<BR>[Called By]<UL><LI><a href="#[62]">&gt;&gt;</a>&nbsp;&nbsp;&nbsp;main
</UL>

<P><STRONG><a name="[73]"></a>section_10</STRONG> (Thumb, 144 bytes, Stack size 8 bytes, section.o(.text))
<BR><BR>[Stack]<UL><LI>Max Depth = 336<LI>Call Chain = section_10 &rArr; Plot_up &rArr; mpu_dmp_get_data &rArr; dmp_read_fifo &rArr; mpu_read_fifo_stream &rArr; mpu_reset_fifo &rArr; MPU_Write_Len &rArr; MPU_IIC_Send_Byte &rArr; MPU_IIC_Delay
</UL>
<BR>[Calls]<UL><LI><a href="#[a0]">&gt;&gt;</a>&nbsp;&nbsp;&nbsp;Turn_Angle
<LI><a href="#[96]">&gt;&gt;</a>&nbsp;&nbsp;&nbsp;Go_Stright
<LI><a href="#[83]">&gt;&gt;</a>&nbsp;&nbsp;&nbsp;tracking
<LI><a href="#[7a]">&gt;&gt;</a>&nbsp;&nbsp;&nbsp;motor_allocation
<LI><a href="#[80]">&gt;&gt;</a>&nbsp;&nbsp;&nbsp;Plot_up
<LI><a href="#[81]">&gt;&gt;</a>&nbsp;&nbsp;&nbsp;Plot_turn
</UL>
<BR>[Called By]<UL><LI><a href="#[62]">&gt;&gt;</a>&nbsp;&nbsp;&nbsp;main
</UL>

<P><STRONG><a name="[a8]"></a>section_1_9_treasure</STRONG> (Thumb, 2326 bytes, Stack size 8 bytes, section.o(.text), UNUSED)
<BR><BR>[Calls]<UL><LI><a href="#[a0]">&gt;&gt;</a>&nbsp;&nbsp;&nbsp;Turn_Angle
<LI><a href="#[96]">&gt;&gt;</a>&nbsp;&nbsp;&nbsp;Go_Stright
<LI><a href="#[9d]">&gt;&gt;</a>&nbsp;&nbsp;&nbsp;Plot_Plus_down
<LI><a href="#[9c]">&gt;&gt;</a>&nbsp;&nbsp;&nbsp;Plot_Plus_up
<LI><a href="#[9a]">&gt;&gt;</a>&nbsp;&nbsp;&nbsp;Seesaw
<LI><a href="#[83]">&gt;&gt;</a>&nbsp;&nbsp;&nbsp;tracking
<LI><a href="#[7a]">&gt;&gt;</a>&nbsp;&nbsp;&nbsp;motor_allocation
<LI><a href="#[84]">&gt;&gt;</a>&nbsp;&nbsp;&nbsp;delay_ms
<LI><a href="#[8a]">&gt;&gt;</a>&nbsp;&nbsp;&nbsp;Slope
<LI><a href="#[80]">&gt;&gt;</a>&nbsp;&nbsp;&nbsp;Plot_up
<LI><a href="#[81]">&gt;&gt;</a>&nbsp;&nbsp;&nbsp;Plot_turn
<LI><a href="#[82]">&gt;&gt;</a>&nbsp;&nbsp;&nbsp;Plot_down
<LI><a href="#[86]">&gt;&gt;</a>&nbsp;&nbsp;&nbsp;Long_Bridge
<LI><a href="#[7e]">&gt;&gt;</a>&nbsp;&nbsp;&nbsp;Feature_Sport
</UL>

<P><STRONG><a name="[6e]"></a>section_23_</STRONG> (Thumb, 610 bytes, Stack size 8 bytes, section.o(.text))
<BR><BR>[Stack]<UL><LI>Max Depth = 336<LI>Call Chain = section_23_ &rArr; Plot_up &rArr; mpu_dmp_get_data &rArr; dmp_read_fifo &rArr; mpu_read_fifo_stream &rArr; mpu_reset_fifo &rArr; MPU_Write_Len &rArr; MPU_IIC_Send_Byte &rArr; MPU_IIC_Delay
</UL>
<BR>[Calls]<UL><LI><a href="#[a0]">&gt;&gt;</a>&nbsp;&nbsp;&nbsp;Turn_Angle
<LI><a href="#[96]">&gt;&gt;</a>&nbsp;&nbsp;&nbsp;Go_Stright
<LI><a href="#[9e]">&gt;&gt;</a>&nbsp;&nbsp;&nbsp;Treasure
<LI><a href="#[83]">&gt;&gt;</a>&nbsp;&nbsp;&nbsp;tracking
<LI><a href="#[80]">&gt;&gt;</a>&nbsp;&nbsp;&nbsp;Plot_up
<LI><a href="#[81]">&gt;&gt;</a>&nbsp;&nbsp;&nbsp;Plot_turn
<LI><a href="#[82]">&gt;&gt;</a>&nbsp;&nbsp;&nbsp;Plot_down
<LI><a href="#[7e]">&gt;&gt;</a>&nbsp;&nbsp;&nbsp;Feature_Sport
</UL>
<BR>[Called By]<UL><LI><a href="#[62]">&gt;&gt;</a>&nbsp;&nbsp;&nbsp;main
</UL>

<P><STRONG><a name="[a9]"></a>Timer2_Init</STRONG> (Thumb, 92 bytes, Stack size 32 bytes, timer.o(.text), UNUSED)
<BR><BR>[Calls]<UL><LI><a href="#[ab]">&gt;&gt;</a>&nbsp;&nbsp;&nbsp;TIM_TimeBaseInit
<LI><a href="#[ac]">&gt;&gt;</a>&nbsp;&nbsp;&nbsp;TIM_ITConfig
<LI><a href="#[aa]">&gt;&gt;</a>&nbsp;&nbsp;&nbsp;RCC_APB1PeriphClockCmd
<LI><a href="#[ad]">&gt;&gt;</a>&nbsp;&nbsp;&nbsp;NVIC_Init
</UL>

<P><STRONG><a name="[2b]"></a>TIM2_IRQHandler</STRONG> (Thumb, 22 bytes, Stack size 8 bytes, timer.o(.text))
<BR><BR>[Stack]<UL><LI>Max Depth = 20<LI>Call Chain = TIM2_IRQHandler &rArr; TIM_GetITStatus
</UL>
<BR>[Calls]<UL><LI><a href="#[ae]">&gt;&gt;</a>&nbsp;&nbsp;&nbsp;TIM_GetITStatus
<LI><a href="#[af]">&gt;&gt;</a>&nbsp;&nbsp;&nbsp;TIM_ClearITPendingBit
</UL>
<BR>[Address Reference Count : 1]<UL><LI> startup_stm32f10x_hd.o(RESET)
</UL>
<P><STRONG><a name="[b0]"></a>TIM3_Int_Init</STRONG> (Thumb, 90 bytes, Stack size 32 bytes, timer.o(.text), UNUSED)
<BR><BR>[Calls]<UL><LI><a href="#[ab]">&gt;&gt;</a>&nbsp;&nbsp;&nbsp;TIM_TimeBaseInit
<LI><a href="#[ac]">&gt;&gt;</a>&nbsp;&nbsp;&nbsp;TIM_ITConfig
<LI><a href="#[b1]">&gt;&gt;</a>&nbsp;&nbsp;&nbsp;TIM_Cmd
<LI><a href="#[aa]">&gt;&gt;</a>&nbsp;&nbsp;&nbsp;RCC_APB1PeriphClockCmd
<LI><a href="#[ad]">&gt;&gt;</a>&nbsp;&nbsp;&nbsp;NVIC_Init
</UL>

<P><STRONG><a name="[2c]"></a>TIM3_IRQHandler</STRONG> (Thumb, 22 bytes, Stack size 8 bytes, timer.o(.text))
<BR><BR>[Stack]<UL><LI>Max Depth = 20<LI>Call Chain = TIM3_IRQHandler &rArr; TIM_GetITStatus
</UL>
<BR>[Calls]<UL><LI><a href="#[ae]">&gt;&gt;</a>&nbsp;&nbsp;&nbsp;TIM_GetITStatus
<LI><a href="#[af]">&gt;&gt;</a>&nbsp;&nbsp;&nbsp;TIM_ClearITPendingBit
</UL>
<BR>[Address Reference Count : 1]<UL><LI> startup_stm32f10x_hd.o(RESET)
</UL>
<P><STRONG><a name="[6a]"></a>TIM3_PWM_Init</STRONG> (Thumb, 192 bytes, Stack size 48 bytes, timer.o(.text))
<BR><BR>[Stack]<UL><LI>Max Depth = 72<LI>Call Chain = TIM3_PWM_Init &rArr; GPIO_Init
</UL>
<BR>[Calls]<UL><LI><a href="#[ab]">&gt;&gt;</a>&nbsp;&nbsp;&nbsp;TIM_TimeBaseInit
<LI><a href="#[bc]">&gt;&gt;</a>&nbsp;&nbsp;&nbsp;TIM_OC4PreloadConfig
<LI><a href="#[bb]">&gt;&gt;</a>&nbsp;&nbsp;&nbsp;TIM_OC4Init
<LI><a href="#[ba]">&gt;&gt;</a>&nbsp;&nbsp;&nbsp;TIM_OC3PreloadConfig
<LI><a href="#[b9]">&gt;&gt;</a>&nbsp;&nbsp;&nbsp;TIM_OC3Init
<LI><a href="#[b6]">&gt;&gt;</a>&nbsp;&nbsp;&nbsp;TIM_OC2PreloadConfig
<LI><a href="#[b5]">&gt;&gt;</a>&nbsp;&nbsp;&nbsp;TIM_OC2Init
<LI><a href="#[b8]">&gt;&gt;</a>&nbsp;&nbsp;&nbsp;TIM_OC1PreloadConfig
<LI><a href="#[b7]">&gt;&gt;</a>&nbsp;&nbsp;&nbsp;TIM_OC1Init
<LI><a href="#[b1]">&gt;&gt;</a>&nbsp;&nbsp;&nbsp;TIM_Cmd
<LI><a href="#[bd]">&gt;&gt;</a>&nbsp;&nbsp;&nbsp;TIM_ARRPreloadConfig
<LI><a href="#[b2]">&gt;&gt;</a>&nbsp;&nbsp;&nbsp;RCC_APB2PeriphClockCmd
<LI><a href="#[aa]">&gt;&gt;</a>&nbsp;&nbsp;&nbsp;RCC_APB1PeriphClockCmd
<LI><a href="#[b3]">&gt;&gt;</a>&nbsp;&nbsp;&nbsp;GPIO_PinRemapConfig
<LI><a href="#[b4]">&gt;&gt;</a>&nbsp;&nbsp;&nbsp;GPIO_Init
</UL>
<BR>[Called By]<UL><LI><a href="#[cb]">&gt;&gt;</a>&nbsp;&nbsp;&nbsp;DUOJI_Init
<LI><a href="#[62]">&gt;&gt;</a>&nbsp;&nbsp;&nbsp;main
</UL>

<P><STRONG><a name="[be]"></a>TIM4_PWM_Init</STRONG> (Thumb, 192 bytes, Stack size 48 bytes, timer.o(.text))
<BR><BR>[Stack]<UL><LI>Max Depth = 72<LI>Call Chain = TIM4_PWM_Init &rArr; GPIO_Init
</UL>
<BR>[Calls]<UL><LI><a href="#[ab]">&gt;&gt;</a>&nbsp;&nbsp;&nbsp;TIM_TimeBaseInit
<LI><a href="#[bc]">&gt;&gt;</a>&nbsp;&nbsp;&nbsp;TIM_OC4PreloadConfig
<LI><a href="#[bb]">&gt;&gt;</a>&nbsp;&nbsp;&nbsp;TIM_OC4Init
<LI><a href="#[ba]">&gt;&gt;</a>&nbsp;&nbsp;&nbsp;TIM_OC3PreloadConfig
<LI><a href="#[b9]">&gt;&gt;</a>&nbsp;&nbsp;&nbsp;TIM_OC3Init
<LI><a href="#[b6]">&gt;&gt;</a>&nbsp;&nbsp;&nbsp;TIM_OC2PreloadConfig
<LI><a href="#[b5]">&gt;&gt;</a>&nbsp;&nbsp;&nbsp;TIM_OC2Init
<LI><a href="#[b8]">&gt;&gt;</a>&nbsp;&nbsp;&nbsp;TIM_OC1PreloadConfig
<LI><a href="#[b7]">&gt;&gt;</a>&nbsp;&nbsp;&nbsp;TIM_OC1Init
<LI><a href="#[bf]">&gt;&gt;</a>&nbsp;&nbsp;&nbsp;TIM_CtrlPWMOutputs
<LI><a href="#[b1]">&gt;&gt;</a>&nbsp;&nbsp;&nbsp;TIM_Cmd
<LI><a href="#[bd]">&gt;&gt;</a>&nbsp;&nbsp;&nbsp;TIM_ARRPreloadConfig
<LI><a href="#[aa]">&gt;&gt;</a>&nbsp;&nbsp;&nbsp;RCC_APB1PeriphClockCmd
<LI><a href="#[b4]">&gt;&gt;</a>&nbsp;&nbsp;&nbsp;GPIO_Init
</UL>
<BR>[Called By]<UL><LI><a href="#[68]">&gt;&gt;</a>&nbsp;&nbsp;&nbsp;ALLOCATION_Init
</UL>

<P><STRONG><a name="[c0]"></a>TIM5_Cap_Init</STRONG> (Thumb, 148 bytes, Stack size 32 bytes, timer.o(.text), UNUSED)
<BR><BR>[Calls]<UL><LI><a href="#[ab]">&gt;&gt;</a>&nbsp;&nbsp;&nbsp;TIM_TimeBaseInit
<LI><a href="#[ac]">&gt;&gt;</a>&nbsp;&nbsp;&nbsp;TIM_ITConfig
<LI><a href="#[c2]">&gt;&gt;</a>&nbsp;&nbsp;&nbsp;TIM_ICInit
<LI><a href="#[b1]">&gt;&gt;</a>&nbsp;&nbsp;&nbsp;TIM_Cmd
<LI><a href="#[b2]">&gt;&gt;</a>&nbsp;&nbsp;&nbsp;RCC_APB2PeriphClockCmd
<LI><a href="#[aa]">&gt;&gt;</a>&nbsp;&nbsp;&nbsp;RCC_APB1PeriphClockCmd
<LI><a href="#[ad]">&gt;&gt;</a>&nbsp;&nbsp;&nbsp;NVIC_Init
<LI><a href="#[c1]">&gt;&gt;</a>&nbsp;&nbsp;&nbsp;GPIO_ResetBits
<LI><a href="#[b4]">&gt;&gt;</a>&nbsp;&nbsp;&nbsp;GPIO_Init
</UL>

<P><STRONG><a name="[41]"></a>TIM5_IRQHandler</STRONG> (Thumb, 178 bytes, Stack size 8 bytes, timer.o(.text))
<BR><BR>[Stack]<UL><LI>Max Depth = 20<LI>Call Chain = TIM5_IRQHandler &rArr; TIM_GetITStatus
</UL>
<BR>[Calls]<UL><LI><a href="#[c5]">&gt;&gt;</a>&nbsp;&nbsp;&nbsp;TIM_SetCounter
<LI><a href="#[c4]">&gt;&gt;</a>&nbsp;&nbsp;&nbsp;TIM_OC1PolarityConfig
<LI><a href="#[ae]">&gt;&gt;</a>&nbsp;&nbsp;&nbsp;TIM_GetITStatus
<LI><a href="#[c3]">&gt;&gt;</a>&nbsp;&nbsp;&nbsp;TIM_GetCapture1
<LI><a href="#[af]">&gt;&gt;</a>&nbsp;&nbsp;&nbsp;TIM_ClearITPendingBit
</UL>
<BR>[Address Reference Count : 1]<UL><LI> startup_stm32f10x_hd.o(RESET)
</UL>
<P><STRONG><a name="[c6]"></a>DUOJI_1</STRONG> (Thumb, 46 bytes, Stack size 8 bytes, timer.o(.text), UNUSED)
<BR><BR>[Calls]<UL><LI><a href="#[c7]">&gt;&gt;</a>&nbsp;&nbsp;&nbsp;TIM_SetCompare1
</UL>

<P><STRONG><a name="[8d]"></a>DUOJI_2</STRONG> (Thumb, 46 bytes, Stack size 8 bytes, timer.o(.text))
<BR><BR>[Stack]<UL><LI>Max Depth = 8<LI>Call Chain = DUOJI_2
</UL>
<BR>[Calls]<UL><LI><a href="#[c8]">&gt;&gt;</a>&nbsp;&nbsp;&nbsp;TIM_SetCompare2
</UL>
<BR>[Called By]<UL><LI><a href="#[8c]">&gt;&gt;</a>&nbsp;&nbsp;&nbsp;Move
<LI><a href="#[81]">&gt;&gt;</a>&nbsp;&nbsp;&nbsp;Plot_turn
<LI><a href="#[7e]">&gt;&gt;</a>&nbsp;&nbsp;&nbsp;Feature_Sport
<LI><a href="#[6c]">&gt;&gt;</a>&nbsp;&nbsp;&nbsp;Action
</UL>

<P><STRONG><a name="[8e]"></a>DUOJI_3</STRONG> (Thumb, 46 bytes, Stack size 8 bytes, timer.o(.text))
<BR><BR>[Stack]<UL><LI>Max Depth = 8<LI>Call Chain = DUOJI_3
</UL>
<BR>[Calls]<UL><LI><a href="#[c9]">&gt;&gt;</a>&nbsp;&nbsp;&nbsp;TIM_SetCompare3
</UL>
<BR>[Called By]<UL><LI><a href="#[8c]">&gt;&gt;</a>&nbsp;&nbsp;&nbsp;Move
<LI><a href="#[81]">&gt;&gt;</a>&nbsp;&nbsp;&nbsp;Plot_turn
<LI><a href="#[7e]">&gt;&gt;</a>&nbsp;&nbsp;&nbsp;Feature_Sport
<LI><a href="#[6c]">&gt;&gt;</a>&nbsp;&nbsp;&nbsp;Action
</UL>

<P><STRONG><a name="[90]"></a>DUOJI_4</STRONG> (Thumb, 46 bytes, Stack size 8 bytes, timer.o(.text))
<BR><BR>[Stack]<UL><LI>Max Depth = 8<LI>Call Chain = DUOJI_4
</UL>
<BR>[Calls]<UL><LI><a href="#[ca]">&gt;&gt;</a>&nbsp;&nbsp;&nbsp;TIM_SetCompare4
</UL>
<BR>[Called By]<UL><LI><a href="#[6c]">&gt;&gt;</a>&nbsp;&nbsp;&nbsp;Action
</UL>

<P><STRONG><a name="[cb]"></a>DUOJI_Init</STRONG> (Thumb, 14 bytes, Stack size 8 bytes, timer.o(.text), UNUSED)
<BR><BR>[Calls]<UL><LI><a href="#[6a]">&gt;&gt;</a>&nbsp;&nbsp;&nbsp;TIM3_PWM_Init
</UL>

<P><STRONG><a name="[cc]"></a>pid_pwm_Init</STRONG> (Thumb, 46 bytes, Stack size 16 bytes, pid.o(.text), UNUSED)
<BR><BR>[Calls]<UL><LI><a href="#[cd]">&gt;&gt;</a>&nbsp;&nbsp;&nbsp;__aeabi_i2f
</UL>

<P><STRONG><a name="[ce]"></a>pid_pwm_UsartCtr</STRONG> (Thumb, 132 bytes, Stack size 16 bytes, pid.o(.text), UNUSED)
<BR><BR>[Calls]<UL><LI><a href="#[d0]">&gt;&gt;</a>&nbsp;&nbsp;&nbsp;__aeabi_ui2f
<LI><a href="#[cf]">&gt;&gt;</a>&nbsp;&nbsp;&nbsp;__aeabi_f2d
<LI><a href="#[77]">&gt;&gt;</a>&nbsp;&nbsp;&nbsp;__2printf
</UL>

<P><STRONG><a name="[d1]"></a>pid_pwm_Calc</STRONG> (Thumb, 206 bytes, Stack size 16 bytes, pid.o(.text), UNUSED)
<BR><BR>[Calls]<UL><LI><a href="#[94]">&gt;&gt;</a>&nbsp;&nbsp;&nbsp;__aeabi_cfrcmple
<LI><a href="#[93]">&gt;&gt;</a>&nbsp;&nbsp;&nbsp;__aeabi_fmul
<LI><a href="#[95]">&gt;&gt;</a>&nbsp;&nbsp;&nbsp;__aeabi_cfcmple
<LI><a href="#[cd]">&gt;&gt;</a>&nbsp;&nbsp;&nbsp;__aeabi_i2f
<LI><a href="#[d3]">&gt;&gt;</a>&nbsp;&nbsp;&nbsp;__aeabi_f2iz
<LI><a href="#[d2]">&gt;&gt;</a>&nbsp;&nbsp;&nbsp;__aeabi_fsub
<LI><a href="#[97]">&gt;&gt;</a>&nbsp;&nbsp;&nbsp;__aeabi_fadd
</UL>

<P><STRONG><a name="[69]"></a>pd_imcompD_Init</STRONG> (Thumb, 46 bytes, Stack size 16 bytes, pid.o(.text))
<BR><BR>[Stack]<UL><LI>Max Depth = 16<LI>Call Chain = pd_imcompD_Init
</UL>
<BR>[Calls]<UL><LI><a href="#[cd]">&gt;&gt;</a>&nbsp;&nbsp;&nbsp;__aeabi_i2f
</UL>
<BR>[Called By]<UL><LI><a href="#[62]">&gt;&gt;</a>&nbsp;&nbsp;&nbsp;main
</UL>

<P><STRONG><a name="[d4]"></a>pd_imcompD_UsartCtr</STRONG> (Thumb, 148 bytes, Stack size 16 bytes, pid.o(.text))
<BR><BR>[Stack]<UL><LI>Max Depth = 160 + Unknown Stack Size
<LI>Call Chain = pd_imcompD_UsartCtr &rArr; __2printf &rArr; _printf_char_file &rArr; _printf_char_common &rArr; __printf
</UL>
<BR>[Calls]<UL><LI><a href="#[cd]">&gt;&gt;</a>&nbsp;&nbsp;&nbsp;__aeabi_i2f
<LI><a href="#[cf]">&gt;&gt;</a>&nbsp;&nbsp;&nbsp;__aeabi_f2d
<LI><a href="#[77]">&gt;&gt;</a>&nbsp;&nbsp;&nbsp;__2printf
</UL>
<BR>[Called By]<UL><LI><a href="#[34]">&gt;&gt;</a>&nbsp;&nbsp;&nbsp;USART1_IRQHandler
</UL>

<P><STRONG><a name="[d5]"></a>pd_imcompD_Calc</STRONG> (Thumb, 124 bytes, Stack size 16 bytes, pid.o(.text))
<BR><BR>[Stack]<UL><LI>Max Depth = 32<LI>Call Chain = pd_imcompD_Calc &rArr; __aeabi_fmul
</UL>
<BR>[Calls]<UL><LI><a href="#[94]">&gt;&gt;</a>&nbsp;&nbsp;&nbsp;__aeabi_cfrcmple
<LI><a href="#[93]">&gt;&gt;</a>&nbsp;&nbsp;&nbsp;__aeabi_fmul
<LI><a href="#[95]">&gt;&gt;</a>&nbsp;&nbsp;&nbsp;__aeabi_cfcmple
<LI><a href="#[cd]">&gt;&gt;</a>&nbsp;&nbsp;&nbsp;__aeabi_i2f
<LI><a href="#[d3]">&gt;&gt;</a>&nbsp;&nbsp;&nbsp;__aeabi_f2iz
<LI><a href="#[d2]">&gt;&gt;</a>&nbsp;&nbsp;&nbsp;__aeabi_fsub
</UL>
<BR>[Called By]<UL><LI><a href="#[91]">&gt;&gt;</a>&nbsp;&nbsp;&nbsp;differ_control
<LI><a href="#[83]">&gt;&gt;</a>&nbsp;&nbsp;&nbsp;tracking
</UL>

<P><STRONG><a name="[d6]"></a>Measure</STRONG> (Thumb, 864 bytes, Stack size 32 bytes, seek.o(.text))
<BR><BR>[Stack]<UL><LI>Max Depth = 128<LI>Call Chain = Measure &rArr; atan &rArr; __kernel_poly &rArr; __aeabi_dmul
</UL>
<BR>[Calls]<UL><LI><a href="#[d9]">&gt;&gt;</a>&nbsp;&nbsp;&nbsp;atan
<LI><a href="#[d7]">&gt;&gt;</a>&nbsp;&nbsp;&nbsp;__aeabi_i2d
<LI><a href="#[d8]">&gt;&gt;</a>&nbsp;&nbsp;&nbsp;__aeabi_ddiv
</UL>
<BR>[Called By]<UL><LI><a href="#[91]">&gt;&gt;</a>&nbsp;&nbsp;&nbsp;differ_control
<LI><a href="#[a0]">&gt;&gt;</a>&nbsp;&nbsp;&nbsp;Turn_Angle
<LI><a href="#[83]">&gt;&gt;</a>&nbsp;&nbsp;&nbsp;tracking
</UL>

<P><STRONG><a name="[da]"></a>motor_control</STRONG> (Thumb, 52 bytes, Stack size 8 bytes, seek.o(.text))
<BR><BR>[Stack]<UL><LI>Max Depth = 8<LI>Call Chain = motor_control
</UL>
<BR>[Calls]<UL><LI><a href="#[ca]">&gt;&gt;</a>&nbsp;&nbsp;&nbsp;TIM_SetCompare4
<LI><a href="#[c9]">&gt;&gt;</a>&nbsp;&nbsp;&nbsp;TIM_SetCompare3
<LI><a href="#[c8]">&gt;&gt;</a>&nbsp;&nbsp;&nbsp;TIM_SetCompare2
<LI><a href="#[c7]">&gt;&gt;</a>&nbsp;&nbsp;&nbsp;TIM_SetCompare1
</UL>
<BR>[Called By]<UL><LI><a href="#[db]">&gt;&gt;</a>&nbsp;&nbsp;&nbsp;Turn
<LI><a href="#[91]">&gt;&gt;</a>&nbsp;&nbsp;&nbsp;differ_control
<LI><a href="#[96]">&gt;&gt;</a>&nbsp;&nbsp;&nbsp;Go_Stright
<LI><a href="#[83]">&gt;&gt;</a>&nbsp;&nbsp;&nbsp;tracking
</UL>

<P><STRONG><a name="[db]"></a>Turn</STRONG> (Thumb, 26 bytes, Stack size 16 bytes, seek.o(.text))
<BR><BR>[Stack]<UL><LI>Max Depth = 24<LI>Call Chain = Turn &rArr; motor_control
</UL>
<BR>[Calls]<UL><LI><a href="#[da]">&gt;&gt;</a>&nbsp;&nbsp;&nbsp;motor_control
<LI><a href="#[7a]">&gt;&gt;</a>&nbsp;&nbsp;&nbsp;motor_allocation
</UL>
<BR>[Called By]<UL><LI><a href="#[a0]">&gt;&gt;</a>&nbsp;&nbsp;&nbsp;Turn_Angle
</UL>

<P><STRONG><a name="[96]"></a>Go_Stright</STRONG> (Thumb, 26 bytes, Stack size 16 bytes, seek.o(.text))
<BR><BR>[Stack]<UL><LI>Max Depth = 24<LI>Call Chain = Go_Stright &rArr; motor_control
</UL>
<BR>[Calls]<UL><LI><a href="#[da]">&gt;&gt;</a>&nbsp;&nbsp;&nbsp;motor_control
<LI><a href="#[7a]">&gt;&gt;</a>&nbsp;&nbsp;&nbsp;motor_allocation
</UL>
<BR>[Called By]<UL><LI><a href="#[a8]">&gt;&gt;</a>&nbsp;&nbsp;&nbsp;section_1_9_treasure
<LI><a href="#[a7]">&gt;&gt;</a>&nbsp;&nbsp;&nbsp;section_5_6_7_8
<LI><a href="#[a6]">&gt;&gt;</a>&nbsp;&nbsp;&nbsp;section_7
<LI><a href="#[a5]">&gt;&gt;</a>&nbsp;&nbsp;&nbsp;section_6
<LI><a href="#[a4]">&gt;&gt;</a>&nbsp;&nbsp;&nbsp;section_5
<LI><a href="#[a2]">&gt;&gt;</a>&nbsp;&nbsp;&nbsp;section_2_9
<LI><a href="#[a1]">&gt;&gt;</a>&nbsp;&nbsp;&nbsp;section_2
<LI><a href="#[9f]">&gt;&gt;</a>&nbsp;&nbsp;&nbsp;Cycle
<LI><a href="#[9e]">&gt;&gt;</a>&nbsp;&nbsp;&nbsp;Treasure
<LI><a href="#[9d]">&gt;&gt;</a>&nbsp;&nbsp;&nbsp;Plot_Plus_down
<LI><a href="#[9c]">&gt;&gt;</a>&nbsp;&nbsp;&nbsp;Plot_Plus_up
<LI><a href="#[8a]">&gt;&gt;</a>&nbsp;&nbsp;&nbsp;Slope
<LI><a href="#[80]">&gt;&gt;</a>&nbsp;&nbsp;&nbsp;Plot_up
<LI><a href="#[82]">&gt;&gt;</a>&nbsp;&nbsp;&nbsp;Plot_down
<LI><a href="#[86]">&gt;&gt;</a>&nbsp;&nbsp;&nbsp;Long_Bridge
<LI><a href="#[7e]">&gt;&gt;</a>&nbsp;&nbsp;&nbsp;Feature_Sport
<LI><a href="#[72]">&gt;&gt;</a>&nbsp;&nbsp;&nbsp;section_9
<LI><a href="#[71]">&gt;&gt;</a>&nbsp;&nbsp;&nbsp;section_8
<LI><a href="#[70]">&gt;&gt;</a>&nbsp;&nbsp;&nbsp;section_5_6_7
<LI><a href="#[6f]">&gt;&gt;</a>&nbsp;&nbsp;&nbsp;section_4
<LI><a href="#[6e]">&gt;&gt;</a>&nbsp;&nbsp;&nbsp;section_23_
<LI><a href="#[73]">&gt;&gt;</a>&nbsp;&nbsp;&nbsp;section_10
</UL>

<P><STRONG><a name="[83]"></a>tracking</STRONG> (Thumb, 396 bytes, Stack size 88 bytes, seek.o(.text))
<BR><BR>[Stack]<UL><LI>Max Depth = 216<LI>Call Chain = tracking &rArr; Measure &rArr; atan &rArr; __kernel_poly &rArr; __aeabi_dmul
</UL>
<BR>[Calls]<UL><LI><a href="#[da]">&gt;&gt;</a>&nbsp;&nbsp;&nbsp;motor_control
<LI><a href="#[d6]">&gt;&gt;</a>&nbsp;&nbsp;&nbsp;Measure
<LI><a href="#[d5]">&gt;&gt;</a>&nbsp;&nbsp;&nbsp;pd_imcompD_Calc
<LI><a href="#[7a]">&gt;&gt;</a>&nbsp;&nbsp;&nbsp;motor_allocation
<LI><a href="#[93]">&gt;&gt;</a>&nbsp;&nbsp;&nbsp;__aeabi_fmul
<LI><a href="#[cd]">&gt;&gt;</a>&nbsp;&nbsp;&nbsp;__aeabi_i2f
<LI><a href="#[cf]">&gt;&gt;</a>&nbsp;&nbsp;&nbsp;__aeabi_f2d
<LI><a href="#[dc]">&gt;&gt;</a>&nbsp;&nbsp;&nbsp;__aeabi_dmul
<LI><a href="#[de]">&gt;&gt;</a>&nbsp;&nbsp;&nbsp;__aeabi_d2iz
<LI><a href="#[dd]">&gt;&gt;</a>&nbsp;&nbsp;&nbsp;__aeabi_dadd
</UL>
<BR>[Called By]<UL><LI><a href="#[a8]">&gt;&gt;</a>&nbsp;&nbsp;&nbsp;section_1_9_treasure
<LI><a href="#[a7]">&gt;&gt;</a>&nbsp;&nbsp;&nbsp;section_5_6_7_8
<LI><a href="#[a6]">&gt;&gt;</a>&nbsp;&nbsp;&nbsp;section_7
<LI><a href="#[a5]">&gt;&gt;</a>&nbsp;&nbsp;&nbsp;section_6
<LI><a href="#[a4]">&gt;&gt;</a>&nbsp;&nbsp;&nbsp;section_5
<LI><a href="#[a3]">&gt;&gt;</a>&nbsp;&nbsp;&nbsp;section_3
<LI><a href="#[a2]">&gt;&gt;</a>&nbsp;&nbsp;&nbsp;section_2_9
<LI><a href="#[a1]">&gt;&gt;</a>&nbsp;&nbsp;&nbsp;section_2
<LI><a href="#[9f]">&gt;&gt;</a>&nbsp;&nbsp;&nbsp;Cycle
<LI><a href="#[85]">&gt;&gt;</a>&nbsp;&nbsp;&nbsp;Bredge_test
<LI><a href="#[7f]">&gt;&gt;</a>&nbsp;&nbsp;&nbsp;Plot_test
<LI><a href="#[72]">&gt;&gt;</a>&nbsp;&nbsp;&nbsp;section_9
<LI><a href="#[71]">&gt;&gt;</a>&nbsp;&nbsp;&nbsp;section_8
<LI><a href="#[70]">&gt;&gt;</a>&nbsp;&nbsp;&nbsp;section_5_6_7
<LI><a href="#[6f]">&gt;&gt;</a>&nbsp;&nbsp;&nbsp;section_4
<LI><a href="#[6e]">&gt;&gt;</a>&nbsp;&nbsp;&nbsp;section_23_
<LI><a href="#[73]">&gt;&gt;</a>&nbsp;&nbsp;&nbsp;section_10
<LI><a href="#[6d]">&gt;&gt;</a>&nbsp;&nbsp;&nbsp;section_1
</UL>

<P><STRONG><a name="[a0]"></a>Turn_Angle</STRONG> (Thumb, 306 bytes, Stack size 16 bytes, seek.o(.text))
<BR><BR>[Stack]<UL><LI>Max Depth = 144<LI>Call Chain = Turn_Angle &rArr; Measure &rArr; atan &rArr; __kernel_poly &rArr; __aeabi_dmul
</UL>
<BR>[Calls]<UL><LI><a href="#[db]">&gt;&gt;</a>&nbsp;&nbsp;&nbsp;Turn
<LI><a href="#[d6]">&gt;&gt;</a>&nbsp;&nbsp;&nbsp;Measure
<LI><a href="#[7a]">&gt;&gt;</a>&nbsp;&nbsp;&nbsp;motor_allocation
</UL>
<BR>[Called By]<UL><LI><a href="#[a8]">&gt;&gt;</a>&nbsp;&nbsp;&nbsp;section_1_9_treasure
<LI><a href="#[a7]">&gt;&gt;</a>&nbsp;&nbsp;&nbsp;section_5_6_7_8
<LI><a href="#[a6]">&gt;&gt;</a>&nbsp;&nbsp;&nbsp;section_7
<LI><a href="#[a5]">&gt;&gt;</a>&nbsp;&nbsp;&nbsp;section_6
<LI><a href="#[a4]">&gt;&gt;</a>&nbsp;&nbsp;&nbsp;section_5
<LI><a href="#[a3]">&gt;&gt;</a>&nbsp;&nbsp;&nbsp;section_3
<LI><a href="#[a2]">&gt;&gt;</a>&nbsp;&nbsp;&nbsp;section_2_9
<LI><a href="#[a1]">&gt;&gt;</a>&nbsp;&nbsp;&nbsp;section_2
<LI><a href="#[9f]">&gt;&gt;</a>&nbsp;&nbsp;&nbsp;Cycle
<LI><a href="#[72]">&gt;&gt;</a>&nbsp;&nbsp;&nbsp;section_9
<LI><a href="#[71]">&gt;&gt;</a>&nbsp;&nbsp;&nbsp;section_8
<LI><a href="#[70]">&gt;&gt;</a>&nbsp;&nbsp;&nbsp;section_5_6_7
<LI><a href="#[6f]">&gt;&gt;</a>&nbsp;&nbsp;&nbsp;section_4
<LI><a href="#[6e]">&gt;&gt;</a>&nbsp;&nbsp;&nbsp;section_23_
<LI><a href="#[73]">&gt;&gt;</a>&nbsp;&nbsp;&nbsp;section_10
</UL>

<P><STRONG><a name="[91]"></a>differ_control</STRONG> (Thumb, 200 bytes, Stack size 56 bytes, seek.o(.text))
<BR><BR>[Stack]<UL><LI>Max Depth = 184<LI>Call Chain = differ_control &rArr; Measure &rArr; atan &rArr; __kernel_poly &rArr; __aeabi_dmul
</UL>
<BR>[Calls]<UL><LI><a href="#[da]">&gt;&gt;</a>&nbsp;&nbsp;&nbsp;motor_control
<LI><a href="#[d6]">&gt;&gt;</a>&nbsp;&nbsp;&nbsp;Measure
<LI><a href="#[d5]">&gt;&gt;</a>&nbsp;&nbsp;&nbsp;pd_imcompD_Calc
<LI><a href="#[93]">&gt;&gt;</a>&nbsp;&nbsp;&nbsp;__aeabi_fmul
<LI><a href="#[cd]">&gt;&gt;</a>&nbsp;&nbsp;&nbsp;__aeabi_i2f
<LI><a href="#[cf]">&gt;&gt;</a>&nbsp;&nbsp;&nbsp;__aeabi_f2d
<LI><a href="#[dc]">&gt;&gt;</a>&nbsp;&nbsp;&nbsp;__aeabi_dmul
<LI><a href="#[de]">&gt;&gt;</a>&nbsp;&nbsp;&nbsp;__aeabi_d2iz
<LI><a href="#[dd]">&gt;&gt;</a>&nbsp;&nbsp;&nbsp;__aeabi_dadd
</UL>
<BR>[Called By]<UL><LI><a href="#[9f]">&gt;&gt;</a>&nbsp;&nbsp;&nbsp;Cycle
<LI><a href="#[9d]">&gt;&gt;</a>&nbsp;&nbsp;&nbsp;Plot_Plus_down
<LI><a href="#[9c]">&gt;&gt;</a>&nbsp;&nbsp;&nbsp;Plot_Plus_up
<LI><a href="#[9b]">&gt;&gt;</a>&nbsp;&nbsp;&nbsp;Door
<LI><a href="#[9a]">&gt;&gt;</a>&nbsp;&nbsp;&nbsp;Seesaw
<LI><a href="#[99]">&gt;&gt;</a>&nbsp;&nbsp;&nbsp;Hill
<LI><a href="#[8a]">&gt;&gt;</a>&nbsp;&nbsp;&nbsp;Slope
<LI><a href="#[80]">&gt;&gt;</a>&nbsp;&nbsp;&nbsp;Plot_up
<LI><a href="#[82]">&gt;&gt;</a>&nbsp;&nbsp;&nbsp;Plot_down
<LI><a href="#[86]">&gt;&gt;</a>&nbsp;&nbsp;&nbsp;Long_Bridge
<LI><a href="#[7e]">&gt;&gt;</a>&nbsp;&nbsp;&nbsp;Feature_Sport
</UL>

<P><STRONG><a name="[df]"></a>IIC_Start1</STRONG> (Thumb, 40 bytes, Stack size 8 bytes, oled.o(.text), UNUSED)
<BR><BR>[Calls]<UL><LI><a href="#[e0]">&gt;&gt;</a>&nbsp;&nbsp;&nbsp;GPIO_SetBits
<LI><a href="#[c1]">&gt;&gt;</a>&nbsp;&nbsp;&nbsp;GPIO_ResetBits
</UL>
<BR>[Called By]<UL><LI><a href="#[e5]">&gt;&gt;</a>&nbsp;&nbsp;&nbsp;Write_IIC_Data
<LI><a href="#[e4]">&gt;&gt;</a>&nbsp;&nbsp;&nbsp;Write_IIC_Command
</UL>

<P><STRONG><a name="[e1]"></a>IIC_Stop1</STRONG> (Thumb, 32 bytes, Stack size 8 bytes, oled.o(.text), UNUSED)
<BR><BR>[Calls]<UL><LI><a href="#[e0]">&gt;&gt;</a>&nbsp;&nbsp;&nbsp;GPIO_SetBits
<LI><a href="#[c1]">&gt;&gt;</a>&nbsp;&nbsp;&nbsp;GPIO_ResetBits
</UL>
<BR>[Called By]<UL><LI><a href="#[e5]">&gt;&gt;</a>&nbsp;&nbsp;&nbsp;Write_IIC_Data
<LI><a href="#[e4]">&gt;&gt;</a>&nbsp;&nbsp;&nbsp;Write_IIC_Command
</UL>

<P><STRONG><a name="[e2]"></a>IIC_Wait_Ack1</STRONG> (Thumb, 20 bytes, Stack size 8 bytes, oled.o(.text), UNUSED)
<BR><BR>[Calls]<UL><LI><a href="#[e0]">&gt;&gt;</a>&nbsp;&nbsp;&nbsp;GPIO_SetBits
<LI><a href="#[c1]">&gt;&gt;</a>&nbsp;&nbsp;&nbsp;GPIO_ResetBits
</UL>
<BR>[Called By]<UL><LI><a href="#[e5]">&gt;&gt;</a>&nbsp;&nbsp;&nbsp;Write_IIC_Data
<LI><a href="#[e4]">&gt;&gt;</a>&nbsp;&nbsp;&nbsp;Write_IIC_Command
</UL>

<P><STRONG><a name="[e3]"></a>Write_IIC_Byte</STRONG> (Thumb, 82 bytes, Stack size 24 bytes, oled.o(.text), UNUSED)
<BR><BR>[Calls]<UL><LI><a href="#[e0]">&gt;&gt;</a>&nbsp;&nbsp;&nbsp;GPIO_SetBits
<LI><a href="#[c1]">&gt;&gt;</a>&nbsp;&nbsp;&nbsp;GPIO_ResetBits
</UL>
<BR>[Called By]<UL><LI><a href="#[e5]">&gt;&gt;</a>&nbsp;&nbsp;&nbsp;Write_IIC_Data
<LI><a href="#[e4]">&gt;&gt;</a>&nbsp;&nbsp;&nbsp;Write_IIC_Command
</UL>

<P><STRONG><a name="[e4]"></a>Write_IIC_Command</STRONG> (Thumb, 44 bytes, Stack size 8 bytes, oled.o(.text), UNUSED)
<BR><BR>[Calls]<UL><LI><a href="#[e3]">&gt;&gt;</a>&nbsp;&nbsp;&nbsp;Write_IIC_Byte
<LI><a href="#[e2]">&gt;&gt;</a>&nbsp;&nbsp;&nbsp;IIC_Wait_Ack1
<LI><a href="#[e1]">&gt;&gt;</a>&nbsp;&nbsp;&nbsp;IIC_Stop1
<LI><a href="#[df]">&gt;&gt;</a>&nbsp;&nbsp;&nbsp;IIC_Start1
</UL>
<BR>[Called By]<UL><LI><a href="#[e6]">&gt;&gt;</a>&nbsp;&nbsp;&nbsp;OLED_WR_Byte
</UL>

<P><STRONG><a name="[e5]"></a>Write_IIC_Data</STRONG> (Thumb, 44 bytes, Stack size 8 bytes, oled.o(.text), UNUSED)
<BR><BR>[Calls]<UL><LI><a href="#[e3]">&gt;&gt;</a>&nbsp;&nbsp;&nbsp;Write_IIC_Byte
<LI><a href="#[e2]">&gt;&gt;</a>&nbsp;&nbsp;&nbsp;IIC_Wait_Ack1
<LI><a href="#[e1]">&gt;&gt;</a>&nbsp;&nbsp;&nbsp;IIC_Stop1
<LI><a href="#[df]">&gt;&gt;</a>&nbsp;&nbsp;&nbsp;IIC_Start1
</UL>
<BR>[Called By]<UL><LI><a href="#[e6]">&gt;&gt;</a>&nbsp;&nbsp;&nbsp;OLED_WR_Byte
</UL>

<P><STRONG><a name="[e6]"></a>OLED_WR_Byte</STRONG> (Thumb, 24 bytes, Stack size 16 bytes, oled.o(.text), UNUSED)
<BR><BR>[Calls]<UL><LI><a href="#[e5]">&gt;&gt;</a>&nbsp;&nbsp;&nbsp;Write_IIC_Data
<LI><a href="#[e4]">&gt;&gt;</a>&nbsp;&nbsp;&nbsp;Write_IIC_Command
</UL>
<BR>[Called By]<UL><LI><a href="#[f3]">&gt;&gt;</a>&nbsp;&nbsp;&nbsp;OLED_Init
<LI><a href="#[f2]">&gt;&gt;</a>&nbsp;&nbsp;&nbsp;OLED_DrawBMP
<LI><a href="#[f1]">&gt;&gt;</a>&nbsp;&nbsp;&nbsp;OLED_ShowCHinese
<LI><a href="#[ed]">&gt;&gt;</a>&nbsp;&nbsp;&nbsp;OLED_ShowChar
<LI><a href="#[ec]">&gt;&gt;</a>&nbsp;&nbsp;&nbsp;OLED_On
<LI><a href="#[eb]">&gt;&gt;</a>&nbsp;&nbsp;&nbsp;OLED_Clear
<LI><a href="#[ea]">&gt;&gt;</a>&nbsp;&nbsp;&nbsp;OLED_Display_Off
<LI><a href="#[e9]">&gt;&gt;</a>&nbsp;&nbsp;&nbsp;OLED_Display_On
<LI><a href="#[e8]">&gt;&gt;</a>&nbsp;&nbsp;&nbsp;OLED_Set_Pos
<LI><a href="#[e7]">&gt;&gt;</a>&nbsp;&nbsp;&nbsp;fill_picture
</UL>

<P><STRONG><a name="[e7]"></a>fill_picture</STRONG> (Thumb, 64 bytes, Stack size 16 bytes, oled.o(.text), UNUSED)
<BR><BR>[Calls]<UL><LI><a href="#[e6]">&gt;&gt;</a>&nbsp;&nbsp;&nbsp;OLED_WR_Byte
</UL>

<P><STRONG><a name="[20c]"></a>Delay_50ms</STRONG> (Thumb, 22 bytes, Stack size 0 bytes, oled.o(.text), UNUSED)

<P><STRONG><a name="[20d]"></a>Delay_1ms</STRONG> (Thumb, 26 bytes, Stack size 0 bytes, oled.o(.text), UNUSED)

<P><STRONG><a name="[e8]"></a>OLED_Set_Pos</STRONG> (Thumb, 40 bytes, Stack size 16 bytes, oled.o(.text), UNUSED)
<BR><BR>[Calls]<UL><LI><a href="#[e6]">&gt;&gt;</a>&nbsp;&nbsp;&nbsp;OLED_WR_Byte
</UL>
<BR>[Called By]<UL><LI><a href="#[f2]">&gt;&gt;</a>&nbsp;&nbsp;&nbsp;OLED_DrawBMP
<LI><a href="#[f1]">&gt;&gt;</a>&nbsp;&nbsp;&nbsp;OLED_ShowCHinese
<LI><a href="#[ed]">&gt;&gt;</a>&nbsp;&nbsp;&nbsp;OLED_ShowChar
</UL>

<P><STRONG><a name="[e9]"></a>OLED_Display_On</STRONG> (Thumb, 28 bytes, Stack size 8 bytes, oled.o(.text), UNUSED)
<BR><BR>[Calls]<UL><LI><a href="#[e6]">&gt;&gt;</a>&nbsp;&nbsp;&nbsp;OLED_WR_Byte
</UL>

[...]
</UL>

<P><STRONG><a name="[1da]"></a>_fdiv</STRONG> (Thumb, 384 bytes, Stack size 16 bytes, fdiv.o(x$fpl$fdiv), UNUSED)
<BR><BR>[Calls]<UL><LI><a href="#[1c8]">&gt;&gt;</a>&nbsp;&nbsp;&nbsp;__fpl_fretinf
<LI><a href="#[1d7]">&gt;&gt;</a>&nbsp;&nbsp;&nbsp;__fpl_fnaninf
</UL>

<P><STRONG><a name="[167]"></a>__aeabi_cfcmpeq</STRONG> (Thumb, 0 bytes, Stack size 16 bytes, feqf.o(x$fpl$feqf))
<BR><BR>[Stack]<UL><LI>Max Depth = 16<LI>Call Chain = __aeabi_cfcmpeq
</UL>
<BR>[Called By]<UL><LI><a href="#[166]">&gt;&gt;</a>&nbsp;&nbsp;&nbsp;accel_self_test
</UL>

<P><STRONG><a name="[1db]"></a>_fcmpeq</STRONG> (Thumb, 104 bytes, Stack size 16 bytes, feqf.o(x$fpl$feqf), UNUSED)
<BR><BR>[Calls]<UL><LI><a href="#[1d7]">&gt;&gt;</a>&nbsp;&nbsp;&nbsp;__fpl_fnaninf
<LI><a href="#[1dc]">&gt;&gt;</a>&nbsp;&nbsp;&nbsp;__fpl_fcmp_Inf
</UL>

<P><STRONG><a name="[d3]"></a>__aeabi_f2iz</STRONG> (Thumb, 0 bytes, Stack size 16 bytes, ffix.o(x$fpl$ffix))
<BR><BR>[Stack]<UL><LI>Max Depth = 16<LI>Call Chain = __aeabi_f2iz
</UL>
<BR>[Called By]<UL><LI><a href="#[173]">&gt;&gt;</a>&nbsp;&nbsp;&nbsp;run_self_test
<LI><a href="#[161]">&gt;&gt;</a>&nbsp;&nbsp;&nbsp;mpu_get_temperature
<LI><a href="#[12f]">&gt;&gt;</a>&nbsp;&nbsp;&nbsp;mympuoledshow
<LI><a href="#[129]">&gt;&gt;</a>&nbsp;&nbsp;&nbsp;MPU_Get_Temperature
<LI><a href="#[d5]">&gt;&gt;</a>&nbsp;&nbsp;&nbsp;pd_imcompD_Calc
<LI><a href="#[d1]">&gt;&gt;</a>&nbsp;&nbsp;&nbsp;pid_pwm_Calc
</UL>

<P><STRONG><a name="[1dd]"></a>_ffix</STRONG> (Thumb, 54 bytes, Stack size 16 bytes, ffix.o(x$fpl$ffix), UNUSED)
<BR><BR>[Calls]<UL><LI><a href="#[1d7]">&gt;&gt;</a>&nbsp;&nbsp;&nbsp;__fpl_fnaninf
</UL>

<P><STRONG><a name="[98]"></a>__aeabi_f2uiz</STRONG> (Thumb, 0 bytes, Stack size 16 bytes, ffixu.o(x$fpl$ffixu))
<BR><BR>[Stack]<UL><LI>Max Depth = 16<LI>Call Chain = __aeabi_f2uiz
</UL>
<BR>[Called By]<UL><LI><a href="#[138]">&gt;&gt;</a>&nbsp;&nbsp;&nbsp;dmp_set_tap_thresh
<LI><a href="#[116]">&gt;&gt;</a>&nbsp;&nbsp;&nbsp;Get_Distance
<LI><a href="#[7e]">&gt;&gt;</a>&nbsp;&nbsp;&nbsp;Feature_Sport
</UL>

<P><STRONG><a name="[1de]"></a>_ffixu</STRONG> (Thumb, 62 bytes, Stack size 16 bytes, ffixu.o(x$fpl$ffixu), UNUSED)
<BR><BR>[Calls]<UL><LI><a href="#[1d7]">&gt;&gt;</a>&nbsp;&nbsp;&nbsp;__fpl_fnaninf
</UL>

<P><STRONG><a name="[cd]"></a>__aeabi_i2f</STRONG> (Thumb, 0 bytes, Stack size 0 bytes, fflt_clz.o(x$fpl$fflt))
<BR><BR>[Called By]<UL><LI><a href="#[173]">&gt;&gt;</a>&nbsp;&nbsp;&nbsp;run_self_test
<LI><a href="#[161]">&gt;&gt;</a>&nbsp;&nbsp;&nbsp;mpu_get_temperature
<LI><a href="#[168]">&gt;&gt;</a>&nbsp;&nbsp;&nbsp;gyro_self_test
<LI><a href="#[166]">&gt;&gt;</a>&nbsp;&nbsp;&nbsp;accel_self_test
<LI><a href="#[d5]">&gt;&gt;</a>&nbsp;&nbsp;&nbsp;pd_imcompD_Calc
<LI><a href="#[d4]">&gt;&gt;</a>&nbsp;&nbsp;&nbsp;pd_imcompD_UsartCtr
<LI><a href="#[d1]">&gt;&gt;</a>&nbsp;&nbsp;&nbsp;pid_pwm_Calc
<LI><a href="#[cc]">&gt;&gt;</a>&nbsp;&nbsp;&nbsp;pid_pwm_Init
<LI><a href="#[92]">&gt;&gt;</a>&nbsp;&nbsp;&nbsp;mpu_dmp_get_data
<LI><a href="#[91]">&gt;&gt;</a>&nbsp;&nbsp;&nbsp;differ_control
<LI><a href="#[83]">&gt;&gt;</a>&nbsp;&nbsp;&nbsp;tracking
<LI><a href="#[69]">&gt;&gt;</a>&nbsp;&nbsp;&nbsp;pd_imcompD_Init
</UL>

<P><STRONG><a name="[2c1]"></a>_fflt</STRONG> (Thumb, 48 bytes, Stack size 0 bytes, fflt_clz.o(x$fpl$fflt), UNUSED)

<P><STRONG><a name="[d0]"></a>__aeabi_ui2f</STRONG> (Thumb, 0 bytes, Stack size 0 bytes, fflt_clz.o(x$fpl$ffltu))
<BR><BR>[Called By]<UL><LI><a href="#[161]">&gt;&gt;</a>&nbsp;&nbsp;&nbsp;mpu_get_temperature
<LI><a href="#[168]">&gt;&gt;</a>&nbsp;&nbsp;&nbsp;gyro_self_test
<LI><a href="#[138]">&gt;&gt;</a>&nbsp;&nbsp;&nbsp;dmp_set_tap_thresh
<LI><a href="#[116]">&gt;&gt;</a>&nbsp;&nbsp;&nbsp;Get_Distance
<LI><a href="#[ce]">&gt;&gt;</a>&nbsp;&nbsp;&nbsp;pid_pwm_UsartCtr
</UL>

<P><STRONG><a name="[2c2]"></a>_ffltu</STRONG> (Thumb, 38 bytes, Stack size 0 bytes, fflt_clz.o(x$fpl$ffltu), UNUSED)

<P><STRONG><a name="[95]"></a>__aeabi_cfcmple</STRONG> (Thumb, 0 bytes, Stack size 16 bytes, fleqf.o(x$fpl$fleqf))
<BR><BR>[Stack]<UL><LI>Max Depth = 16<LI>Call Chain = __aeabi_cfcmple
</UL>
<BR>[Called By]<UL><LI><a href="#[168]">&gt;&gt;</a>&nbsp;&nbsp;&nbsp;gyro_self_test
<LI><a href="#[166]">&gt;&gt;</a>&nbsp;&nbsp;&nbsp;accel_self_test
<LI><a href="#[d5]">&gt;&gt;</a>&nbsp;&nbsp;&nbsp;pd_imcompD_Calc
<LI><a href="#[d1]">&gt;&gt;</a>&nbsp;&nbsp;&nbsp;pid_pwm_Calc
<LI><a href="#[9f]">&gt;&gt;</a>&nbsp;&nbsp;&nbsp;Cycle
<LI><a href="#[9d]">&gt;&gt;</a>&nbsp;&nbsp;&nbsp;Plot_Plus_down
<LI><a href="#[9c]">&gt;&gt;</a>&nbsp;&nbsp;&nbsp;Plot_Plus_up
<LI><a href="#[9a]">&gt;&gt;</a>&nbsp;&nbsp;&nbsp;Seesaw
<LI><a href="#[99]">&gt;&gt;</a>&nbsp;&nbsp;&nbsp;Hill
<LI><a href="#[8a]">&gt;&gt;</a>&nbsp;&nbsp;&nbsp;Slope
<LI><a href="#[80]">&gt;&gt;</a>&nbsp;&nbsp;&nbsp;Plot_up
<LI><a href="#[82]">&gt;&gt;</a>&nbsp;&nbsp;&nbsp;Plot_down
<LI><a href="#[86]">&gt;&gt;</a>&nbsp;&nbsp;&nbsp;Long_Bridge
</UL>

<P><STRONG><a name="[1df]"></a>_fcmple</STRONG> (Thumb, 104 bytes, Stack size 16 bytes, fleqf.o(x$fpl$fleqf), UNUSED)
<BR><BR>[Calls]<UL><LI><a href="#[1d7]">&gt;&gt;</a>&nbsp;&nbsp;&nbsp;__fpl_fnaninf
<LI><a href="#[1dc]">&gt;&gt;</a>&nbsp;&nbsp;&nbsp;__fpl_fcmp_Inf
</UL>

<P><STRONG><a name="[1e2]"></a>__fpl_fcmple_InfNaN</STRONG> (Thumb, 0 bytes, Stack size unknown bytes, fleqf.o(x$fpl$fleqf), UNUSED)
<BR><BR>[Called By]<UL><LI><a href="#[1e1]">&gt;&gt;</a>&nbsp;&nbsp;&nbsp;_frcmple
</UL>

<P><STRONG><a name="[93]"></a>__aeabi_fmul</STRONG> (Thumb, 0 bytes, Stack size 16 bytes, fmul.o(x$fpl$fmul))
<BR><BR>[Stack]<UL><LI>Max Depth = 16<LI>Call Chain = __aeabi_fmul
</UL>
<BR>[Called By]<UL><LI><a href="#[173]">&gt;&gt;</a>&nbsp;&nbsp;&nbsp;run_self_test
<LI><a href="#[161]">&gt;&gt;</a>&nbsp;&nbsp;&nbsp;mpu_get_temperature
<LI><a href="#[168]">&gt;&gt;</a>&nbsp;&nbsp;&nbsp;gyro_self_test
<LI><a href="#[165]">&gt;&gt;</a>&nbsp;&nbsp;&nbsp;get_accel_prod_shift
<LI><a href="#[138]">&gt;&gt;</a>&nbsp;&nbsp;&nbsp;dmp_set_tap_thresh
<LI><a href="#[12f]">&gt;&gt;</a>&nbsp;&nbsp;&nbsp;mympuoledshow
<LI><a href="#[129]">&gt;&gt;</a>&nbsp;&nbsp;&nbsp;MPU_Get_Temperature
<LI><a href="#[116]">&gt;&gt;</a>&nbsp;&nbsp;&nbsp;Get_Distance
<LI><a href="#[d5]">&gt;&gt;</a>&nbsp;&nbsp;&nbsp;pd_imcompD_Calc
<LI><a href="#[d1]">&gt;&gt;</a>&nbsp;&nbsp;&nbsp;pid_pwm_Calc
<LI><a href="#[92]">&gt;&gt;</a>&nbsp;&nbsp;&nbsp;mpu_dmp_get_data
<LI><a href="#[91]">&gt;&gt;</a>&nbsp;&nbsp;&nbsp;differ_control
<LI><a href="#[9f]">&gt;&gt;</a>&nbsp;&nbsp;&nbsp;Cycle
<LI><a href="#[9d]">&gt;&gt;</a>&nbsp;&nbsp;&nbsp;Plot_Plus_down
<LI><a href="#[9c]">&gt;&gt;</a>&nbsp;&nbsp;&nbsp;Plot_Plus_up
<LI><a href="#[9b]">&gt;&gt;</a>&nbsp;&nbsp;&nbsp;Door
<LI><a href="#[9a]">&gt;&gt;</a>&nbsp;&nbsp;&nbsp;Seesaw
<LI><a href="#[99]">&gt;&gt;</a>&nbsp;&nbsp;&nbsp;Hill
<LI><a href="#[83]">&gt;&gt;</a>&nbsp;&nbsp;&nbsp;tracking
<LI><a href="#[8a]">&gt;&gt;</a>&nbsp;&nbsp;&nbsp;Slope
<LI><a href="#[80]">&gt;&gt;</a>&nbsp;&nbsp;&nbsp;Plot_up
<LI><a href="#[82]">&gt;&gt;</a>&nbsp;&nbsp;&nbsp;Plot_down
<LI><a href="#[86]">&gt;&gt;</a>&nbsp;&nbsp;&nbsp;Long_Bridge
</UL>

<P><STRONG><a name="[1e0]"></a>_fmul</STRONG> (Thumb, 258 bytes, Stack size 16 bytes, fmul.o(x$fpl$fmul), UNUSED)
<BR><BR>[Calls]<UL><LI><a href="#[1c8]">&gt;&gt;</a>&nbsp;&nbsp;&nbsp;__fpl_fretinf
<LI><a href="#[1d7]">&gt;&gt;</a>&nbsp;&nbsp;&nbsp;__fpl_fnaninf
</UL>

<P><STRONG><a name="[1d7]"></a>__fpl_fnaninf</STRONG> (Thumb, 140 bytes, Stack size 8 bytes, fnaninf.o(x$fpl$fnaninf), UNUSED)
<BR><BR>[Called By]<UL><LI><a href="#[1e0]">&gt;&gt;</a>&nbsp;&nbsp;&nbsp;_fmul
<LI><a href="#[1df]">&gt;&gt;</a>&nbsp;&nbsp;&nbsp;_fcmple
<LI><a href="#[1de]">&gt;&gt;</a>&nbsp;&nbsp;&nbsp;_ffixu
<LI><a href="#[1dd]">&gt;&gt;</a>&nbsp;&nbsp;&nbsp;_ffix
<LI><a href="#[1db]">&gt;&gt;</a>&nbsp;&nbsp;&nbsp;_fcmpeq
<LI><a href="#[1da]">&gt;&gt;</a>&nbsp;&nbsp;&nbsp;_fdiv
<LI><a href="#[1e3]">&gt;&gt;</a>&nbsp;&nbsp;&nbsp;_fsub
<LI><a href="#[1d8]">&gt;&gt;</a>&nbsp;&nbsp;&nbsp;_fadd
<LI><a href="#[1d6]">&gt;&gt;</a>&nbsp;&nbsp;&nbsp;_f2d
</UL>

<P><STRONG><a name="[1c8]"></a>__fpl_fretinf</STRONG> (Thumb, 10 bytes, Stack size 0 bytes, fretinf.o(x$fpl$fretinf), UNUSED)
<BR><BR>[Called By]<UL><LI><a href="#[1e0]">&gt;&gt;</a>&nbsp;&nbsp;&nbsp;_fmul
<LI><a href="#[1da]">&gt;&gt;</a>&nbsp;&nbsp;&nbsp;_fdiv
<LI><a href="#[1d8]">&gt;&gt;</a>&nbsp;&nbsp;&nbsp;_fadd
<LI><a href="#[1c7]">&gt;&gt;</a>&nbsp;&nbsp;&nbsp;_d2f
</UL>

<P><STRONG><a name="[94]"></a>__aeabi_cfrcmple</STRONG> (Thumb, 0 bytes, Stack size 0 bytes, frleqf.o(x$fpl$frleqf))
<BR><BR>[Called By]<UL><LI><a href="#[168]">&gt;&gt;</a>&nbsp;&nbsp;&nbsp;gyro_self_test
<LI><a href="#[166]">&gt;&gt;</a>&nbsp;&nbsp;&nbsp;accel_self_test
<LI><a href="#[d5]">&gt;&gt;</a>&nbsp;&nbsp;&nbsp;pd_imcompD_Calc
<LI><a href="#[d1]">&gt;&gt;</a>&nbsp;&nbsp;&nbsp;pid_pwm_Calc
<LI><a href="#[9f]">&gt;&gt;</a>&nbsp;&nbsp;&nbsp;Cycle
<LI><a href="#[9d]">&gt;&gt;</a>&nbsp;&nbsp;&nbsp;Plot_Plus_down
<LI><a href="#[9c]">&gt;&gt;</a>&nbsp;&nbsp;&nbsp;Plot_Plus_up
<LI><a href="#[9b]">&gt;&gt;</a>&nbsp;&nbsp;&nbsp;Door
<LI><a href="#[9a]">&gt;&gt;</a>&nbsp;&nbsp;&nbsp;Seesaw
<LI><a href="#[99]">&gt;&gt;</a>&nbsp;&nbsp;&nbsp;Hill
<LI><a href="#[8a]">&gt;&gt;</a>&nbsp;&nbsp;&nbsp;Slope
<LI><a href="#[80]">&gt;&gt;</a>&nbsp;&nbsp;&nbsp;Plot_up
<LI><a href="#[82]">&gt;&gt;</a>&nbsp;&nbsp;&nbsp;Plot_down
<LI><a href="#[86]">&gt;&gt;</a>&nbsp;&nbsp;&nbsp;Long_Bridge
</UL>

<P><STRONG><a name="[1e1]"></a>_frcmple</STRONG> (Thumb, 98 bytes, Stack size 0 bytes, frleqf.o(x$fpl$frleqf), UNUSED)
<BR><BR>[Calls]<UL><LI><a href="#[1e2]">&gt;&gt;</a>&nbsp;&nbsp;&nbsp;__fpl_fcmple_InfNaN
</UL>

<P><STRONG><a name="[d2]"></a>__aeabi_fsub</STRONG> (Thumb, 0 bytes, Stack size 16 bytes, faddsub_clz.o(x$fpl$fsub))
<BR><BR>[Stack]<UL><LI>Max Depth = 16<LI>Call Chain = __aeabi_fsub
</UL>
<BR>[Called By]<UL><LI><a href="#[161]">&gt;&gt;</a>&nbsp;&nbsp;&nbsp;mpu_get_temperature
<LI><a href="#[168]">&gt;&gt;</a>&nbsp;&nbsp;&nbsp;gyro_self_test
<LI><a href="#[166]">&gt;&gt;</a>&nbsp;&nbsp;&nbsp;accel_self_test
<LI><a href="#[116]">&gt;&gt;</a>&nbsp;&nbsp;&nbsp;Get_Distance
<LI><a href="#[d5]">&gt;&gt;</a>&nbsp;&nbsp;&nbsp;pd_imcompD_Calc
<LI><a href="#[d1]">&gt;&gt;</a>&nbsp;&nbsp;&nbsp;pid_pwm_Calc
<LI><a href="#[92]">&gt;&gt;</a>&nbsp;&nbsp;&nbsp;mpu_dmp_get_data
</UL>

<P><STRONG><a name="[1e3]"></a>_fsub</STRONG> (Thumb, 234 bytes, Stack size 16 bytes, faddsub_clz.o(x$fpl$fsub), UNUSED)
<BR><BR>[Calls]<UL><LI><a href="#[1e4]">&gt;&gt;</a>&nbsp;&nbsp;&nbsp;_fadd1
<LI><a href="#[1d7]">&gt;&gt;</a>&nbsp;&nbsp;&nbsp;__fpl_fnaninf
</UL>

<P><STRONG><a name="[54]"></a>_printf_fp_dec</STRONG> (Thumb, 4 bytes, Stack size 0 bytes, printf1.o(x$fpl$printf1))
<BR><BR>[Stack]<UL><LI>Max Depth = 320<LI>Call Chain = _printf_fp_dec &rArr; _printf_fp_dec_real &rArr; _fp_digits &rArr; _btod_etento &rArr; _btod_emul &rArr; _e2e
</UL>
<BR>[Calls]<UL><LI><a href="#[1ae]">&gt;&gt;</a>&nbsp;&nbsp;&nbsp;_printf_fp_dec_real
</UL>
<BR>[Called By]<UL><LI><a href="#[53]">&gt;&gt;</a>&nbsp;&nbsp;&nbsp;_printf_f
</UL>

<P><STRONG><a name="[1ce]"></a>__fpl_return_NaN</STRONG> (Thumb, 100 bytes, Stack size 0 bytes, retnan.o(x$fpl$retnan))
<BR><BR>[Calls]<UL><LI><a href="#[1e5]">&gt;&gt;</a>&nbsp;&nbsp;&nbsp;__fpl_cmpreturn
</UL>
<BR>[Called By]<UL><LI><a href="#[1cd]">&gt;&gt;</a>&nbsp;&nbsp;&nbsp;__fpl_dcheck_NaN1
</UL>

<P><STRONG><a name="[1bf]"></a>__ARM_scalbn</STRONG> (Thumb, 92 bytes, Stack size 0 bytes, scalbn.o(x$fpl$scalbn))
<BR><BR>[Calls]<UL><LI><a href="#[1cd]">&gt;&gt;</a>&nbsp;&nbsp;&nbsp;__fpl_dcheck_NaN1
</UL>
<BR>[Called By]<UL><LI><a href="#[d9]">&gt;&gt;</a>&nbsp;&nbsp;&nbsp;atan
<LI><a href="#[177]">&gt;&gt;</a>&nbsp;&nbsp;&nbsp;asin
<LI><a href="#[1c2]">&gt;&gt;</a>&nbsp;&nbsp;&nbsp;__mathlib_dbl_underflow
<LI><a href="#[1be]">&gt;&gt;</a>&nbsp;&nbsp;&nbsp;__mathlib_dbl_infnan
</UL>

<P><STRONG><a name="[1e5]"></a>__fpl_cmpreturn</STRONG> (Thumb, 48 bytes, Stack size 0 bytes, trapv.o(x$fpl$trapveneer))
<BR><BR>[Called By]<UL><LI><a href="#[1ce]">&gt;&gt;</a>&nbsp;&nbsp;&nbsp;__fpl_return_NaN
</UL>
<P>
<H3>
Local Symbols
</H3>
<P><STRONG><a name="[75]"></a>SetSysClockTo72</STRONG> (Thumb, 214 bytes, Stack size 12 bytes, system_stm32f10x.o(.text))
<BR><BR>[Stack]<UL><LI>Max Depth = 12<LI>Call Chain = SetSysClockTo72
</UL>
<BR>[Called By]<UL><LI><a href="#[74]">&gt;&gt;</a>&nbsp;&nbsp;&nbsp;SetSysClock
</UL>

<P><STRONG><a name="[74]"></a>SetSysClock</STRONG> (Thumb, 8 bytes, Stack size 8 bytes, system_stm32f10x.o(.text))
<BR><BR>[Stack]<UL><LI>Max Depth = 20<LI>Call Chain = SetSysClock &rArr; SetSysClockTo72
</UL>
<BR>[Calls]<UL><LI><a href="#[75]">&gt;&gt;</a>&nbsp;&nbsp;&nbsp;SetSysClockTo72
</UL>
<BR>[Called By]<UL><LI><a href="#[4b]">&gt;&gt;</a>&nbsp;&nbsp;&nbsp;SystemInit
</UL>

<P><STRONG><a name="[150]"></a>decode_gesture</STRONG> (Thumb, 94 bytes, Stack size 24 bytes, inv_mpu_dmp_motion_driver.o(.text))
<BR><BR>[Stack]<UL><LI>Max Depth = 24<LI>Call Chain = decode_gesture
</UL>
<BR>[Called By]<UL><LI><a href="#[14e]">&gt;&gt;</a>&nbsp;&nbsp;&nbsp;dmp_read_fifo
</UL>

<P><STRONG><a name="[152]"></a>set_int_enable</STRONG> (Thumb, 138 bytes, Stack size 16 bytes, inv_mpu.o(.text))
<BR><BR>[Stack]<UL><LI>Max Depth = 64<LI>Call Chain = set_int_enable &rArr; MPU_Write_Len &rArr; MPU_IIC_Send_Byte &rArr; MPU_IIC_Delay
</UL>
<BR>[Calls]<UL><LI><a href="#[12d]">&gt;&gt;</a>&nbsp;&nbsp;&nbsp;MPU_Write_Len
</UL>
<BR>[Called By]<UL><LI><a href="#[172]">&gt;&gt;</a>&nbsp;&nbsp;&nbsp;mpu_lp_motion_interrupt
<LI><a href="#[16b]">&gt;&gt;</a>&nbsp;&nbsp;&nbsp;mpu_set_dmp_state
<LI><a href="#[158]">&gt;&gt;</a>&nbsp;&nbsp;&nbsp;mpu_configure_fifo
</UL>

<P><STRONG><a name="[165]"></a>get_accel_prod_shift</STRONG> (Thumb, 168 bytes, Stack size 24 bytes, inv_mpu.o(.text))
<BR><BR>[Stack]<UL><LI>Max Depth = 80<LI>Call Chain = get_accel_prod_shift &rArr; MPU_Read_Len &rArr; MPU_IIC_Read_Byte &rArr; MPU_IIC_NAck &rArr; MPU_IIC_Delay
</UL>
<BR>[Calls]<UL><LI><a href="#[128]">&gt;&gt;</a>&nbsp;&nbsp;&nbsp;MPU_Read_Len
<LI><a href="#[93]">&gt;&gt;</a>&nbsp;&nbsp;&nbsp;__aeabi_fmul
</UL>
<BR>[Called By]<UL><LI><a href="#[166]">&gt;&gt;</a>&nbsp;&nbsp;&nbsp;accel_self_test
</UL>

<P><STRONG><a name="[166]"></a>accel_self_test</STRONG> (Thumb, 164 bytes, Stack size 48 bytes, inv_mpu.o(.text))
<BR><BR>[Stack]<UL><LI>Max Depth = 128<LI>Call Chain = accel_self_test &rArr; get_accel_prod_shift &rArr; MPU_Read_Len &rArr; MPU_IIC_Read_Byte &rArr; MPU_IIC_NAck &rArr; MPU_IIC_Delay
</UL>
<BR>[Calls]<UL><LI><a href="#[165]">&gt;&gt;</a>&nbsp;&nbsp;&nbsp;get_accel_prod_shift
<LI><a href="#[94]">&gt;&gt;</a>&nbsp;&nbsp;&nbsp;__aeabi_cfrcmple
<LI><a href="#[95]">&gt;&gt;</a>&nbsp;&nbsp;&nbsp;__aeabi_cfcmple
<LI><a href="#[cd]">&gt;&gt;</a>&nbsp;&nbsp;&nbsp;__aeabi_i2f
<LI><a href="#[167]">&gt;&gt;</a>&nbsp;&nbsp;&nbsp;__aeabi_cfcmpeq
<LI><a href="#[139]">&gt;&gt;</a>&nbsp;&nbsp;&nbsp;__aeabi_fdiv
<LI><a href="#[d2]">&gt;&gt;</a>&nbsp;&nbsp;&nbsp;__aeabi_fsub
</UL>
<BR>[Called By]<UL><LI><a href="#[16c]">&gt;&gt;</a>&nbsp;&nbsp;&nbsp;mpu_run_self_test
</UL>

<P><STRONG><a name="[168]"></a>gyro_self_test</STRONG> (Thumb, 280 bytes, Stack size 48 bytes, inv_mpu.o(.text))
<BR><BR>[Stack]<UL><LI>Max Depth = 104<LI>Call Chain = gyro_self_test &rArr; MPU_Read_Len &rArr; MPU_IIC_Read_Byte &rArr; MPU_IIC_NAck &rArr; MPU_IIC_Delay
</UL>
<BR>[Calls]<UL><LI><a href="#[128]">&gt;&gt;</a>&nbsp;&nbsp;&nbsp;MPU_Read_Len
<LI><a href="#[94]">&gt;&gt;</a>&nbsp;&nbsp;&nbsp;__aeabi_cfrcmple
<LI><a href="#[93]">&gt;&gt;</a>&nbsp;&nbsp;&nbsp;__aeabi_fmul
<LI><a href="#[95]">&gt;&gt;</a>&nbsp;&nbsp;&nbsp;__aeabi_cfcmple
<LI><a href="#[d0]">&gt;&gt;</a>&nbsp;&nbsp;&nbsp;__aeabi_ui2f
<LI><a href="#[cd]">&gt;&gt;</a>&nbsp;&nbsp;&nbsp;__aeabi_i2f
<LI><a href="#[139]">&gt;&gt;</a>&nbsp;&nbsp;&nbsp;__aeabi_fdiv
<LI><a href="#[d2]">&gt;&gt;</a>&nbsp;&nbsp;&nbsp;__aeabi_fsub
</UL>
<BR>[Called By]<UL><LI><a href="#[16c]">&gt;&gt;</a>&nbsp;&nbsp;&nbsp;mpu_run_self_test
</UL>

<P><STRONG><a name="[169]"></a>get_st_biases</STRONG> (Thumb, 1136 bytes, Stack size 64 bytes, inv_mpu.o(.text))
<BR><BR>[Stack]<UL><LI>Max Depth = 120<LI>Call Chain = get_st_biases &rArr; MPU_Read_Len &rArr; MPU_IIC_Read_Byte &rArr; MPU_IIC_NAck &rArr; MPU_IIC_Delay
</UL>
<BR>[Calls]<UL><LI><a href="#[12d]">&gt;&gt;</a>&nbsp;&nbsp;&nbsp;MPU_Write_Len
<LI><a href="#[128]">&gt;&gt;</a>&nbsp;&nbsp;&nbsp;MPU_Read_Len
<LI><a href="#[84]">&gt;&gt;</a>&nbsp;&nbsp;&nbsp;delay_ms
<LI><a href="#[16a]">&gt;&gt;</a>&nbsp;&nbsp;&nbsp;__aeabi_ldivmod
</UL>
<BR>[Called By]<UL><LI><a href="#[16c]">&gt;&gt;</a>&nbsp;&nbsp;&nbsp;mpu_run_self_test
</UL>

<P><STRONG><a name="[18f]"></a>TI4_Config</STRONG> (Thumb, 130 bytes, Stack size 20 bytes, stm32f10x_tim.o(.text), UNUSED)
<BR><BR>[Called By]<UL><LI><a href="#[c2]">&gt;&gt;</a>&nbsp;&nbsp;&nbsp;TIM_ICInit
</UL>

<P><STRONG><a name="[18d]"></a>TI3_Config</STRONG> (Thumb, 122 bytes, Stack size 20 bytes, stm32f10x_tim.o(.text), UNUSED)
<BR><BR>[Called By]<UL><LI><a href="#[c2]">&gt;&gt;</a>&nbsp;&nbsp;&nbsp;TIM_ICInit
</UL>

<P><STRONG><a name="[18b]"></a>TI2_Config</STRONG> (Thumb, 130 bytes, Stack size 20 bytes, stm32f10x_tim.o(.text), UNUSED)
<BR><BR>[Called By]<UL><LI><a href="#[c2]">&gt;&gt;</a>&nbsp;&nbsp;&nbsp;TIM_ICInit
<LI><a href="#[194]">&gt;&gt;</a>&nbsp;&nbsp;&nbsp;TIM_TIxExternalClockConfig
<LI><a href="#[191]">&gt;&gt;</a>&nbsp;&nbsp;&nbsp;TIM_PWMIConfig
</UL>

<P><STRONG><a name="[189]"></a>TI1_Config</STRONG> (Thumb, 108 bytes, Stack size 20 bytes, stm32f10x_tim.o(.text), UNUSED)
<BR><BR>[Called By]<UL><LI><a href="#[c2]">&gt;&gt;</a>&nbsp;&nbsp;&nbsp;TIM_ICInit
<LI><a href="#[194]">&gt;&gt;</a>&nbsp;&nbsp;&nbsp;TIM_TIxExternalClockConfig
<LI><a href="#[191]">&gt;&gt;</a>&nbsp;&nbsp;&nbsp;TIM_PWMIConfig
</UL>

<P><STRONG><a name="[1d4]"></a>_dadd1</STRONG> (Thumb, 0 bytes, Stack size unknown bytes, daddsub_clz.o(x$fpl$dadd), UNUSED)
<BR><BR>[Called By]<UL><LI><a href="#[1d5]">&gt;&gt;</a>&nbsp;&nbsp;&nbsp;_dsub
<LI><a href="#[1d3]">&gt;&gt;</a>&nbsp;&nbsp;&nbsp;_drsb
</UL>

<P><STRONG><a name="[1cb]"></a>_dsub1</STRONG> (Thumb, 0 bytes, Stack size unknown bytes, daddsub_clz.o(x$fpl$dsub), UNUSED)
<BR><BR>[Called By]<UL><LI><a href="#[1d3]">&gt;&gt;</a>&nbsp;&nbsp;&nbsp;_drsb
<LI><a href="#[1ca]">&gt;&gt;</a>&nbsp;&nbsp;&nbsp;_dadd
</UL>

<P><STRONG><a name="[1e4]"></a>_fadd1</STRONG> (Thumb, 0 bytes, Stack size unknown bytes, faddsub_clz.o(x$fpl$fadd), UNUSED)
<BR><BR>[Called By]<UL><LI><a href="#[1e3]">&gt;&gt;</a>&nbsp;&nbsp;&nbsp;_fsub
</UL>

<P><STRONG><a name="[1d9]"></a>_fsub1</STRONG> (Thumb, 0 bytes, Stack size unknown bytes, faddsub_clz.o(x$fpl$fsub), UNUSED)
<BR><BR>[Called By]<UL><LI><a href="#[1d8]">&gt;&gt;</a>&nbsp;&nbsp;&nbsp;_fadd
</UL>

<P><STRONG><a name="[1a8]"></a>_fp_digits</STRONG> (Thumb, 428 bytes, Stack size 96 bytes, _printf_fp_dec.o(.text))
<BR><BR>[Stack]<UL><LI>Max Depth = 216<LI>Call Chain = _fp_digits &rArr; _btod_etento &rArr; _btod_emul &rArr; _e2e
</UL>
<BR>[Calls]<UL><LI><a href="#[1ac]">&gt;&gt;</a>&nbsp;&nbsp;&nbsp;_btod_emul
<LI><a href="#[1ab]">&gt;&gt;</a>&nbsp;&nbsp;&nbsp;_btod_ediv
<LI><a href="#[1aa]">&gt;&gt;</a>&nbsp;&nbsp;&nbsp;_btod_d2e
<LI><a href="#[1a9]">&gt;&gt;</a>&nbsp;&nbsp;&nbsp;_btod_etento
<LI><a href="#[1ad]">&gt;&gt;</a>&nbsp;&nbsp;&nbsp;_ll_udiv10
</UL>
<BR>[Called By]<UL><LI><a href="#[1ae]">&gt;&gt;</a>&nbsp;&nbsp;&nbsp;_printf_fp_dec_real
</UL>

<P><STRONG><a name="[4e]"></a>_printf_input_char</STRONG> (Thumb, 10 bytes, Stack size 0 bytes, _printf_char_common.o(.text))
<BR>[Address Reference Count : 1]<UL><LI> _printf_char_common.o(.text)
</UL><P>
<H3>
Undefined Global Symbols
</H3><HR></body></html>
