Component: ARM Compiler 5.05 update 1 (build 106) Tool: armlink [4d0efa]

==============================================================================

Section Cross References

    main.o(.text) refers to allocation.o(.text) for ALLOCATION_Init
    main.o(.text) refers to pid.o(.text) for pd_imcompD_Init
    main.o(.text) refers to timer.o(.text) for TIM3_PWM_Init
    main.o(.text) refers to usart.o(.text) for uart_init
    main.o(.text) refers to part.o(.text) for Action
    main.o(.text) refers to section.o(.text) for section_1
    main.o(.text) refers to main.o(.data) for state_door
    system_stm32f10x.o(.text) refers to system_stm32f10x.o(.data) for SystemCoreClock
    test.o(.text) refers to usart.o(.text) for uart_init
    test.o(.text) refers to noretval__2printf.o(.text) for __2printf
    test.o(.text) refers to allocation.o(.text) for motor_allocation
    test.o(.text) refers to infrared.o(.text) for Infr_DisState
    test.o(.text) refers to part.o(.text) for Feature_Sport
    test.o(.text) refers to seek.o(.text) for tracking
    test.o(.text) refers to delay.o(.text) for delay_ms
    test.o(.text) refers to stm32f10x_usart.o(.text) for USART_SendData
    test.o(.text) refers to main.o(.data) for state_begin
    test.o(.text) refers to usart.o(.bss) for USART_RX_BUF
    part.o(.text) refers to timer.o(.text) for DUOJI_2
    part.o(.text) refers to delay.o(.text) for delay_ms
    part.o(.text) refers to allocation.o(.text) for motor_allocation
    part.o(.text) refers to infrared.o(.text) for Infr_DisState
    part.o(.text) refers to inv_mpu.o(.text) for mpu_dmp_init
    part.o(.text) refers to seek.o(.text) for differ_control
    part.o(.text) refers to fmul.o(x$fpl$fmul) for __aeabi_fmul
    part.o(.text) refers to frleqf.o(x$fpl$frleqf) for __aeabi_cfrcmple
    part.o(.text) refers to fleqf.o(x$fpl$fleqf) for __aeabi_cfcmple
    part.o(.text) refers to faddsub_clz.o(x$fpl$fadd) for __aeabi_fadd
    part.o(.text) refers to ffixu.o(x$fpl$ffixu) for __aeabi_f2uiz
    part.o(.text) refers to part.o(.data) for flag
    part.o(.text) refers to main.o(.data) for state_feature
    part.o(.text) refers to stm32f10x_usart.o(.text) for USART_SendData
    section.o(.text) refers to part.o(.text) for Plot_down
    section.o(.text) refers to seek.o(.text) for tracking
    section.o(.text) refers to allocation.o(.text) for motor_allocation
    section.o(.text) refers to delay.o(.text) for delay_ms
    section.o(.text) refers to part.o(.bss) for state_treasure
    timer.o(.text) refers to stm32f10x_rcc.o(.text) for RCC_APB1PeriphClockCmd
    timer.o(.text) refers to stm32f10x_tim.o(.text) for TIM_TimeBaseInit
    timer.o(.text) refers to misc.o(.text) for NVIC_Init
    timer.o(.text) refers to stm32f10x_gpio.o(.text) for GPIO_PinRemapConfig
    timer.o(.text) refers to timer.o(.bss) for TIM5_ICInitStructure
    timer.o(.text) refers to timer.o(.data) for TIM5CH1_CAPTURE_STA
    pid.o(.text) refers to _printf_percent.o(.ARM.Collect$$_printf_percent$$00000000) for _printf_percent
    pid.o(.text) refers to _printf_f.o(.ARM.Collect$$_printf_percent$$00000003) for _printf_f
    pid.o(.text) refers to printf1.o(x$fpl$printf1) for _printf_fp_dec
    pid.o(.text) refers to fflt_clz.o(x$fpl$fflt) for __aeabi_i2f
    pid.o(.text) refers to f2d.o(x$fpl$f2d) for __aeabi_f2d
    pid.o(.text) refers to noretval__2printf.o(.text) for __2printf
    pid.o(.text) refers to fflt_clz.o(x$fpl$ffltu) for __aeabi_ui2f
    pid.o(.text) refers to faddsub_clz.o(x$fpl$fsub) for __aeabi_fsub
    pid.o(.text) refers to faddsub_clz.o(x$fpl$fadd) for __aeabi_fadd
    pid.o(.text) refers to fmul.o(x$fpl$fmul) for __aeabi_fmul
    pid.o(.text) refers to fleqf.o(x$fpl$fleqf) for __aeabi_cfcmple
    pid.o(.text) refers to frleqf.o(x$fpl$frleqf) for __aeabi_cfrcmple
    pid.o(.text) refers to ffix.o(x$fpl$ffix) for __aeabi_f2iz
    pid.o(.text) refers to pid.o(.bss) for pid_pwm
    pid.o(.text) refers to usart.o(.bss) for USART_RX_BUF
    pid.o(.text) refers to seek.o(.data) for umax
    seek.o(.text) refers to dflt_clz.o(x$fpl$dflt) for __aeabi_i2d
    seek.o(.text) refers to ddiv.o(x$fpl$ddiv) for __aeabi_ddiv
    seek.o(.text) refers to atan.o(i.atan) for atan
    seek.o(.text) refers to stm32f10x_tim.o(.text) for TIM_SetCompare4
    seek.o(.text) refers to allocation.o(.text) for motor_allocation
    seek.o(.text) refers to seek.o(.bss) for mark
    seek.o(.text) refers to seek.o(.data) for art
    seek.o(.text) refers to f2d.o(x$fpl$f2d) for __aeabi_f2d
    seek.o(.text) refers to dmul.o(x$fpl$dmul) for __aeabi_dmul
    seek.o(.text) refers to fflt_clz.o(x$fpl$fflt) for __aeabi_i2f
    seek.o(.text) refers to fmul.o(x$fpl$fmul) for __aeabi_fmul
    seek.o(.text) refers to daddsub_clz.o(x$fpl$dadd) for __aeabi_dadd
    seek.o(.text) refers to dfix.o(x$fpl$dfix) for __aeabi_d2iz
    seek.o(.text) refers to pid.o(.text) for pd_imcompD_Calc
[...]
    DUOJI_3                                  0x080043e5   Thumb Code    46  timer.o(.text)
    DUOJI_4                                  0x08004413   Thumb Code    46  timer.o(.text)
    DUOJI_Init                               0x08004441   Thumb Code    14  timer.o(.text)
    pid_pwm_Init                             0x08004479   Thumb Code    46  pid.o(.text)
    pid_pwm_UsartCtr                         0x080044a7   Thumb Code   132  pid.o(.text)
    pid_pwm_Calc                             0x0800452b   Thumb Code   206  pid.o(.text)
    pd_imcompD_Init                          0x080045f9   Thumb Code    46  pid.o(.text)
    pd_imcompD_UsartCtr                      0x08004627   Thumb Code   148  pid.o(.text)
    pd_imcompD_Calc                          0x080046bb   Thumb Code   124  pid.o(.text)
    Measure                                  0x08004751   Thumb Code   864  seek.o(.text)
    motor_control                            0x08004ab1   Thumb Code    52  seek.o(.text)
    Turn                                     0x08004ae5   Thumb Code    26  seek.o(.text)
    Go_Stright                               0x08004aff   Thumb Code    26  seek.o(.text)
    tracking                                 0x08004b19   Thumb Code   396  seek.o(.text)
    Turn_Angle                               0x08004ca5   Thumb Code   306  seek.o(.text)
    differ_control                           0x08004dd7   Thumb Code   200  seek.o(.text)
    IIC_Start1                               0x08004ecd   Thumb Code    40  oled.o(.text)
    IIC_Stop1                                0x08004ef5   Thumb Code    32  oled.o(.text)
    IIC_Wait_Ack1                            0x08004f15   Thumb Code    20  oled.o(.text)
    Write_IIC_Byte                           0x08004f29   Thumb Code    82  oled.o(.text)
    Write_IIC_Command                        0x08004f7b   Thumb Code    44  oled.o(.text)
    Write_IIC_Data                           0x08004fa7   Thumb Code    44  oled.o(.text)
    OLED_WR_Byte                             0x08004fd3   Thumb Code    24  oled.o(.text)
    fill_picture                             0x08004feb   Thumb Code    64  oled.o(.text)
    Delay_50ms                               0x0800502b   Thumb Code    22  oled.o(.text)
    Delay_1ms                                0x08005041   Thumb Code    26  oled.o(.text)
    OLED_Set_Pos                             0x0800505b   Thumb Code    40  oled.o(.text)
    OLED_Display_On                          0x08005083   Thumb Code    28  oled.o(.text)
    OLED_Display_Off                         0x0800509f   Thumb Code    28  oled.o(.text)
    OLED_Clear                               0x080050bb   Thumb Code    62  oled.o(.text)
    OLED_On                                  0x080050f9   Thumb Code    62  oled.o(.text)
    OLED_ShowChar                            0x08005137   Thumb Code   154  oled.o(.text)
    oled_pow                                 0x080051d1   Thumb Code    22  oled.o(.text)
    OLED_ShowNum                             0x080051e7   Thumb Code   136  oled.o(.text)
    OLED_ShowString                          0x0800526f   Thumb Code    58  oled.o(.text)
    OLED_ShowCHinese                         0x080052a9   Thumb Code   110  oled.o(.text)
    OLED_DrawBMP                             0x08005317   Thumb Code   118  oled.o(.text)
    OLED_Init                                0x0800538d   Thumb Code   274  oled.o(.text)
    IIC_Init                                 0x080054a9   Thumb Code    46  myiic.o(.text)
    IIC_Start                                0x080054d7   Thumb Code    64  myiic.o(.text)
    IIC_Stop                                 0x08005517   Thumb Code    66  myiic.o(.text)
    IIC_Wait_Ack                             0x08005559   Thumb Code    86  myiic.o(.text)
    IIC_Ack                                  0x080055af   Thumb Code    70  myiic.o(.text)
    IIC_NAck                                 0x080055f5   Thumb Code    70  myiic.o(.text)
    IIC_Send_Byte                            0x0800563b   Thumb Code   104  myiic.o(.text)
    IIC_Read_Byte                            0x080056a3   Thumb Code   100  myiic.o(.text)
    ALLOCATION_Init                          0x08005715   Thumb Code  1068  allocation.o(.text)
    motor_allocation                         0x08005b41   Thumb Code   420  allocation.o(.text)
    EXTIX_Init                               0x08005d15   Thumb Code   218  exti.o(.text)
    EXTI0_IRQHandler                         0x08005def   Thumb Code    22  exti.o(.text)
    EXTI2_IRQHandler                         0x08005e05   Thumb Code    40  exti.o(.text)
    EXTI3_IRQHandler                         0x08005e2d   Thumb Code    50  exti.o(.text)
    EXTI4_IRQHandler                         0x08005e5f   Thumb Code    50  exti.o(.text)
    ADC1_GPIO_Config                         0x08005ea1   Thumb Code    32  infrared.o(.text)
    ADC1_Mode_Config                         0x08005ec1   Thumb Code   268  infrared.o(.text)
    Infrared_Init                            0x08005fcd   Thumb Code    12  infrared.o(.text)
    Get_Distance                             0x08005fd9   Thumb Code   200  infrared.o(.text)
    Infr_DisState                            0x080060a1   Thumb Code    42  infrared.o(.text)
    MPU_IIC_Delay                            0x08006105   Thumb Code    10  mpuiic.o(.text)
    MPU_IIC_Init                             0x0800610f   Thumb Code    46  mpuiic.o(.text)
    MPU_IIC_Start                            0x0800613d   Thumb Code    60  mpuiic.o(.text)
    MPU_IIC_Stop                             0x08006179   Thumb Code    62  mpuiic.o(.text)
    MPU_IIC_Wait_Ack                         0x080061b7   Thumb Code    86  mpuiic.o(.text)
    MPU_IIC_Ack                              0x0800620d   Thumb Code    66  mpuiic.o(.text)
    MPU_IIC_NAck                             0x0800624f   Thumb Code    66  mpuiic.o(.text)
    MPU_IIC_Send_Byte                        0x08006291   Thumb Code    82  mpuiic.o(.text)
    MPU_IIC_Read_Byte                        0x080062e3   Thumb Code    96  mpuiic.o(.text)
    MPU_Write_Byte                           0x08006351   Thumb Code    68  mpu6050.o(.text)
    MPU_Set_LPF                              0x08006395   Thumb Code    58  mpu6050.o(.text)
    MPU_Set_Rate                             0x080063cf   Thumb Code    58  mpu6050.o(.text)
    MPU_Read_Byte                            0x08006409   Thumb Code    58  mpu6050.o(.text)
    MPU_Set_Accel_Fsr                        0x08006443   Thumb Code    16  mpu6050.o(.text)
    MPU_Set_Gyro_Fsr                         0x08006453   Thumb Code    16  mpu6050.o(.text)
    MPU_Init                                 0x08006463   Thumb Code   180  mpu6050.o(.text)
    MPU_Read_Len                             0x08006517   Thumb Code   116  mpu6050.o(.text)
    MPU_Get_Temperature                      0x0800658b   Thumb Code    86  mpu6050.o(.text)
    MPU_Get_Gyroscope                        0x080065e1   Thumb Code    80  mpu6050.o(.text)
    MPU_Get_Accelerometer                    0x08006631   Thumb Code    80  mpu6050.o(.text)
    MPU_Write_Len                            0x08006681   Thumb Code    96  mpu6050.o(.text)
    showmpubefore                            0x080066e1   Thumb Code    52  mpu6050.o(.text)
    mympuoledshow                            0x08006715   Thumb Code   540  mpu6050.o(.text)
    dmp_load_motion_driver_firmware          0x08006931   Thumb Code    20  inv_mpu_dmp_motion_driver.o(.text)
    dmp_set_orientation                      0x08006945   Thumb Code   290  inv_mpu_dmp_motion_driver.o(.text)
    dmp_set_gyro_bias                        0x08006a67   Thumb Code   294  inv_mpu_dmp_motion_driver.o(.text)
    dmp_set_accel_bias                       0x08006b8d   Thumb Code   300  inv_mpu_dmp_motion_driver.o(.text)
    dmp_set_fifo_rate                        0x08006cb9   Thumb Code   136  inv_mpu_dmp_motion_driver.o(.text)
    dmp_get_fifo_rate                        0x08006d41   Thumb Code    12  inv_mpu_dmp_motion_driver.o(.text)
    dmp_set_tap_thresh                       0x08006d4d   Thumb Code   396  inv_mpu_dmp_motion_driver.o(.text)
    dmp_set_tap_axes                         0x08006ed9   Thumb Code    70  inv_mpu_dmp_motion_driver.o(.text)
    dmp_set_tap_count                        0x08006f1f   Thumb Code    38  inv_mpu_dmp_motion_driver.o(.text)
    dmp_set_tap_time                         0x08006f45   Thumb Code    38  inv_mpu_dmp_motion_driver.o(.text)
    dmp_set_tap_time_multi                   0x08006f6b   Thumb Code    38  inv_mpu_dmp_motion_driver.o(.text)
    dmp_set_shake_reject_thresh              0x08006f91   Thumb Code    56  inv_mpu_dmp_motion_driver.o(.text)
    dmp_set_shake_reject_time                0x08006fc9   Thumb Code    38  inv_mpu_dmp_motion_driver.o(.text)
    dmp_set_shake_reject_timeout             0x08006fef   Thumb Code    38  inv_mpu_dmp_motion_driver.o(.text)
    dmp_get_pedometer_step_count             0x08007015   Thumb Code    66  inv_mpu_dmp_motion_driver.o(.text)
    dmp_set_pedometer_step_count             0x08007057   Thumb Code    42  inv_mpu_dmp_motion_driver.o(.text)
    dmp_get_pedometer_walk_time              0x08007081   Thumb Code    72  inv_mpu_dmp_motion_driver.o(.text)
    dmp_set_pedometer_walk_time              0x080070c9   Thumb Code    48  inv_mpu_dmp_motion_driver.o(.text)
    dmp_enable_6x_lp_quat                    0x080070f9   Thumb Code    84  inv_mpu_dmp_motion_driver.o(.text)
    dmp_enable_lp_quat                       0x0800714d   Thumb Code    60  inv_mpu_dmp_motion_driver.o(.text)
    dmp_enable_gyro_cal                      0x08007189   Thumb Code    62  inv_mpu_dmp_motion_driver.o(.text)
    dmp_enable_feature                       0x080071c7   Thumb Code   530  inv_mpu_dmp_motion_driver.o(.text)
    dmp_get_enabled_features                 0x080073d9   Thumb Code    12  inv_mpu_dmp_motion_driver.o(.text)
    dmp_set_interrupt_mode                   0x08007443   Thumb Code    66  inv_mpu_dmp_motion_driver.o(.text)
    dmp_read_fifo                            0x08007485   Thumb Code   514  inv_mpu_dmp_motion_driver.o(.text)
    dmp_register_tap_cb                      0x08007687   Thumb Code    10  inv_mpu_dmp_motion_driver.o(.text)
    dmp_register_android_orient_cb           0x08007691   Thumb Code    10  inv_mpu_dmp_motion_driver.o(.text)
    mpu_reg_dump                             0x0800772b   Thumb Code    84  inv_mpu.o(.text)
    mpu_read_reg                             0x0800777f   Thumb Code    66  inv_mpu.o(.text)
    mpu_set_int_latched                      0x080077c1   Thumb Code   102  inv_mpu.o(.text)
    mpu_set_sensors                          0x08007827   Thumb Code   202  inv_mpu.o(.text)
    mpu_set_bypass                           0x080078f1   Thumb Code   328  inv_mpu.o(.text)
    mpu_reset_fifo                           0x08007a39   Thumb Code   472  inv_mpu.o(.text)
    mpu_configure_fifo                       0x08007c11   Thumb Code   106  inv_mpu.o(.text)
    mpu_set_lpf                              0x08007c7b   Thumb Code   126  inv_mpu.o(.text)
    mpu_lp_accel_mode                        0x08007cf9   Thumb Code   218  inv_mpu.o(.text)
    mpu_set_sample_rate                      0x08007dd3   Thumb Code   152  inv_mpu.o(.text)
    mpu_set_accel_fsr                        0x08007e6b   Thumb Code   132  inv_mpu.o(.text)
    mpu_set_gyro_fsr                         0x08007eef   Thumb Code   132  inv_mpu.o(.text)
    mpu_init                                 0x08007f73   Thumb Code   416  inv_mpu.o(.text)
    mget_ms                                  0x08008113   Thumb Code     2  inv_mpu.o(.text)
    mpu_get_gyro_reg                         0x08008115   Thumb Code   110  inv_mpu.o(.text)
    mpu_get_accel_reg                        0x08008183   Thumb Code   110  inv_mpu.o(.text)
    mpu_get_temperature                      0x080081f1   Thumb Code   150  inv_mpu.o(.text)
    mpu_set_accel_bias                       0x08008287   Thumb Code   468  inv_mpu.o(.text)
    mpu_get_gyro_fsr                         0x0800845b   Thumb Code    64  inv_mpu.o(.text)
    mpu_get_accel_fsr                        0x0800849b   Thumb Code    72  inv_mpu.o(.text)
    mpu_get_lpf                              0x080084e3   Thumb Code    74  inv_mpu.o(.text)
    mpu_get_sample_rate                      0x0800852d   Thumb Code    26  inv_mpu.o(.text)
    mpu_get_compass_sample_rate              0x08008547   Thumb Code    10  inv_mpu.o(.text)
    mpu_set_compass_sample_rate              0x08008551   Thumb Code     8  inv_mpu.o(.text)
    mpu_get_gyro_sens                        0x08008559   Thumb Code    58  inv_mpu.o(.text)
    mpu_get_accel_sens                       0x08008593   Thumb Code    78  inv_mpu.o(.text)
    mpu_get_fifo_config                      0x080085e1   Thumb Code    12  inv_mpu.o(.text)
    mpu_get_power_state                      0x080085ed   Thumb Code    22  inv_mpu.o(.text)
    mpu_get_int_status                       0x08008603   Thumb Code    64  inv_mpu.o(.text)
    mpu_read_fifo                            0x08008643   Thumb Code   520  inv_mpu.o(.text)
    mpu_read_fifo_stream                     0x0800884b   Thumb Code   186  inv_mpu.o(.text)
    mpu_set_int_level                        0x08008905   Thumb Code    12  inv_mpu.o(.text)
    mpu_set_dmp_state                        0x08008fe5   Thumb Code   138  inv_mpu.o(.text)
    mpu_run_self_test                        0x0800906f   Thumb Code   278  inv_mpu.o(.text)
    mpu_write_mem                            0x08009185   Thumb Code   122  inv_mpu.o(.text)
    mpu_read_mem                             0x080091ff   Thumb Code   122  inv_mpu.o(.text)
    mpu_load_firmware                        0x08009279   Thumb Code   190  inv_mpu.o(.text)
    mpu_get_dmp_state                        0x08009337   Thumb Code    14  inv_mpu.o(.text)
    setup_compass                            0x08009345   Thumb Code     6  inv_mpu.o(.text)
    mpu_get_compass_reg                      0x0800934b   Thumb Code     8  inv_mpu.o(.text)
    mpu_get_compass_fsr                      0x08009353   Thumb Code     8  inv_mpu.o(.text)
    mpu_lp_motion_interrupt                  0x0800935b   Thumb Code   512  inv_mpu.o(.text)
    run_self_test                            0x0800955b   Thumb Code   148  inv_mpu.o(.text)
    inv_row_2_scale                          0x080095ef   Thumb Code    78  inv_mpu.o(.text)
    inv_orientation_matrix_to_scalar         0x0800963d   Thumb Code    40  inv_mpu.o(.text)
    mpu_dmp_init                             0x08009665   Thumb Code   154  inv_mpu.o(.text)
    mpu_dmp_get_data                         0x080096ff   Thumb Code   554  inv_mpu.o(.text)
    usart2_send_char                         0x0800992d   Thumb Code    28  usart2.o(.text)
    uart2_init                               0x08009949   Thumb Code   170  usart2.o(.text)
    USART2_IRQHandler                        0x080099f3   Thumb Code   324  usart2.o(.text)
    delay_init                               0x08009b65   Thumb Code    50  delay.o(.text)
    delay_us                                 0x08009b97   Thumb Code    72  delay.o(.text)
    delay_ms                                 0x08009bdf   Thumb Code    72  delay.o(.text)
    _sys_exit                                0x08009c39   Thumb Code     6  usart.o(.text)
    fputc                                    0x08009c3f   Thumb Code    24  usart.o(.text)
    usart1_send_char                         0x08009c57   Thumb Code    28  usart.o(.text)
    My_send_data                             0x08009c73   Thumb Code    94  usart.o(.text)
    My_send_state                            0x08009cd1   Thumb Code    88  usart.o(.text)
    uart_init                                0x08009d29   Thumb Code   152  usart.o(.text)
    USART1_IRQHandler                        0x08009dc1   Thumb Code   248  usart.o(.text)
    Reset_Handler                            0x08009ed9   Thumb Code     8  startup_stm32f10x_hd.o(.text)
    ADC1_2_IRQHandler                        0x08009ef3   Thumb Code     0  startup_stm32f10x_hd.o(.text)
    ADC3_IRQHandler                          0x08009ef3   Thumb Code     0  startup_stm32f10x_hd.o(.text)
    CAN1_RX1_IRQHandler                      0x08009ef3   Thumb Code     0  startup_stm32f10x_hd.o(.text)
    CAN1_SCE_IRQHandler                      0x08009ef3   Thumb Code     0  startup_stm32f10x_hd.o(.text)
    DMA1_Channel1_IRQHandler                 0x08009ef3   Thumb Code     0  startup_stm32f10x_hd.o(.text)
    DMA1_Channel2_IRQHandler                 0x08009ef3   Thumb Code     0  startup_stm32f10x_hd.o(.text)
    DMA1_Channel3_IRQHandler                 0x08009ef3   Thumb Code     0  startup_stm32f10x_hd.o(.text)
    DMA1_Channel4_IRQHandler                 0x08009ef3   Thumb Code     0  startup_stm32f10x_hd.o(.text)
    DMA1_Channel5_IRQHandler                 0x08009ef3   Thumb Code     0  startup_stm32f10x_hd.o(.text)
    DMA1_Channel6_IRQHandler                 0x08009ef3   Thumb Code     0  startup_stm32f10x_hd.o(.text)
    DMA1_Channel7_IRQHandler                 0x08009ef3   Thumb Code     0  startup_stm32f10x_hd.o(.text)
    DMA2_Channel1_IRQHandler                 0x08009ef3   Thumb Code     0  startup_stm32f10x_hd.o(.text)
    DMA2_Channel2_IRQHandler                 0x08009ef3   Thumb Code     0  startup_stm32f10x_hd.o(.text)
    DMA2_Channel3_IRQHandler                 0x08009ef3   Thumb Code     0  startup_stm32f10x_hd.o(.text)
    DMA2_Channel4_5_IRQHandler               0x08009ef3   Thumb Code     0  startup_stm32f10x_hd.o(.text)
    EXTI15_10_IRQHandler                     0x08009ef3   Thumb Code     0  startup_stm32f10x_hd.o(.text)
    EXTI1_IRQHandler                         0x08009ef3   Thumb Code     0  startup_stm32f10x_hd.o(.text)
    EXTI9_5_IRQHandler                       0x08009ef3   Thumb Code     0  startup_stm32f10x_hd.o(.text)
    FLASH_IRQHandler                         0x08009ef3   Thumb Code     0  startup_stm32f10x_hd.o(.text)
    FSMC_IRQHandler                          0x08009ef3   Thumb Code     0  startup_stm32f10x_hd.o(.text)
    I2C1_ER_IRQHandler                       0x08009ef3   Thumb Code     0  startup_stm32f10x_hd.o(.text)
    I2C1_EV_IRQHandler                       0x08009ef3   Thumb Code     0  startup_stm32f10x_hd.o(.text)
    I2C2_ER_IRQHandler                       0x08009ef3   Thumb Code     0  startup_stm32f10x_hd.o(.text)
    I2C2_EV_IRQHandler                       0x08009ef3   Thumb Code     0  startup_stm32f10x_hd.o(.text)
    PVD_IRQHandler                           0x08009ef3   Thumb Code     0  startup_stm32f10x_hd.o(.text)
    RCC_IRQHandler                           0x08009ef3   Thumb Code     0  startup_stm32f10x_hd.o(.text)
    RTCAlarm_IRQHandler                      0x08009ef3   Thumb Code     0  startup_stm32f10x_hd.o(.text)
    RTC_IRQHandler                           0x08009ef3   Thumb Code     0  startup_stm32f10x_hd.o(.text)
    SDIO_IRQHandler                          0x08009ef3   Thumb Code     0  startup_stm32f10x_hd.o(.text)
    SPI1_IRQHandler                          0x08009ef3   Thumb Code     0  startup_stm32f10x_hd.o(.text)
    SPI2_IRQHandler                          0x08009ef3   Thumb Code     0  startup_stm32f10x_hd.o(.text)
    SPI3_IRQHandler                          0x08009ef3   Thumb Code     0  startup_stm32f10x_hd.o(.text)
    TAMPER_IRQHandler                        0x08009ef3   Thumb Code     0  startup_stm32f10x_hd.o(.text)
    TIM1_BRK_IRQHandler                      0x08009ef3   Thumb Code     0  startup_stm32f10x_hd.o(.text)
    TIM1_CC_IRQHandler                       0x08009ef3   Thumb Code     0  startup_stm32f10x_hd.o(.text)
    TIM1_TRG_COM_IRQHandler                  0x08009ef3   Thumb Code     0  startup_stm32f10x_hd.o(.text)
    TIM1_UP_IRQHandler                       0x08009ef3   Thumb Code     0  startup_stm32f10x_hd.o(.text)
    TIM4_IRQHandler                          0x08009ef3   Thumb Code     0  startup_stm32f10x_hd.o(.text)
    TIM6_IRQHandler                          0x08009ef3   Thumb Code     0  startup_stm32f10x_hd.o(.text)
    TIM7_IRQHandler                          0x08009ef3   Thumb Code     0  startup_stm32f10x_hd.o(.text)
    TIM8_BRK_IRQHandler                      0x08009ef3   Thumb Code     0  startup_stm32f10x_hd.o(.text)
    TIM8_CC_IRQHandler                       0x08009ef3   Thumb Code     0  startup_stm32f10x_hd.o(.text)
    TIM8_TRG_COM_IRQHandler                  0x08009ef3   Thumb Code     0  startup_stm32f10x_hd.o(.text)
    TIM8_UP_IRQHandler                       0x08009ef3   Thumb Code     0  startup_stm32f10x_hd.o(.text)
    UART4_IRQHandler                         0x08009ef3   Thumb Code     0  startup_stm32f10x_hd.o(.text)
    UART5_IRQHandler                         0x08009ef3   Thumb Code     0  startup_stm32f10x_hd.o(.text)
    USART3_IRQHandler                        0x08009ef3   Thumb Code     0  startup_stm32f10x_hd.o(.text)
    USBWakeUp_IRQHandler                     0x08009ef3   Thumb Code     0  startup_stm32f10x_hd.o(.text)
    USB_HP_CAN1_TX_IRQHandler                0x08009ef3   Thumb Code     0  startup_stm32f10x_hd.o(.text)
    USB_LP_CAN1_RX0_IRQHandler               0x08009ef3   Thumb Code     0  startup_stm32f10x_hd.o(.text)
    WWDG_IRQHandler                          0x08009ef3   Thumb Code     0  startup_stm32f10x_hd.o(.text)
    __user_initial_stackheap                 0x08009ef5   Thumb Code     0  startup_stm32f10x_hd.o(.text)
    NVIC_PriorityGroupConfig                 0x08009f19   Thumb Code    10  misc.o(.text)
    NVIC_Init                                0x08009f23   Thumb Code   100  misc.o(.text)
    NVIC_SetVectorTable                      0x08009f87   Thumb Code    14  misc.o(.text)
    NVIC_SystemLPConfig                      0x08009f95   Thumb Code    34  misc.o(.text)
    SysTick_CLKSourceConfig                  0x08009fb7   Thumb Code    40  misc.o(.text)
    GPIO_DeInit                              0x08009ff5   Thumb Code   172  stm32f10x_gpio.o(.text)
    GPIO_AFIODeInit                          0x0800a0a1   Thumb Code    20  stm32f10x_gpio.o(.text)
    GPIO_Init                                0x0800a0b5   Thumb Code   278  stm32f10x_gpio.o(.text)
    GPIO_StructInit                          0x0800a1cb   Thumb Code    16  stm32f10x_gpio.o(.text)
    GPIO_ReadInputDataBit                    0x0800a1db   Thumb Code    18  stm32f10x_gpio.o(.text)
    GPIO_ReadInputData                       0x0800a1ed   Thumb Code     8  stm32f10x_gpio.o(.text)
    GPIO_ReadOutputDataBit                   0x0800a1f5   Thumb Code    18  stm32f10x_gpio.o(.text)
    GPIO_ReadOutputData                      0x0800a207   Thumb Code     8  stm32f10x_gpio.o(.text)
    GPIO_SetBits                             0x0800a20f   Thumb Code     4  stm32f10x_gpio.o(.text)
    GPIO_ResetBits                           0x0800a213   Thumb Code     4  stm32f10x_gpio.o(.text)
    GPIO_WriteBit                            0x0800a217   Thumb Code    10  stm32f10x_gpio.o(.text)
    GPIO_Write                               0x0800a221   Thumb Code     4  stm32f10x_gpio.o(.text)
    GPIO_PinLockConfig                       0x0800a225   Thumb Code    18  stm32f10x_gpio.o(.text)
    GPIO_EventOutputConfig                   0x0800a237   Thumb Code    26  stm32f10x_gpio.o(.text)
    GPIO_EventOutputCmd                      0x0800a251   Thumb Code     6  stm32f10x_gpio.o(.text)
    GPIO_PinRemapConfig                      0x0800a257   Thumb Code   138  stm32f10x_gpio.o(.text)
    GPIO_EXTILineConfig                      0x0800a2e1   Thumb Code    66  stm32f10x_gpio.o(.text)
    GPIO_ETH_MediaInterfaceConfig            0x0800a323   Thumb Code     8  stm32f10x_gpio.o(.text)
    RCC_DeInit                               0x0800a351   Thumb Code    64  stm32f10x_rcc.o(.text)
    RCC_HSEConfig                            0x0800a391   Thumb Code    70  stm32f10x_rcc.o(.text)
    RCC_GetFlagStatus                        0x0800a3d7   Thumb Code    56  stm32f10x_rcc.o(.text)
    RCC_WaitForHSEStartUp                    0x0800a40f   Thumb Code    56  stm32f10x_rcc.o(.text)
    RCC_AdjustHSICalibrationValue            0x0800a447   Thumb Code    20  stm32f10x_rcc.o(.text)
    RCC_HSICmd                               0x0800a45b   Thumb Code     6  stm32f10x_rcc.o(.text)
    RCC_PLLConfig                            0x0800a461   Thumb Code    24  stm32f10x_rcc.o(.text)
    RCC_PLLCmd                               0x0800a479   Thumb Code     6  stm32f10x_rcc.o(.text)
    RCC_SYSCLKConfig                         0x0800a47f   Thumb Code    18  stm32f10x_rcc.o(.text)
    RCC_GetSYSCLKSource                      0x0800a491   Thumb Code    10  stm32f10x_rcc.o(.text)
    RCC_HCLKConfig                           0x0800a49b   Thumb Code    18  stm32f10x_rcc.o(.text)
    RCC_PCLK1Config                          0x0800a4ad   Thumb Code    18  stm32f10x_rcc.o(.text)
    RCC_PCLK2Config                          0x0800a4bf   Thumb Code    20  stm32f10x_rcc.o(.text)
    RCC_ITConfig                             0x0800a4d3   Thumb Code    26  stm32f10x_rcc.o(.text)
    RCC_USBCLKConfig                         0x0800a4ed   Thumb Code     8  stm32f10x_rcc.o(.text)
    RCC_ADCCLKConfig                         0x0800a4f5   Thumb Code    18  stm32f10x_rcc.o(.text)
    RCC_LSEConfig                            0x0800a507   Thumb Code    50  stm32f10x_rcc.o(.text)
    RCC_LSICmd                               0x0800a539   Thumb Code     6  stm32f10x_rcc.o(.text)
    RCC_RTCCLKConfig                         0x0800a53f   Thumb Code    12  stm32f10x_rcc.o(.text)
    RCC_RTCCLKCmd                            0x0800a54b   Thumb Code     8  stm32f10x_rcc.o(.text)
    RCC_GetClocksFreq                        0x0800a553   Thumb Code   192  stm32f10x_rcc.o(.text)
    RCC_AHBPeriphClockCmd                    0x0800a613   Thumb Code    26  stm32f10x_rcc.o(.text)
    RCC_APB2PeriphClockCmd                   0x0800a62d   Thumb Code    26  stm32f10x_rcc.o(.text)
    RCC_APB1PeriphClockCmd                   0x0800a647   Thumb Code    26  stm32f10x_rcc.o(.text)
    RCC_APB2PeriphResetCmd                   0x0800a661   Thumb Code    26  stm32f10x_rcc.o(.text)
    RCC_APB1PeriphResetCmd                   0x0800a67b   Thumb Code    26  stm32f10x_rcc.o(.text)
    RCC_BackupResetCmd                       0x0800a695   Thumb Code     8  stm32f10x_rcc.o(.text)
    RCC_ClockSecuritySystemCmd               0x0800a69d   Thumb Code     6  stm32f10x_rcc.o(.text)
    RCC_MCOConfig                            0x0800a6a3   Thumb Code     6  stm32f10x_rcc.o(.text)
    RCC_ClearFlag                            0x0800a6a9   Thumb Code    14  stm32f10x_rcc.o(.text)
    RCC_GetITStatus                          0x0800a6b7   Thumb Code    20  stm32f10x_rcc.o(.text)
    RCC_ClearITPendingBit                    0x0800a6cb   Thumb Code     6  stm32f10x_rcc.o(.text)
    TIM_DeInit                               0x0800a6f5   Thumb Code   424  stm32f10x_tim.o(.text)
    TIM_TimeBaseInit                         0x0800a89d   Thumb Code   122  stm32f10x_tim.o(.text)
    TIM_OC1Init                              0x0800a917   Thumb Code   132  stm32f10x_tim.o(.text)
    TIM_OC2Init                              0x0800a99b   Thumb Code   154  stm32f10x_tim.o(.text)
    TIM_OC3Init                              0x0800aa35   Thumb Code   150  stm32f10x_tim.o(.text)
    TIM_OC4Init                              0x0800aacb   Thumb Code   182  stm32f10x_tim.o(.text)
    TIM_SetIC4Prescaler                      0x0800ab81   Thumb Code    26  stm32f10x_tim.o(.text)
    TIM_SetIC3Prescaler                      0x0800ac1d   Thumb Code    18  stm32f10x_tim.o(.text)
    TIM_SetIC2Prescaler                      0x0800aca9   Thumb Code    26  stm32f10x_tim.o(.text)
    TIM_SetIC1Prescaler                      0x0800ad45   Thumb Code    18  stm32f10x_tim.o(.text)
    TIM_ICInit                               0x0800adc3   Thumb Code   150  stm32f10x_tim.o(.text)
    TIM_PWMIConfig                           0x0800ae59   Thumb Code   124  stm32f10x_tim.o(.text)
    TIM_BDTRConfig                           0x0800aed5   Thumb Code    32  stm32f10x_tim.o(.text)
    TIM_TimeBaseStructInit                   0x0800aef5   Thumb Code    18  stm32f10x_tim.o(.text)
    TIM_OCStructInit                         0x0800af07   Thumb Code    20  stm32f10x_tim.o(.text)
    TIM_ICStructInit                         0x0800af1b   Thumb Code    18  stm32f10x_tim.o(.text)
    TIM_BDTRStructInit                       0x0800af2d   Thumb Code    40  stm32f10x_tim.o(.text)
    TIM_Cmd                                  0x0800af55   Thumb Code    24  stm32f10x_tim.o(.text)
    TIM_CtrlPWMOutputs                       0x0800af6d   Thumb Code    30  stm32f10x_tim.o(.text)
    TIM_ITConfig                             0x0800af8b   Thumb Code    18  stm32f10x_tim.o(.text)
    TIM_GenerateEvent                        0x0800af9d   Thumb Code     4  stm32f10x_tim.o(.text)
    TIM_DMAConfig                            0x0800afa1   Thumb Code    10  stm32f10x_tim.o(.text)
    TIM_DMACmd                               0x0800afab   Thumb Code    18  stm32f10x_tim.o(.text)
    TIM_InternalClockConfig                  0x0800afbd   Thumb Code    12  stm32f10x_tim.o(.text)
    TIM_SelectInputTrigger                   0x0800afc9   Thumb Code    18  stm32f10x_tim.o(.text)
    TIM_ITRxExternalClockConfig              0x0800afdb   Thumb Code    24  stm32f10x_tim.o(.text)
    TIM_TIxExternalClockConfig               0x0800aff3   Thumb Code    62  stm32f10x_tim.o(.text)
    TIM_ETRConfig                            0x0800b031   Thumb Code    28  stm32f10x_tim.o(.text)
    TIM_ETRClockMode1Config                  0x0800b04d   Thumb Code    54  stm32f10x_tim.o(.text)
    TIM_ETRClockMode2Config                  0x0800b083   Thumb Code    32  stm32f10x_tim.o(.text)
    TIM_PrescalerConfig                      0x0800b0a3   Thumb Code     6  stm32f10x_tim.o(.text)
    TIM_CounterModeConfig                    0x0800b0a9   Thumb Code    18  stm32f10x_tim.o(.text)
    TIM_EncoderInterfaceConfig               0x0800b0bb   Thumb Code    66  stm32f10x_tim.o(.text)
    TIM_ForcedOC1Config                      0x0800b0fd   Thumb Code    18  stm32f10x_tim.o(.text)
    TIM_ForcedOC2Config                      0x0800b10f   Thumb Code    26  stm32f10x_tim.o(.text)
    TIM_ForcedOC3Config                      0x0800b129   Thumb Code    18  stm32f10x_tim.o(.text)
    TIM_ForcedOC4Config                      0x0800b13b   Thumb Code    26  stm32f10x_tim.o(.text)
    TIM_ARRPreloadConfig                     0x0800b155   Thumb Code    24  stm32f10x_tim.o(.text)
    TIM_SelectCOM                            0x0800b16d   Thumb Code    24  stm32f10x_tim.o(.text)
    TIM_SelectCCDMA                          0x0800b185   Thumb Code    24  stm32f10x_tim.o(.text)
    TIM_CCPreloadControl                     0x0800b19d   Thumb Code    24  stm32f10x_tim.o(.text)
    TIM_OC1PreloadConfig                     0x0800b1b5   Thumb Code    18  stm32f10x_tim.o(.text)
    TIM_OC2PreloadConfig                     0x0800b1c7   Thumb Code    26  stm32f10x_tim.o(.text)
    TIM_OC3PreloadConfig                     0x0800b1e1   Thumb Code    18  stm32f10x_tim.o(.text)
    TIM_OC4PreloadConfig                     0x0800b1f3   Thumb Code    26  stm32f10x_tim.o(.text)
    TIM_OC1FastConfig                        0x0800b20d   Thumb Code    18  stm32f10x_tim.o(.text)
    TIM_OC2FastConfig                        0x0800b21f   Thumb Code    26  stm32f10x_tim.o(.text)
    TIM_OC3FastConfig                        0x0800b239   Thumb Code    18  stm32f10x_tim.o(.text)
    TIM_OC4FastConfig                        0x0800b24b   Thumb Code    26  stm32f10x_tim.o(.text)
    TIM_ClearOC1Ref                          0x0800b265   Thumb Code    18  stm32f10x_tim.o(.text)
    TIM_ClearOC2Ref                          0x0800b277   Thumb Code    24  stm32f10x_tim.o(.text)
    TIM_ClearOC3Ref                          0x0800b28f   Thumb Code    18  stm32f10x_tim.o(.text)
    TIM_ClearOC4Ref                          0x0800b2a1   Thumb Code    24  stm32f10x_tim.o(.text)
    TIM_OC1PolarityConfig                    0x0800b2b9   Thumb Code    18  stm32f10x_tim.o(.text)
    TIM_OC1NPolarityConfig                   0x0800b2cb   Thumb Code    18  stm32f10x_tim.o(.text)
    TIM_OC2PolarityConfig                    0x0800b2dd   Thumb Code    26  stm32f10x_tim.o(.text)
    TIM_OC2NPolarityConfig                   0x0800b2f7   Thumb Code    26  stm32f10x_tim.o(.text)
    TIM_OC3PolarityConfig                    0x0800b311   Thumb Code    26  stm32f10x_tim.o(.text)
    TIM_OC3NPolarityConfig                   0x0800b32b   Thumb Code    26  stm32f10x_tim.o(.text)
    TIM_OC4PolarityConfig                    0x0800b345   Thumb Code    26  stm32f10x_tim.o(.text)
    TIM_CCxCmd                               0x0800b35f   Thumb Code    30  stm32f10x_tim.o(.text)
    TIM_CCxNCmd                              0x0800b37d   Thumb Code    30  stm32f10x_tim.o(.text)
    TIM_SelectOCxM                           0x0800b39b   Thumb Code    82  stm32f10x_tim.o(.text)
    TIM_UpdateDisableConfig                  0x0800b3ed   Thumb Code    24  stm32f10x_tim.o(.text)
    TIM_UpdateRequestConfig                  0x0800b405   Thumb Code    24  stm32f10x_tim.o(.text)
    TIM_SelectHallSensor                     0x0800b41d   Thumb Code    24  stm32f10x_tim.o(.text)
    TIM_SelectOnePulseMode                   0x0800b435   Thumb Code    18  stm32f10x_tim.o(.text)
    TIM_SelectOutputTrigger                  0x0800b447   Thumb Code    18  stm32f10x_tim.o(.text)
    TIM_SelectSlaveMode                      0x0800b459   Thumb Code    18  stm32f10x_tim.o(.text)
    TIM_SelectMasterSlaveMode                0x0800b46b   Thumb Code    18  stm32f10x_tim.o(.text)
    TIM_SetCounter                           0x0800b47d   Thumb Code     4  stm32f10x_tim.o(.text)
    TIM_SetAutoreload                        0x0800b481   Thumb Code     4  stm32f10x_tim.o(.text)
    TIM_SetCompare1                          0x0800b485   Thumb Code     4  stm32f10x_tim.o(.text)
    TIM_SetCompare2                          0x0800b489   Thumb Code     4  stm32f10x_tim.o(.text)
    TIM_SetCompare3                          0x0800b48d   Thumb Code     4  stm32f10x_tim.o(.text)
    TIM_SetCompare4                          0x0800b491   Thumb Code     6  stm32f10x_tim.o(.text)
    TIM_SetClockDivision                     0x0800b497   Thumb Code    18  stm32f10x_tim.o(.text)
    TIM_GetCapture1                          0x0800b4a9   Thumb Code     6  stm32f10x_tim.o(.text)
    TIM_GetCapture2                          0x0800b4af   Thumb Code     6  stm32f10x_tim.o(.text)
    TIM_GetCapture3                          0x0800b4b5   Thumb Code     6  stm32f10x_tim.o(.text)
    TIM_GetCapture4                          0x0800b4bb   Thumb Code     8  stm32f10x_tim.o(.text)
    TIM_GetCounter                           0x0800b4c3   Thumb Code     6  stm32f10x_tim.o(.text)
    TIM_GetPrescaler                         0x0800b4c9   Thumb Code     6  stm32f10x_tim.o(.text)
    TIM_GetFlagStatus                        0x0800b4cf   Thumb Code    18  stm32f10x_tim.o(.text)
    TIM_ClearFlag                            0x0800b4e1   Thumb Code     6  stm32f10x_tim.o(.text)
    TIM_GetITStatus                          0x0800b4e7   Thumb Code    34  stm32f10x_tim.o(.text)
    TIM_ClearITPendingBit                    0x0800b509   Thumb Code     6  stm32f10x_tim.o(.text)
    USART_DeInit                             0x0800b511   Thumb Code   134  stm32f10x_usart.o(.text)
    USART_Init                               0x0800b597   Thumb Code   210  stm32f10x_usart.o(.text)
    USART_StructInit                         0x0800b669   Thumb Code    24  stm32f10x_usart.o(.text)
    USART_ClockInit                          0x0800b681   Thumb Code    34  stm32f10x_usart.o(.text)
    USART_ClockStructInit                    0x0800b6a3   Thumb Code    12  stm32f10x_usart.o(.text)
    USART_Cmd                                0x0800b6af   Thumb Code    24  stm32f10x_usart.o(.text)
    USART_ITConfig                           0x0800b6c7   Thumb Code    74  stm32f10x_usart.o(.text)
    USART_DMACmd                             0x0800b711   Thumb Code    18  stm32f10x_usart.o(.text)
    USART_SetAddress                         0x0800b723   Thumb Code    18  stm32f10x_usart.o(.text)
    USART_WakeUpConfig                       0x0800b735   Thumb Code    18  stm32f10x_usart.o(.text)
    USART_ReceiverWakeUpCmd                  0x0800b747   Thumb Code    24  stm32f10x_usart.o(.text)
    USART_LINBreakDetectLengthConfig         0x0800b75f   Thumb Code    18  stm32f10x_usart.o(.text)
    USART_LINCmd                             0x0800b771   Thumb Code    24  stm32f10x_usart.o(.text)
    USART_SendData                           0x0800b789   Thumb Code     8  stm32f10x_usart.o(.text)
    USART_ReceiveData                        0x0800b791   Thumb Code    10  stm32f10x_usart.o(.text)
    USART_SendBreak                          0x0800b79b   Thumb Code    10  stm32f10x_usart.o(.text)
    USART_SetGuardTime                       0x0800b7a5   Thumb Code    16  stm32f10x_usart.o(.text)
    USART_SetPrescaler                       0x0800b7b5   Thumb Code    16  stm32f10x_usart.o(.text)
    USART_SmartCardCmd                       0x0800b7c5   Thumb Code    24  stm32f10x_usart.o(.text)
    USART_SmartCardNACKCmd                   0x0800b7dd   Thumb Code    24  stm32f10x_usart.o(.text)
    USART_HalfDuplexCmd                      0x0800b7f5   Thumb Code    24  stm32f10x_usart.o(.text)
    USART_OverSampling8Cmd                   0x0800b80d   Thumb Code    22  stm32f10x_usart.o(.text)
    USART_OneBitMethodCmd                    0x0800b823   Thumb Code    24  stm32f10x_usart.o(.text)
    USART_IrDAConfig                         0x0800b83b   Thumb Code    18  stm32f10x_usart.o(.text)
    USART_IrDACmd                            0x0800b84d   Thumb Code    24  stm32f10x_usart.o(.text)
    USART_GetFlagStatus                      0x0800b865   Thumb Code    26  stm32f10x_usart.o(.text)
    USART_ClearFlag                          0x0800b87f   Thumb Code    18  stm32f10x_usart.o(.text)
    USART_GetITStatus                        0x0800b891   Thumb Code    84  stm32f10x_usart.o(.text)
    USART_ClearITPendingBit                  0x0800b8e5   Thumb Code    52  stm32f10x_usart.o(.text)
    DMA_DeInit                               0x0800b919   Thumb Code   324  stm32f10x_dma.o(.text)
    DMA_Init                                 0x0800ba5d   Thumb Code    60  stm32f10x_dma.o(.text)
    DMA_StructInit                           0x0800ba99   Thumb Code    26  stm32f10x_dma.o(.text)
    DMA_Cmd                                  0x0800bab3   Thumb Code    24  stm32f10x_dma.o(.text)
    DMA_ITConfig                             0x0800bacb   Thumb Code    18  stm32f10x_dma.o(.text)
    DMA_SetCurrDataCounter                   0x0800badd   Thumb Code     4  stm32f10x_dma.o(.text)
    DMA_GetCurrDataCounter                   0x0800bae1   Thumb Code     8  stm32f10x_dma.o(.text)
    DMA_GetFlagStatus                        0x0800bae9   Thumb Code    40  stm32f10x_dma.o(.text)
    DMA_ClearFlag                            0x0800bb11   Thumb Code    22  stm32f10x_dma.o(.text)
    DMA_GetITStatus                          0x0800bb27   Thumb Code    40  stm32f10x_dma.o(.text)
    DMA_ClearITPendingBit                    0x0800bb4f   Thumb Code    22  stm32f10x_dma.o(.text)
    EXTI_DeInit                              0x0800bb6d   Thumb Code    28  stm32f10x_exti.o(.text)
    EXTI_Init                                0x0800bb89   Thumb Code   142  stm32f10x_exti.o(.text)
    EXTI_StructInit                          0x0800bc17   Thumb Code    16  stm32f10x_exti.o(.text)
    EXTI_GenerateSWInterrupt                 0x0800bc27   Thumb Code    16  stm32f10x_exti.o(.text)
    EXTI_GetFlagStatus                       0x0800bc37   Thumb Code    22  stm32f10x_exti.o(.text)
    EXTI_ClearFlag                           0x0800bc4d   Thumb Code     8  stm32f10x_exti.o(.text)
    EXTI_GetITStatus                         0x0800bc55   Thumb Code    34  stm32f10x_exti.o(.text)
    EXTI_ClearITPendingBit                   0x0800bc77   Thumb Code     8  stm32f10x_exti.o(.text)
    ADC_DeInit                               0x0800bc89   Thumb Code    78  stm32f10x_adc.o(.text)
    ADC_Init                                 0x0800bcd7   Thumb Code    70  stm32f10x_adc.o(.text)
    ADC_StructInit                           0x0800bd1d   Thumb Code    18  stm32f10x_adc.o(.text)
    ADC_Cmd                                  0x0800bd2f   Thumb Code    22  stm32f10x_adc.o(.text)
    ADC_DMACmd                               0x0800bd45   Thumb Code    22  stm32f10x_adc.o(.text)
    ADC_ITConfig                             0x0800bd5b   Thumb Code    24  stm32f10x_adc.o(.text)
    ADC_ResetCalibration                     0x0800bd73   Thumb Code    10  stm32f10x_adc.o(.text)
    ADC_GetResetCalibrationStatus            0x0800bd7d   Thumb Code    20  stm32f10x_adc.o(.text)
    ADC_StartCalibration                     0x0800bd91   Thumb Code    10  stm32f10x_adc.o(.text)
    ADC_GetCalibrationStatus                 0x0800bd9b   Thumb Code    20  stm32f10x_adc.o(.text)
    ADC_SoftwareStartConvCmd                 0x0800bdaf   Thumb Code    22  stm32f10x_adc.o(.text)
    ADC_GetSoftwareStartConvStatus           0x0800bdc5   Thumb Code    20  stm32f10x_adc.o(.text)
    ADC_DiscModeChannelCountConfig           0x0800bdd9   Thumb Code    24  stm32f10x_adc.o(.text)
    ADC_DiscModeCmd                          0x0800bdf1   Thumb Code    22  stm32f10x_adc.o(.text)
    ADC_RegularChannelConfig                 0x0800be07   Thumb Code   184  stm32f10x_adc.o(.text)
    ADC_ExternalTrigConvCmd                  0x0800bebf   Thumb Code    22  stm32f10x_adc.o(.text)
    ADC_GetConversionValue                   0x0800bed5   Thumb Code     8  stm32f10x_adc.o(.text)
    ADC_GetDualModeConversionValue           0x0800bedd   Thumb Code     8  stm32f10x_adc.o(.text)
    ADC_AutoInjectedConvCmd                  0x0800bee5   Thumb Code    22  stm32f10x_adc.o(.text)
    ADC_InjectedDiscModeCmd                  0x0800befb   Thumb Code    22  stm32f10x_adc.o(.text)
    ADC_ExternalTrigInjectedConvConfig       0x0800bf11   Thumb Code    16  stm32f10x_adc.o(.text)
    ADC_ExternalTrigInjectedConvCmd          0x0800bf21   Thumb Code    22  stm32f10x_adc.o(.text)
    ADC_SoftwareStartInjectedConvCmd         0x0800bf37   Thumb Code    22  stm32f10x_adc.o(.text)
    ADC_GetSoftwareStartInjectedConvCmdStatus 0x0800bf4d   Thumb Code    20  stm32f10x_adc.o(.text)
    ADC_InjectedChannelConfig                0x0800bf61   Thumb Code   130  stm32f10x_adc.o(.text)
    ADC_InjectedSequencerLengthConfig        0x0800bfe3   Thumb Code    24  stm32f10x_adc.o(.text)
    ADC_SetInjectedOffset                    0x0800bffb   Thumb Code    20  stm32f10x_adc.o(.text)
    ADC_GetInjectedConversionValue           0x0800c00f   Thumb Code    28  stm32f10x_adc.o(.text)
    ADC_AnalogWatchdogCmd                    0x0800c02b   Thumb Code    16  stm32f10x_adc.o(.text)
    ADC_AnalogWatchdogThresholdsConfig       0x0800c03b   Thumb Code     6  stm32f10x_adc.o(.text)
    ADC_AnalogWatchdogSingleChannelConfig    0x0800c041   Thumb Code    16  stm32f10x_adc.o(.text)
    ADC_TempSensorVrefintCmd                 0x0800c051   Thumb Code    64  stm32f10x_adc.o(.text)
    ADC_GetFlagStatus                        0x0800c091   Thumb Code    18  stm32f10x_adc.o(.text)
    ADC_ClearFlag                            0x0800c0a3   Thumb Code     6  stm32f10x_adc.o(.text)
    ADC_GetITStatus                          0x0800c0a9   Thumb Code    36  stm32f10x_adc.o(.text)
    ADC_ClearITPendingBit                    0x0800c0cd   Thumb Code    10  stm32f10x_adc.o(.text)
    __use_no_semihosting                     0x0800c0d7   Thumb Code     2  use_no_semi_2.o(.text)
    __aeabi_ldivmod                          0x0800c0d9   Thumb Code     0  llsdiv.o(.text)
    _ll_sdiv                                 0x0800c0d9   Thumb Code    72  llsdiv.o(.text)
    __2printf                                0x0800c121   Thumb Code    20  noretval__2printf.o(.text)
    _printf_pre_padding                      0x0800c139   Thumb Code    44  _printf_pad.o(.text)
    _printf_post_padding                     0x0800c165   Thumb Code    34  _printf_pad.o(.text)
    _printf_int_dec                          0x0800c189   Thumb Code   104  _printf_dec.o(.text)
    _printf_int_hex                          0x0800c201   Thumb Code    84  _printf_hex_int.o(.text)
    _printf_longlong_hex                     0x0800c201   Thumb Code     0  _printf_hex_int.o(.text)
    __printf                                 0x0800c259   Thumb Code   388  __printf_flags_ss_wp.o(.text)
    memcmp                                   0x0800c3e1   Thumb Code    88  memcmp.o(.text)
    __aeabi_memset                           0x0800c439   Thumb Code    16  aeabi_memset.o(.text)
    __use_two_region_memory                  0x0800c449   Thumb Code     2  heapauxi.o(.text)
    __rt_heap_escrow$2region                 0x0800c44b   Thumb Code     2  heapauxi.o(.text)
    __rt_heap_expand$2region                 0x0800c44d   Thumb Code     2  heapauxi.o(.text)
    __I$use$semihosting                      0x0800c44f   Thumb Code     0  use_no_semi.o(.text)
    __use_no_semihosting_swi                 0x0800c44f   Thumb Code     2  use_no_semi.o(.text)
    __aeabi_uldivmod                         0x0800c451   Thumb Code     0  lludivv7m.o(.text)
    _ll_udiv                                 0x0800c451   Thumb Code   238  lludivv7m.o(.text)
    __read_errno                             0x0800c53f   Thumb Code    10  _rserrno.o(.text)
    __set_errno                              0x0800c549   Thumb Code    12  _rserrno.o(.text)
    _printf_int_common                       0x0800c555   Thumb Code   178  _printf_intcommon.o(.text)
    __lib_sel_fp_printf                      0x0800c607   Thumb Code     2  _printf_fp_dec.o(.text)
    _printf_fp_dec_real                      0x0800c7b5   Thumb Code   620  _printf_fp_dec.o(.text)
    _printf_char_file                        0x0800ca21   Thumb Code    32  _printf_char_file.o(.text)
    __aeabi_memclr                           0x0800ca45   Thumb Code     0  rt_memclr.o(.text)
    __rt_memclr                              0x0800ca45   Thumb Code    68  rt_memclr.o(.text)
    _memset                                  0x0800ca49   Thumb Code     0  rt_memclr.o(.text)
    __rt_locale                              0x0800ca89   Thumb Code     8  rt_locale_intlibspace.o(.text)
    __aeabi_errno_addr                       0x0800ca91   Thumb Code     8  rt_errno_addr_intlibspace.o(.text)
    __errno$intlibspace                      0x0800ca91   Thumb Code     0  rt_errno_addr_intlibspace.o(.text)
    __rt_errno_addr$intlibspace              0x0800ca91   Thumb Code     0  rt_errno_addr_intlibspace.o(.text)
    _ll_udiv10                               0x0800ca99   Thumb Code   138  lludiv10.o(.text)
    _printf_char_common                      0x0800cb2f   Thumb Code    32  _printf_char_common.o(.text)
    _printf_fp_infnan                        0x0800cb55   Thumb Code   112  _printf_fp_infnan.o(.text)
    _btod_etento                             0x0800cbd5   Thumb Code   216  bigflt0.o(.text)
    ferror                                   0x0800ccb1   Thumb Code     8  ferror.o(.text)
    __aeabi_memclr4                          0x0800ccb9   Thumb Code     0  rt_memclr_w.o(.text)
    __aeabi_memclr8                          0x0800ccb9   Thumb Code     0  rt_memclr_w.o(.text)
    __rt_memclr_w                            0x0800ccb9   Thumb Code    78  rt_memclr_w.o(.text)
    _memset_w                                0x0800ccbd   Thumb Code     0  rt_memclr_w.o(.text)
    __user_libspace                          0x0800cd09   Thumb Code     8  libspace.o(.text)
    __user_perproc_libspace                  0x0800cd09   Thumb Code     0  libspace.o(.text)
    __user_perthread_libspace                0x0800cd09   Thumb Code     0  libspace.o(.text)
    __user_setup_stackheap                   0x0800cd11   Thumb Code    74  sys_stackheap_outer.o(.text)
    exit                                     0x0800cd5b   Thumb Code    12  exit.o(.text)
    strcmp                                   0x0800cd69   Thumb Code   128  strcmpv7m.o(.text)
    _btod_d2e                                0x0800cde9   Thumb Code    62  btod.o(CL$$btod_d2e)
    _d2e_denorm_low                          0x0800ce27   Thumb Code    70  btod.o(CL$$btod_d2e_denorm_low)
    _d2e_norm_op1                            0x0800ce6d   Thumb Code    96  btod.o(CL$$btod_d2e_norm_op1)
    __btod_div_common                        0x0800cecd   Thumb Code   696  btod.o(CL$$btod_div_common)
    _e2e                                     0x0800d205   Thumb Code   198  btod.o(CL$$btod_e2e)
    _btod_ediv                               0x0800d2cb   Thumb Code    40  btod.o(CL$$btod_ediv)
    _btod_emul                               0x0800d2f3   Thumb Code    40  btod.o(CL$$btod_emul)
    __btod_mult_common                       0x0800d31b   Thumb Code   580  btod.o(CL$$btod_mult_common)
    __ARM_fpclassify                         0x0800d55f   Thumb Code    40  fpclassify.o(i.__ARM_fpclassify)
    __kernel_poly                            0x0800d587   Thumb Code   170  poly.o(i.__kernel_poly)
    __mathlib_dbl_infnan                     0x0800d631   Thumb Code     6  dunder.o(i.__mathlib_dbl_infnan)
    __mathlib_dbl_infnan2                    0x0800d637   Thumb Code     4  dunder.o(i.__mathlib_dbl_infnan2)
    __mathlib_dbl_invalid                    0x0800d63b   Thumb Code    12  dunder.o(i.__mathlib_dbl_invalid)
    __mathlib_dbl_underflow                  0x0800d649   Thumb Code    10  dunder.o(i.__mathlib_dbl_underflow)
    _is_digit                                0x0800d659   Thumb Code    14  __printf_wp.o(i._is_digit)
    asin                                     0x0800d669   Thumb Code   572  asin.o(i.asin)
    atan                                     0x0800d8d9   Thumb Code   474  atan.o(i.atan)
    atan2                                    0x0800daf9   Thumb Code   346  atan2.o(i.atan2)
    sqrt                                     0x0800dc79   Thumb Code    76  sqrt.o(i.sqrt)
    _get_lc_numeric                          0x0800dcc5   Thumb Code    44  lc_numeric_c.o(locale$$code)
    __aeabi_d2f                              0x0800dcf1   Thumb Code     0  d2f.o(x$fpl$d2f)
    _d2f                                     0x0800dcf1   Thumb Code    98  d2f.o(x$fpl$d2f)
    __aeabi_dadd                             0x0800dd55   Thumb Code     0  daddsub_clz.o(x$fpl$dadd)
    _dadd                                    0x0800dd55   Thumb Code   332  daddsub_clz.o(x$fpl$dadd)
    __fpl_dcheck_NaN1                        0x0800dea5   Thumb Code    10  dcheck1.o(x$fpl$dcheck1)
    __aeabi_ddiv                             0x0800deb5   Thumb Code     0  ddiv.o(x$fpl$ddiv)
    _ddiv                                    0x0800deb5   Thumb Code   552  ddiv.o(x$fpl$ddiv)
    __aeabi_d2iz                             0x0800e165   Thumb Code     0  dfix.o(x$fpl$dfix)
    _dfix                                    0x0800e165   Thumb Code    94  dfix.o(x$fpl$dfix)
    __aeabi_d2uiz                            0x0800e1c5   Thumb Code     0  dfixu.o(x$fpl$dfixu)
    _dfixu                                   0x0800e1c5   Thumb Code    90  dfixu.o(x$fpl$dfixu)
    __aeabi_i2d                              0x0800e21f   Thumb Code     0  dflt_clz.o(x$fpl$dflt)
    _dflt                                    0x0800e21f   Thumb Code    46  dflt_clz.o(x$fpl$dflt)
    __aeabi_dmul                             0x0800e24d   Thumb Code     0  dmul.o(x$fpl$dmul)
    _dmul                                    0x0800e24d   Thumb Code   332  dmul.o(x$fpl$dmul)
    __fpl_dnaninf                            0x0800e3a1   Thumb Code   156  dnaninf.o(x$fpl$dnaninf)
    __fpl_dretinf                            0x0800e43d   Thumb Code    12  dretinf.o(x$fpl$dretinf)
    __aeabi_drsub                            0x0800e449   Thumb Code     0  daddsub_clz.o(x$fpl$drsb)
    _drsb                                    0x0800e449   Thumb Code    22  daddsub_clz.o(x$fpl$drsb)
    _dsqrt                                   0x0800e461   Thumb Code   456  dsqrt_noumaal.o(x$fpl$dsqrt)
    __aeabi_dsub                             0x0800e62d   Thumb Code     0  daddsub_clz.o(x$fpl$dsub)
    _dsub                                    0x0800e62d   Thumb Code   464  daddsub_clz.o(x$fpl$dsub)
    __aeabi_f2d                              0x0800e801   Thumb Code     0  f2d.o(x$fpl$f2d)
    _f2d                                     0x0800e801   Thumb Code    86  f2d.o(x$fpl$f2d)
    __aeabi_fadd                             0x0800e859   Thumb Code     0  faddsub_clz.o(x$fpl$fadd)
    _fadd                                    0x0800e859   Thumb Code   196  faddsub_clz.o(x$fpl$fadd)
    __fpl_fcmp_Inf                           0x0800e91d   Thumb Code    24  fcmpi.o(x$fpl$fcmpinf)
    __aeabi_fdiv                             0x0800e935   Thumb Code     0  fdiv.o(x$fpl$fdiv)
    _fdiv                                    0x0800e935   Thumb Code   384  fdiv.o(x$fpl$fdiv)
    __aeabi_cfcmpeq                          0x0800eab9   Thumb Code     0  feqf.o(x$fpl$feqf)
    _fcmpeq                                  0x0800eab9   Thumb Code   104  feqf.o(x$fpl$feqf)
    __aeabi_f2iz                             0x0800eb21   Thumb Code     0  ffix.o(x$fpl$ffix)
    _ffix                                    0x0800eb21   Thumb Code    54  ffix.o(x$fpl$ffix)
    __aeabi_f2uiz                            0x0800eb59   Thumb Code     0  ffixu.o(x$fpl$ffixu)
    _ffixu                                   0x0800eb59   Thumb Code    62  ffixu.o(x$fpl$ffixu)
    __aeabi_i2f                              0x0800eb99   Thumb Code     0  fflt_clz.o(x$fpl$fflt)
    _fflt                                    0x0800eb99   Thumb Code    48  fflt_clz.o(x$fpl$fflt)
    __aeabi_ui2f                             0x0800ebc9   Thumb Code     0  fflt_clz.o(x$fpl$ffltu)
    _ffltu                                   0x0800ebc9   Thumb Code    38  fflt_clz.o(x$fpl$ffltu)
    __aeabi_cfcmple                          0x0800ebf1   Thumb Code     0  fleqf.o(x$fpl$fleqf)
    _fcmple                                  0x0800ebf1   Thumb Code   104  fleqf.o(x$fpl$fleqf)
    __fpl_fcmple_InfNaN                      0x0800ec43   Thumb Code     0  fleqf.o(x$fpl$fleqf)
    __aeabi_fmul                             0x0800ec59   Thumb Code     0  fmul.o(x$fpl$fmul)
    _fmul                                    0x0800ec59   Thumb Code   258  fmul.o(x$fpl$fmul)
    __fpl_fnaninf                            0x0800ed5b   Thumb Code   140  fnaninf.o(x$fpl$fnaninf)
    __fpl_fretinf                            0x0800ede7   Thumb Code    10  fretinf.o(x$fpl$fretinf)
    __aeabi_cfrcmple                         0x0800edf1   Thumb Code     0  frleqf.o(x$fpl$frleqf)
    _frcmple                                 0x0800edf1   Thumb Code    98  frleqf.o(x$fpl$frleqf)
    __aeabi_fsub                             0x0800ee55   Thumb Code     0  faddsub_clz.o(x$fpl$fsub)
    _fsub                                    0x0800ee55   Thumb Code   234  faddsub_clz.o(x$fpl$fsub)
    _printf_fp_dec                           0x0800ef3f   Thumb Code     4  printf1.o(x$fpl$printf1)
    __fpl_return_NaN                         0x0800ef43   Thumb Code   100  retnan.o(x$fpl$retnan)
    __ARM_scalbn                             0x0800efa7   Thumb Code    92  scalbn.o(x$fpl$scalbn)
    __fpl_cmpreturn                          0x0800f003   Thumb Code    48  trapv.o(x$fpl$trapveneer)
    F6x8                                     0x0800f032   Data         552  oled.o(.constdata)
    __I$use$fp                               0x0800f032   Number         0  usenofp.o(x$fpl$usenofp)
    F8X16                                    0x0800f25a   Data        1520  oled.o(.constdata)
    reg                                      0x08010440   Data          27  inv_mpu.o(.constdata)
    hw                                       0x0801045c   Data          12  inv_mpu.o(.constdata)
    test                                     0x08010468   Data          40  inv_mpu.o(.constdata)
    __mathlib_zero                           0x080105b8   Data           8  qnan.o(.constdata)
    Region$$Table$$Base                      0x080106a4   Number         0  anon$$obj.o(Region$$Table)
    Region$$Table$$Limit                     0x080106c4   Number         0  anon$$obj.o(Region$$Table)
    speed                                    0x20000000   Data           4  main.o(.data)
    state                                    0x20000004   Data           1  main.o(.data)
    state_begin                              0x20000005   Data           1  main.o(.data)
    state_motor                              0x20000006   Data           1  main.o(.data)
    state_foward                             0x20000007   Data           1  main.o(.data)
    state_feature                            0x20000008   Data           1  main.o(.data)
    state_door                               0x20000009   Data           5  main.o(.data)
    SystemCoreClock                          0x20000010   Data           4  system_stm32f10x.o(.data)
    AHBPrescTable                            0x20000014   Data          16  system_stm32f10x.o(.data)
    pitch                                    0x20000024   Data           4  part.o(.data)
    roll                                     0x20000028   Data           4  part.o(.data)
    yaw                                      0x2000002c   Data           4  part.o(.data)
    d_k                                      0x20000030   Data           4  part.o(.data)
    my_angle                                 0x20000034   Data           4  part.o(.data)
    flag                                     0x20000038   Data           4  part.o(.data)
    TIM5CH1_CAPTURE_STA                      0x2000003c   Data           1  timer.o(.data)
    TIM5CH1_CAPTURE_VAL                      0x2000003e   Data           2  timer.o(.data)
    PWM_R                                    0x20000040   Data           4  seek.o(.data)
    PWM_L                                    0x20000044   Data           4  seek.o(.data)
    umax                                     0x20000048   Data           4  seek.o(.data)
    umin                                     0x2000004c   Data           4  seek.o(.data)
    ahead_location                           0x20000050   Data           4  seek.o(.data)
    back_location                            0x20000054   Data           4  seek.o(.data)
    location                                 0x20000058   Data           4  seek.o(.data)
    last_alocation                           0x2000005c   Data           4  seek.o(.data)
    last_blocation                           0x20000060   Data           4  seek.o(.data)
    art                                      0x20000064   Data           4  seek.o(.data)
    location_numble                          0x20000068   Data         120  seek.o(.data)
    angle                                    0x200000e0   Data           8  seek.o(.data)
    Kl                                       0x200000e8   Data           4  seek.o(.data)
    Ka                                       0x200000ec   Data           4  seek.o(.data)
    Hzk                                      0x200000f0   Data         896  oled.o(.data)
    ADC_Conval                               0x20000470   Data           8  infrared.o(.data)
    GY26_Flag                                0x200004b0   Data           1  usart2.o(.data)
    GY26_state                               0x200004b1   Data           1  usart2.o(.data)
    GY26_angle                               0x200004b4   Data           4  usart2.o(.data)
    GY26_receiveCount                        0x200004b8   Data           2  usart2.o(.data)
    USART2_RX_STA                            0x200004ba   Data           2  usart2.o(.data)
    usartFlag                                0x200004c0   Data           1  usart.o(.data)
    receiveCount                             0x200004c2   Data           2  usart.o(.data)
    __stdout                                 0x200004c4   Data           4  usart.o(.data)
    USART_RX_STA                             0x200004c8   Data           2  usart.o(.data)
    state_treasure                           0x200004e0   Data           9  part.o(.bss)
    TIM5_ICInitStructure                     0x200004ea   Data          10  timer.o(.bss)
    pid_pwm                                  0x200004f4   Data          64  pid.o(.bss)
    pd_imcompD                               0x20000534   Data          64  pid.o(.bss)
    ahead                                    0x20000574   Data          40  seek.o(.bss)
    back                                     0x2000059c   Data          40  seek.o(.bss)
    mark                                     0x200005c4   Data          40  seek.o(.bss)
    USART_RX_BUF                             0x2000060c   Data         200  usart.o(.bss)
    __libspace_start                         0x200006d4   Data          96  libspace.o(.bss)
    __temporary_stack_top$libspace           0x20000734   Data           0  libspace.o(.bss)



==============================================================================

Memory Map of the image

  Image Entry point : 0x08000131

  Load Region LR_IROM1 (Base: 0x08000000, Size: 0x00010bc0, Max: 0x00080000, ABSOLUTE, COMPRESSED[0x000108b8])

    Execution Region ER_IROM1 (Base: 0x08000000, Size: 0x000106e0, Max: 0x00080000, ABSOLUTE)

    Base Addr    Size         Type   Attr      Idx    E Section Name        Object

    0x08000000   0x00000130   Data   RO          608    RESET               startup_stm32f10x_hd.o
    0x08000130   0x00000008   Code   RO          778  * !!!main             c_w.l(__main.o)
    0x08000138   0x00000034   Code   RO         1157    !!!scatter          c_w.l(__scatter.o)
    0x0800016c   0x0000005a   Code   RO         1155    !!dczerorl2         c_w.l(__dczerorl2.o)
    0x080001c6   0x00000002   PAD
    0x080001c8   0x0000001c   Code   RO         1159    !!handler_zi        c_w.l(__scatter_zi.o)
    0x080001e4   0x00000000   Code   RO          771    .ARM.Collect$$_printf_percent$$00000000  c_w.l(_printf_percent.o)
    0x080001e4   0x00000006   Code   RO          770    .ARM.Collect$$_printf_percent$$00000003  c_w.l(_printf_f.o)
    0x080001ea   0x00000006   Code   RO          769    .ARM.Collect$$_printf_percent$$00000009  c_w.l(_printf_d.o)
    0x080001f0   0x00000006   Code   RO          768    .ARM.Collect$$_printf_percent$$0000000C  c_w.l(_printf_x.o)
    0x080001f6   0x00000004   Code   RO          885    .ARM.Collect$$_printf_percent$$00000017  c_w.l(_printf_percent_end.o)
    0x080001fa   0x00000002   Code   RO         1023    .ARM.Collect$$libinit$$00000000  c_w.l(libinit.o)
    0x080001fc   0x00000000   Code   RO         1025    .ARM.Collect$$libinit$$00000002  c_w.l(libinit2.o)
    0x080001fc   0x00000000   Code   RO         1027    .ARM.Collect$$libinit$$00000004  c_w.l(libinit2.o)
    0x080001fc   0x00000000   Code   RO         1030    .ARM.Collect$$libinit$$0000000A  c_w.l(libinit2.o)
    0x080001fc   0x00000000   Code   RO         1032    .ARM.Collect$$libinit$$0000000C  c_w.l(libinit2.o)
    0x080001fc   0x00000000   Code   RO         1034    .ARM.Collect$$libinit$$0000000E  c_w.l(libinit2.o)
    0x080001fc   0x00000006   Code   RO         1035    .ARM.Collect$$libinit$$0000000F  c_w.l(libinit2.o)
    0x08000202   0x00000000   Code   RO         1037    .ARM.Collect$$libinit$$00000011  c_w.l(libinit2.o)
    0x08000202   0x00000000   Code   RO         1039    .ARM.Collect$$libinit$$00000013  c_w.l(libinit2.o)
    0x08000202   0x00000000   Code   RO         1041    .ARM.Collect$$libinit$$00000015  c_w.l(libinit2.o)
    0x08000202   0x0000000a   Code   RO         1042    .ARM.Collect$$libinit$$00000016  c_w.l(libinit2.o)
    0x0800020c   0x00000000   Code   RO         1043    .ARM.Collect$$libinit$$00000017  c_w.l(libinit2.o)
    0x0800020c   0x00000000   Code   RO         1045    .ARM.Collect$$libinit$$00000019  c_w.l(libinit2.o)
    0x0800020c   0x00000000   Code   RO         1047    .ARM.Collect$$libinit$$0000001B  c_w.l(libinit2.o)
    0x0800020c   0x00000000   Code   RO         1049    .ARM.Collect$$libinit$$0000001D  c_w.l(libinit2.o)
    0x0800020c   0x00000000   Code   RO         1051    .ARM.Collect$$libinit$$0000001F  c_w.l(libinit2.o)
    0x0800020c   0x00000000   Code   RO         1053    .ARM.Collect$$libinit$$00000021  c_w.l(libinit2.o)
    0x0800020c   0x00000000   Code   RO         1055    .ARM.Collect$$libinit$$00000023  c_w.l(libinit2.o)
    0x0800020c   0x00000000   Code   RO         1057    .ARM.Collect$$libinit$$00000025  c_w.l(libinit2.o)
    0x0800020c   0x00000000   Code   RO         1061    .ARM.Collect$$libinit$$0000002C  c_w.l(libinit2.o)
    0x0800020c   0x00000000   Code   RO         1063    .ARM.Collect$$libinit$$0000002E  c_w.l(libinit2.o)
    0x0800020c   0x00000000   Code   RO         1065    .ARM.Collect$$libinit$$00000030  c_w.l(libinit2.o)
    0x0800020c   0x00000000   Code   RO         1067    .ARM.Collect$$libinit$$00000032  c_w.l(libinit2.o)
    0x0800020c   0x00000002   Code   RO         1068    .ARM.Collect$$libinit$$00000033  c_w.l(libinit2.o)
    0x0800020e   0x00000002   Code   RO         1116    .ARM.Collect$$libshutdown$$00000000  c_w.l(libshutdown.o)
    0x08000210   0x00000000   Code   RO         1126    .ARM.Collect$$libshutdown$$00000003  c_w.l(libshutdown2.o)
    0x08000210   0x00000000   Code   RO         1129    .ARM.Collect$$libshutdown$$00000006  c_w.l(libshutdown2.o)
    0x08000210   0x00000000   Code   RO         1132    .ARM.Collect$$libshutdown$$00000009  c_w.l(libshutdown2.o)
    0x08000210   0x00000000   Code   RO         1134    .ARM.Collect$$libshutdown$$0000000B  c_w.l(libshutdown2.o)
    0x08000210   0x00000000   Code   RO         1137    .ARM.Collect$$libshutdown$$0000000E  c_w.l(libshutdown2.o)
    0x08000210   0x00000002   Code   RO         1138    .ARM.Collect$$libshutdown$$0000000F  c_w.l(libshutdown2.o)
    0x08000212   0x00000000   Code   RO          874    .ARM.Collect$$rtentry$$00000000  c_w.l(__rtentry.o)
    0x08000212   0x00000000   Code   RO          929    .ARM.Collect$$rtentry$$00000002  c_w.l(__rtentry2.o)
    0x08000212   0x00000006   Code   RO          941    .ARM.Collect$$rtentry$$00000004  c_w.l(__rtentry4.o)
    0x08000218   0x00000000   Code   RO          931    .ARM.Collect$$rtentry$$00000009  c_w.l(__rtentry2.o)
    0x08000218   0x00000004   Code   RO          932    .ARM.Collect$$rtentry$$0000000A  c_w.l(__rtentry2.o)
    0x0800021c   0x00000000   Code   RO          934    .ARM.Collect$$rtentry$$0000000C  c_w.l(__rtentry2.o)
    0x0800021c   0x00000008   Code   RO          935    .ARM.Collect$$rtentry$$0000000D  c_w.l(__rtentry2.o)
    0x08000224   0x00000002   Code   RO         1073    .ARM.Collect$$rtexit$$00000000  c_w.l(rtexit.o)
    0x08000226   0x00000000   Code   RO         1086    .ARM.Collect$$rtexit$$00000002  c_w.l(rtexit2.o)
    0x08000226   0x00000004   Code   RO         1087    .ARM.Collect$$rtexit$$00000003  c_w.l(rtexit2.o)
    0x0800022a   0x00000006   Code   RO         1088    .ARM.Collect$$rtexit$$00000004  c_w.l(rtexit2.o)
    0x08000230   0x00000084   Code   RO            1    .text               main.o
    0x080002b4   0x0000001a   Code   RO          170    .text               stm32f10x_it.o
    0x080002ce   0x00000002   PAD
    0x080002d0   0x000001e0   Code   RO          211    .text               system_stm32f10x.o
    0x080004b0   0x0000042c   Code   RO          229    .text               test.o
    0x080008dc   0x000013f0   Code   RO          253    .text               part.o
    0x08001ccc   0x00002314   Code   RO          274    .text               section.o
    0x08003fe0   0x00000498   Code   RO          287    .text               timer.o
    0x08004478   0x000002d8   Code   RO          306    .text               pid.o
    0x08004750   0x0000077c   Code   RO          321    .text               seek.o
    0x08004ecc   0x000005dc   Code   RO          344    .text               oled.o
    0x080054a8   0x0000026c   Code   RO          366    .text               myiic.o
    0x08005714   0x00000600   Code   RO          378    .text               allocation.o
    0x08005d14   0x0000018c   Code   RO          390    .text               exti.o
    0x08005ea0   0x00000264   Code   RO          406    .text               infrared.o
    0x08006104   0x0000024c   Code   RO          444    .text               mpuiic.o
    0x08006350   0x000005e0   Code   RO          456    .text               mpu6050.o
    0x08006930   0x00000d70   Code   RO          468    .text               inv_mpu_dmp_motion_driver.o
    0x080076a0   0x0000228c   Code   RO          492    .text               inv_mpu.o
    0x0800992c   0x00000238   Code   RO          516    .text               usart2.o
    0x08009b64   0x000000d4   Code   RO          537    .text               delay.o
    0x08009c38   0x000002a0   Code   RO          568    .text               usart.o
    0x08009ed8   0x00000040   Code   RO          609    .text               startup_stm32f10x_hd.o
    0x08009f18   0x000000dc   Code   RO          613    .text               misc.o
    0x08009ff4   0x0000035c   Code   RO          625    .text               stm32f10x_gpio.o
    0x0800a350   0x000003a4   Code   RO          637    .text               stm32f10x_rcc.o
    0x0800a6f4   0x00000e1a   Code   RO          651    .text               stm32f10x_tim.o
    0x0800b50e   0x00000002   PAD
    0x0800b510   0x00000408   Code   RO          663    .text               stm32f10x_usart.o
    0x0800b918   0x00000254   Code   RO          675    .text               stm32f10x_dma.o
    0x0800bb6c   0x0000011c   Code   RO          687    .text               stm32f10x_exti.o
    0x0800bc88   0x0000044e   Code   RO          699    .text               stm32f10x_adc.o
    0x0800c0d6   0x00000002   Code   RO          713    .text               c_w.l(use_no_semi_2.o)
    0x0800c0d8   0x00000048   Code   RO          715    .text               c_w.l(llsdiv.o)
    0x0800c120   0x00000018   Code   RO          719    .text               c_w.l(noretval__2printf.o)
    0x0800c138   0x0000004e   Code   RO          723    .text               c_w.l(_printf_pad.o)
    0x0800c186   0x00000002   PAD
    0x0800c188   0x00000078   Code   RO          725    .text               c_w.l(_printf_dec.o)
    0x0800c200   0x00000058   Code   RO          730    .text               c_w.l(_printf_hex_int.o)
    0x0800c258   0x00000188   Code   RO          765    .text               c_w.l(__printf_flags_ss_wp.o)
    0x0800c3e0   0x00000058   Code   RO          772    .text               c_w.l(memcmp.o)
    0x0800c438   0x00000010   Code   RO          774    .text               c_w.l(aeabi_memset.o)
    0x0800c448   0x00000006   Code   RO          776    .text               c_w.l(heapauxi.o)
    0x0800c44e   0x00000002   Code   RO          872    .text               c_w.l(use_no_semi.o)
    0x0800c450   0x000000ee   Code   RO          875    .text               c_w.l(lludivv7m.o)
    0x0800c53e   0x00000016   Code   RO          877    .text               c_w.l(_rserrno.o)
    0x0800c554   0x000000b2   Code   RO          879    .text               c_w.l(_printf_intcommon.o)
    0x0800c606   0x0000041a   Code   RO          881    .text               c_w.l(_printf_fp_dec.o)
    0x0800ca20   0x00000024   Code   RO          883    .text               c_w.l(_printf_char_file.o)
    0x0800ca44   0x00000044   Code   RO          886    .text               c_w.l(rt_memclr.o)
    0x0800ca88   0x00000008   Code   RO          950    .text               c_w.l(rt_locale_intlibspace.o)
    0x0800ca90   0x00000008   Code   RO          955    .text               c_w.l(rt_errno_addr_intlibspace.o)
    0x0800ca98   0x0000008a   Code   RO          957    .text               c_w.l(lludiv10.o)
    0x0800cb22   0x00000002   PAD
    0x0800cb24   0x00000030   Code   RO          959    .text               c_w.l(_printf_char_common.o)
    0x0800cb54   0x00000080   Code   RO          961    .text               c_w.l(_printf_fp_infnan.o)
    0x0800cbd4   0x000000dc   Code   RO          963    .text               c_w.l(bigflt0.o)
    0x0800ccb0   0x00000008   Code   RO          988    .text               c_w.l(ferror.o)
    0x0800ccb8   0x0000004e   Code   RO          995    .text               c_w.l(rt_memclr_w.o)
    0x0800cd06   0x00000002   PAD
    0x0800cd08   0x00000008   Code   RO         1005    .text               c_w.l(libspace.o)
    0x0800cd10   0x0000004a   Code   RO         1008    .text               c_w.l(sys_stackheap_outer.o)
    0x0800cd5a   0x0000000c   Code   RO         1014    .text               c_w.l(exit.o)
    0x0800cd66   0x00000002   PAD
    0x0800cd68   0x00000080   Code   RO         1016    .text               c_w.l(strcmpv7m.o)
    0x0800cde8   0x0000003e   Code   RO          966    CL$$btod_d2e        c_w.l(btod.o)
    0x0800ce26   0x00000046   Code   RO          968    CL$$btod_d2e_denorm_low  c_w.l(btod.o)
    0x0800ce6c   0x00000060   Code   RO          967    CL$$btod_d2e_norm_op1  c_w.l(btod.o)
    0x0800cecc   0x00000338   Code   RO          976    CL$$btod_div_common  c_w.l(btod.o)
    0x0800d204   0x000000c6   Code   RO          973    CL$$btod_e2e        c_w.l(btod.o)
    0x0800d2ca   0x00000028   Code   RO          970    CL$$btod_ediv       c_w.l(btod.o)
    0x0800d2f2   0x00000028   Code   RO          969    CL$$btod_emul       c_w.l(btod.o)
    0x0800d31a   0x00000244   Code   RO          975    CL$$btod_mult_common  c_w.l(btod.o)
    0x0800d55e   0x00000028   Code   RO          915    i.__ARM_fpclassify  m_ws.l(fpclassify.o)
    0x0800d586   0x000000aa   Code   RO          917    i.__kernel_poly     m_ws.l(poly.o)
    0x0800d630   0x00000006   Code   RO          902    i.__mathlib_dbl_infnan  m_ws.l(dunder.o)
    0x0800d636   0x00000004   Code   RO          903    i.__mathlib_dbl_infnan2  m_ws.l(dunder.o)
    0x0800d63a   0x0000000c   Code   RO          904    i.__mathlib_dbl_invalid  m_ws.l(dunder.o)
    0x0800d646   0x00000002   PAD
    0x0800d648   0x00000010   Code   RO          907    i.__mathlib_dbl_underflow  m_ws.l(dunder.o)
    0x0800d658   0x0000000e   Code   RO          758    i._is_digit         c_w.l(__printf_wp.o)
    0x0800d666   0x00000002   PAD
    0x0800d668   0x00000270   Code   RO          845    i.asin              m_ws.l(asin.o)
    0x0800d8d8   0x00000220   Code   RO          855    i.atan              m_ws.l(atan.o)
    0x0800daf8   0x00000180   Code   RO          865    i.atan2             m_ws.l(atan2.o)
    0x0800dc78   0x0000004c   Code   RO          921    i.sqrt              m_ws.l(sqrt.o)
    0x0800dcc4   0x0000002c   Code   RO          993    locale$$code        c_w.l(lc_numeric_c.o)
    0x0800dcf0   0x00000062   Code   RO          780    x$fpl$d2f           fz_ws.l(d2f.o)
    0x0800dd52   0x00000002   PAD
    0x0800dd54   0x00000150   Code   RO          782    x$fpl$dadd          fz_ws.l(daddsub_clz.o)
    0x0800dea4   0x00000010   Code   RO          997    x$fpl$dcheck1       fz_ws.l(dcheck1.o)
    0x0800deb4   0x000002b0   Code   RO          789    x$fpl$ddiv          fz_ws.l(ddiv.o)
    0x0800e164   0x0000005e   Code   RO          792    x$fpl$dfix          fz_ws.l(dfix.o)
    0x0800e1c2   0x00000002   PAD
    0x0800e1c4   0x0000005a   Code   RO          796    x$fpl$dfixu         fz_ws.l(dfixu.o)
    0x0800e21e   0x0000002e   Code   RO          801    x$fpl$dflt          fz_ws.l(dflt_clz.o)
    0x0800e24c   0x00000154   Code   RO          806    x$fpl$dmul          fz_ws.l(dmul.o)
    0x0800e3a0   0x0000009c   Code   RO          888    x$fpl$dnaninf       fz_ws.l(dnaninf.o)
    0x0800e43c   0x0000000c   Code   RO          890    x$fpl$dretinf       fz_ws.l(dretinf.o)
    0x0800e448   0x00000016   Code   RO          783    x$fpl$drsb          fz_ws.l(daddsub_clz.o)
    0x0800e45e   0x00000002   PAD
    0x0800e460   0x000001cc   Code   RO         1001    x$fpl$dsqrt         fz_ws.l(dsqrt_noumaal.o)
    0x0800e62c   0x000001d4   Code   RO          784    x$fpl$dsub          fz_ws.l(daddsub_clz.o)
    0x0800e800   0x00000056   Code   RO          808    x$fpl$f2d           fz_ws.l(f2d.o)
    0x0800e856   0x00000002   PAD
    0x0800e858   0x000000c4   Code   RO          810    x$fpl$fadd          fz_ws.l(faddsub_clz.o)
    0x0800e91c   0x00000018   Code   RO          892    x$fpl$fcmpinf       fz_ws.l(fcmpi.o)
    0x0800e934   0x00000184   Code   RO          817    x$fpl$fdiv          fz_ws.l(fdiv.o)
    0x0800eab8   0x00000068   Code   RO          820    x$fpl$feqf          fz_ws.l(feqf.o)
    0x0800eb20   0x00000036   Code   RO          822    x$fpl$ffix          fz_ws.l(ffix.o)
    0x0800eb56   0x00000002   PAD
    0x0800eb58   0x0000003e   Code   RO          826    x$fpl$ffixu         fz_ws.l(ffixu.o)
    0x0800eb96   0x00000002   PAD
    0x0800eb98   0x00000030   Code   RO          831    x$fpl$fflt          fz_ws.l(fflt_clz.o)
    0x0800ebc8   0x00000026   Code   RO          830    x$fpl$ffltu         fz_ws.l(fflt_clz.o)
    0x0800ebee   0x00000002   PAD
    0x0800ebf0   0x00000068   Code   RO          836    x$fpl$fleqf         fz_ws.l(fleqf.o)
    0x0800ec58   0x00000102   Code   RO          838    x$fpl$fmul          fz_ws.l(fmul.o)
    0x0800ed5a   0x0000008c   Code   RO          894    x$fpl$fnaninf       fz_ws.l(fnaninf.o)
    0x0800ede6   0x0000000a   Code   RO          896    x$fpl$fretinf       fz_ws.l(fretinf.o)
    0x0800edf0   0x00000062   Code   RO          840    x$fpl$frleqf        fz_ws.l(frleqf.o)
    0x0800ee52   0x00000002   PAD
    0x0800ee54   0x000000ea   Code   RO          812    x$fpl$fsub          fz_ws.l(faddsub_clz.o)
    0x0800ef3e   0x00000004   Code   RO          842    x$fpl$printf1       fz_ws.l(printf1.o)
    0x0800ef42   0x00000064   Code   RO         1071    x$fpl$retnan        fz_ws.l(retnan.o)
    0x0800efa6   0x0000005c   Code   RO          898    x$fpl$scalbn        fz_ws.l(scalbn.o)
    0x0800f002   0x00000030   Code   RO         1083    x$fpl$trapveneer    fz_ws.l(trapv.o)
    0x0800f032   0x00000000   Code   RO          900    x$fpl$usenofp       fz_ws.l(usenofp.o)
    0x0800f032   0x00000818   Data   RO          345    .constdata          oled.o
    0x0800f84a   0x00000bf6   Data   RO          470    .constdata          inv_mpu_dmp_motion_driver.o
    0x08010440   0x00000050   Data   RO          493    .constdata          inv_mpu.o
    0x08010490   0x00000028   Data   RO          731    .constdata          c_w.l(_printf_hex_int.o)
    0x080104b8   0x00000011   Data   RO          766    .constdata          c_w.l(__printf_flags_ss_wp.o)
    0x080104c9   0x00000007   PAD
    0x080104d0   0x00000050   Data   RO          846    .constdata          m_ws.l(asin.o)
    0x08010520   0x00000098   Data   RO          856    .constdata          m_ws.l(atan.o)
    0x080105b8   0x00000008   Data   RO          919    .constdata          m_ws.l(qnan.o)
    0x080105c0   0x00000094   Data   RO          964    .constdata          c_w.l(bigflt0.o)
    0x08010654   0x0000004d   Data   RO          494    .conststring        inv_mpu.o
    0x080106a1   0x00000003   PAD
    0x080106a4   0x00000020   Data   RO         1153    Region$$Table       anon$$obj.o
    0x080106c4   0x0000001c   Data   RO          992    locale$$data        c_w.l(lc_numeric_c.o)


    Execution Region RW_IRAM1 (Base: 0x20000000, Size: 0x00000d38, Max: 0x00010000, ABSOLUTE, COMPRESSED[0x000001d8])

    Base Addr    Size         Type   Attr      Idx    E Section Name        Object

    0x20000000   0x0000000e   Data   RW            2    .data               main.o
    0x2000000e   0x00000002   PAD
    0x20000010   0x00000014   Data   RW          212    .data               system_stm32f10x.o
    0x20000024   0x00000018   Data   RW          255    .data               part.o
    0x2000003c   0x00000004   Data   RW          289    .data               timer.o
    0x20000040   0x000000b0   Data   RW          323    .data               seek.o
    0x200000f0   0x00000380   Data   RW          346    .data               oled.o
    0x20000470   0x00000008   Data   RW          408    .data               infrared.o
    0x20000478   0x00000035   Data   RW          495    .data               inv_mpu.o
    0x200004ad   0x00000003   PAD
    0x200004b0   0x0000000c   Data   RW          518    .data               usart2.o
    0x200004bc   0x00000004   Data   RW          538    .data               delay.o
    0x200004c0   0x0000000a   Data   RW          570    .data               usart.o
    0x200004ca   0x00000014   Data   RW          638    .data               stm32f10x_rcc.o
    0x200004de   0x00000002   PAD
    0x200004e0   0x00000009   Zero   RW          254    .bss                part.o
    0x200004e9   0x00000001   PAD
    0x200004ea   0x0000000a   Zero   RW          288    .bss                timer.o
    0x200004f4   0x00000080   Zero   RW          307    .bss                pid.o
    0x20000574   0x00000078   Zero   RW          322    .bss                seek.o
    0x200005ec   0x00000010   Zero   RW          407    .bss                infrared.o
    0x200005fc   0x00000010   Zero   RW          469    .bss                inv_mpu_dmp_motion_driver.o
    0x2000060c   0x000000c8   Zero   RW          569    .bss                usart.o
    0x200006d4   0x00000060   Zero   RW         1006    .bss                c_w.l(libspace.o)
    0x20000734   0x00000004   PAD
    0x20000738   0x00000200   Zero   RW          607    HEAP                startup_stm32f10x_hd.o
    0x20000938   0x00000400   Zero   RW          606    STACK               startup_stm32f10x_hd.o


==============================================================================

Image component sizes


      Code (inc. data)   RO Data    RW Data    ZI Data      Debug   Object Name

      1536         78          0          0          0       1671   allocation.o
       212         18          0          4          0       1011   delay.o
       396         16          0          0          0       1225   exti.o
       612         58          0          8         16       2162   infrared.o
      8844        196        157         53          0      23157   inv_mpu.o
      3440        126       3062          0         16      15031   inv_mpu_dmp_motion_driver.o
       132          4          0         14          0     275740   main.o
       220         22          0          0          0       1785   misc.o
      1504         96          0          0          0       5099   mpu6050.o
       588         14          0          0          0       2034   mpuiic.o
       620         14          0          0          0       1852   myiic.o
      1500         22       2072        896          0       6474   oled.o
      5104        260          0         24          9       6117   part.o
       728         26          0          0        128       1894   pid.o
      8980        208          0          0          0       5490   section.o
      1916        140          0        176        120       3919   seek.o
        64         26        304          0       1536        792   startup_stm32f10x_hd.o
      1102         26          0          0          0      10821   stm32f10x_adc.o
       596          8          0          0          0       4314   stm32f10x_dma.o
       284         10          0          0          0       2219   stm32f10x_exti.o
       860         38          0          0          0       5633   stm32f10x_gpio.o
        26          0          0          0          0       1174   stm32f10x_it.o
       932         36          0         20          0       8800   stm32f10x_rcc.o
      3610         88          0          0          0      22116   stm32f10x_tim.o
      1032         22          0          0          0       8356   stm32f10x_usart.o
         0          0          0          0          0         32   sys.o
       480         38          0         20          0       1719   system_stm32f10x.o
      1068         68          0          0          0      16938   test.o
      1176         42          0          4         10       3808   timer.o
       672         32          0         10        200       4314   usart.o
       568         46          0         12          0       2111   usart2.o

    ----------------------------------------------------------------------
     48806       1778       5630       1248       2036     447808   Object Totals
         0          0         32          0          0          0   (incl. Generated)
         4          0          3          7          1          0   (incl. Padding)

    ----------------------------------------------------------------------

      Code (inc. data)   RO Data    RW Data    ZI Data      Debug   Library Member Name

        90          0          0          0          0          0   __dczerorl2.o
         8          0          0          0          0         68   __main.o
       392          4         17          0          0         92   __printf_flags_ss_wp.o
        14          0          0          0          0         68   __printf_wp.o
         0          0          0          0          0          0   __rtentry.o
        12          0          0          0          0          0   __rtentry2.o
         6          0          0          0          0          0   __rtentry4.o
        52          8          0          0          0          0   __scatter.o
        28          0          0          0          0          0   __scatter_zi.o
        48          6          0          0          0         96   _printf_char_common.o
        36          4          0          0          0         80   _printf_char_file.o
         6          0          0          0          0          0   _printf_d.o
       120         16          0          0          0         92   _printf_dec.o
         6          0          0          0          0          0   _printf_f.o
      1050          0          0          0          0        216   _printf_fp_dec.o
       128         16          0          0          0         84   _printf_fp_infnan.o
        88          4         40          0          0         88   _printf_hex_int.o
       178          0          0          0          0         88   _printf_intcommon.o
        78          0          0          0          0        108   _printf_pad.o
         0          0          0          0          0          0   _printf_percent.o
         4          0          0          0          0          0   _printf_percent_end.o
         6          0          0          0          0          0   _printf_x.o
        22          0          0          0          0        100   _rserrno.o
        16          0          0          0          0         68   aeabi_memset.o
       220          4        148          0          0         96   bigflt0.o
      1910        128          0          0          0        672   btod.o
        12          0          0          0          0         72   exit.o
         8          0          0          0          0         68   ferror.o
         6          0          0          0          0        152   heapauxi.o
        44         10         28          0          0         76   lc_numeric_c.o
         2          0          0          0          0          0   libinit.o
        18          0          0          0          0          0   libinit2.o
         2          0          0          0          0          0   libshutdown.o
         2          0          0          0          0          0   libshutdown2.o
         8          4          0          0         96         68   libspace.o
        72          0          0          0          0         76   llsdiv.o
       138          0          0          0          0         80   lludiv10.o
       238          0          0          0          0        100   lludivv7m.o
        88          0          0          0          0         76   memcmp.o
        24          4          0          0          0         84   noretval__2printf.o
         8          4          0          0          0         68   rt_errno_addr_intlibspace.o
         8          4          0          0          0         68   rt_locale_intlibspace.o
        68          0          0          0          0         68   rt_memclr.o
        78          0          0          0          0         80   rt_memclr_w.o
         2          0          0          0          0          0   rtexit.o
        10          0          0          0          0          0   rtexit2.o
       128          0          0          0          0         68   strcmpv7m.o
        74          0          0          0          0         80   sys_stackheap_outer.o
         2          0          0          0          0         68   use_no_semi.o
         2          0          0          0          0         68   use_no_semi_2.o
        98          4          0          0          0         92   d2f.o
       826         16          0          0          0        348   daddsub_clz.o
        16          4          0          0          0         68   dcheck1.o
       688        140          0          0          0        208   ddiv.o
        94          4          0          0          0         92   dfix.o
        90          4          0          0          0         92   dfixu.o
        46          0          0          0          0         68   dflt_clz.o
       340         12          0          0          0        104   dmul.o
       156          4          0          0          0         92   dnaninf.o
        12          0          0          0          0         68   dretinf.o
       460         56          0          0          0        120   dsqrt_noumaal.o
        86          4          0          0          0         84   f2d.o
       430          8          0          0          0        168   faddsub_clz.o
        24          0          0          0          0         68   fcmpi.o
       388         76          0          0          0         96   fdiv.o
       104          4          0          0          0         84   feqf.o
        54          4          0          0          0         84   ffix.o
        62          4          0          0          0         84   ffixu.o
        86          0          0          0          0        136   fflt_clz.o
       104          4          0          0          0         84   fleqf.o
       258          4          0          0          0         84   fmul.o
       140          4          0          0          0         84   fnaninf.o
        10          0          0          0          0         68   fretinf.o
        98          0          0          0          0         68   frleqf.o
         4          0          0          0          0         68   printf1.o
       100          0          0          0          0         68   retnan.o
        92          0          0          0          0         68   scalbn.o
        48          0          0          0          0         68   trapv.o
         0          0          0          0          0          0   usenofp.o
       624         52         80          0          0        168   asin.o
       544         70        152          0          0        124   atan.o
       384         38          0          0          0        144   atan2.o
        38          6          0          0          0        272   dunder.o
        40          0          0          0          0         68   fpclassify.o
       170          0          0          0          0         96   poly.o
         0          0          8          0          0          0   qnan.o
        76          0          0          0          0         84   sqrt.o

    ----------------------------------------------------------------------
     12380        738        480          0        100       7208   Library Totals
        30          0          7          0          4          0   (incl. Padding)

    ----------------------------------------------------------------------

      Code (inc. data)   RO Data    RW Data    ZI Data      Debug   Library Name

      5560        216        233          0         96       3436   c_w.l
      4914        356          0          0          0       2816   fz_ws.l
      1876        166        240          0          0        956   m_ws.l

    ----------------------------------------------------------------------
     12380        738        480          0        100       7208   Library Totals

    ----------------------------------------------------------------------

==============================================================================


      Code (inc. data)   RO Data    RW Data    ZI Data      Debug   

     61186       2516       6110       1248       2136     448408   Grand Totals
     61186       2516       6110        472       2136     448408   ELF Image Totals (compressed)
     61186       2516       6110        472          0          0   ROM Totals

==============================================================================

    Total RO  Size (Code + RO Data)                67296 (  65.72kB)
    Total RW  Size (RW Data + ZI Data)              3384 (   3.30kB)
    Total ROM Size (Code + RO Data + RW Data)      67768 (  66.18kB)

==============================================================================

